#0 building with "default" instance using docker driver

#1 [internal] load build definition from Dockerfile
#1 transferring dockerfile: 1.03kB done
#1 DONE 0.0s

#2 [internal] load metadata for docker.io/library/alpine:3.20
#2 DONE 0.1s

#3 [internal] load metadata for docker.io/library/node:24-alpine
#3 DONE 2.0s

#4 [internal] load metadata for docker.io/library/golang:1.26-alpine
#4 DONE 2.1s

#5 [internal] load .dockerignore
#5 transferring context: 256B done
#5 DONE 0.0s

#6 [frontend 1/6] FROM docker.io/library/node:24-alpine@sha256:ebfe2f90462722a7a4de65e91990e97fe0d401c70e0e762c5b53302f905ec1c1
#6 resolve docker.io/library/node:24-alpine@sha256:ebfe2f90462722a7a4de65e91990e97fe0d401c70e0e762c5b53302f905ec1c1 0.0s done
#6 DONE 0.1s

#7 [build 1/9] FROM docker.io/library/golang:1.26-alpine@sha256:8ac98ca534ac3f51e1f420a1dd2c15e74c75cfa0f23f3ad27eb5d7236c349a0c
#7 resolve docker.io/library/golang:1.26-alpine@sha256:8ac98ca534ac3f51e1f420a1dd2c15e74c75cfa0f23f3ad27eb5d7236c349a0c 0.0s done
#7 DONE 0.1s

#8 [stage-2 1/5] FROM docker.io/library/alpine:3.20@sha256:d9e853e87e55526f6b2917df91a2115c36dd7c696a35be12163d44e6e2a4b6bc
#8 resolve docker.io/library/alpine:3.20@sha256:d9e853e87e55526f6b2917df91a2115c36dd7c696a35be12163d44e6e2a4b6bc 0.0s done
#8 DONE 0.1s

#9 [internal] load build context
#9 transferring context: 2.97MB 1.2s done
#9 DONE 1.3s

#10 [frontend 2/6] WORKDIR /web
#10 CACHED

#11 [frontend 3/6] COPY web/package.json web/package-lock.json ./
#11 CACHED

#12 [frontend 4/6] RUN --mount=type=cache,target=/root/.npm npm ci --no-audit --no-fund
#12 CACHED

#13 [build 2/9] WORKDIR /src
#13 CACHED

#14 [build 3/9] COPY go.mod go.sum ./
#14 CACHED

#15 [build 4/9] RUN --mount=type=cache,target=/go/pkg/mod go mod download
#15 CACHED

#16 [frontend 5/6] COPY web/ ./
#16 DONE 0.1s

#17 [build 5/9] COPY . .
#17 DONE 3.8s

#18 [frontend 6/6] RUN npm run build
#18 1.085 
#18 1.085 > iolink-admin-ui@0.1.0 build
#18 1.085 > vue-tsc -b && vite build
#18 1.085 
#18 4.589 vite v7.3.6 building client environment for production...
#18 4.642 transforming...
#18 5.998 node_modules/zod/v4/core/util.js (400:0): A comment
#18 5.998 
#18 5.998 "// Wrapped in a `@__PURE__` IIFE: esbuild never tree-shakes a top-level initializer that contains a member access on `Number`, so the bare object literal survived into every bundle."
#18 5.998 
#18 5.998 in "node_modules/zod/v4/core/util.js" contains an annotation that Rollup cannot interpret due to the position of the comment. The comment will be removed to avoid issues.
#18 5.999 node_modules/zod/v4/core/regexes.js (74:0): A comment
#18 5.999 
#18 5.999 "/** Anchors a pattern source. The interpolation lives here rather than at the call site because
#18 5.999  * esbuild will not drop a `@__PURE__` call whose own argument interpolates a variable, but it
#18 5.999  * will drop `anchor(dateSource)`. Keeping it inline pinned `date` into every bundle. */"
#18 5.999 
#18 5.999 in "node_modules/zod/v4/core/regexes.js" contains an annotation that Rollup cannot interpret due to the position of the comment. The comment will be removed to avoid issues.
#18 8.124 ✓ 1822 modules transformed.
#18 8.336 rendering chunks...
#18 8.586 computing gzip size...
#18 8.618 dist/index.html                                                             0.47 kB │ gzip:   0.33 kB
#18 8.618 dist/assets/ProductsView-DY-L-zJk.css                                       0.36 kB │ gzip:   0.23 kB
#18 8.618 dist/assets/TenantsView-DIE0iU0a.css                                        0.43 kB │ gzip:   0.25 kB
#18 8.618 dist/assets/SystemView-KY5Gry-X.css                                         0.43 kB │ gzip:   0.22 kB
#18 8.618 dist/assets/index-Hx3hHIF5.css                                            370.48 kB │ gzip:  50.86 kB
#18 8.618 dist/assets/metrics-mFZmf0P5.js                                             0.47 kB │ gzip:   0.33 kB
#18 8.618 dist/assets/PendingView-ghBQC_Pm.js                                         0.69 kB │ gzip:   0.54 kB
#18 8.618 dist/assets/MetricGrid.vue_vue_type_script_setup_true_lang-C8mabdhY.js      1.01 kB │ gzip:   0.61 kB
#18 8.618 dist/assets/APIKeyAuditView-CN5Wa_3b.js                                     1.26 kB │ gzip:   0.81 kB
#18 8.618 dist/assets/RegisterView-CdE8z_0x.js                                        2.17 kB │ gzip:   1.12 kB
#18 8.618 dist/assets/LoginView-Bk_58mMf.js                                           2.71 kB │ gzip:   1.59 kB
#18 8.618 dist/assets/AdminLayout-avyJJ4Ft.js                                         3.30 kB │ gzip:   1.65 kB
#18 8.618 dist/assets/SetupView-BVOA7bFP.js                                           3.46 kB │ gzip:   1.62 kB
#18 8.618 dist/assets/AlarmsView-D2OTY38u.js                                          4.69 kB │ gzip:   2.15 kB
#18 8.618 dist/assets/RulesView-CjVwFni6.js                                           4.95 kB │ gzip:   2.02 kB
#18 8.618 dist/assets/PondsView-DCgsQxND.js                                           5.52 kB │ gzip:   2.26 kB
#18 8.618 dist/assets/DevicesView-FeUnZZY_.js                                         5.85 kB │ gzip:   2.60 kB
#18 8.618 dist/assets/ProductsView-D2skTHEk.js                                        6.50 kB │ gzip:   2.53 kB
#18 8.618 dist/assets/DashboardView-BlrxMjNr.js                                       6.57 kB │ gzip:   2.65 kB
#18 8.618 dist/assets/TenantsView-CKwmy4Cd.js                                         7.79 kB │ gzip:   3.12 kB
#18 8.618 dist/assets/SystemView-CX0r9Zzi.js                                         10.62 kB │ gzip:   4.20 kB
#18 8.618 dist/assets/index-vUXz8iH4.js                                           1,199.84 kB │ gzip: 392.54 kB
#18 8.618 
#18 8.618 (!) Some chunks are larger than 500 kB after minification. Consider:
#18 8.618 - Using dynamic import() to code-split the application
#18 8.618 - Use build.rollupOptions.output.manualChunks to improve chunking: https://rollupjs.org/configuration-options/#output-manualchunks
#18 8.618 - Adjust chunk size limit for this warning via build.chunkSizeWarningLimit.
#18 8.618 ✓ built in 4.01s
#18 8.703 npm notice
#18 8.703 npm notice New major version of npm available! 11.19.0 -> 12.2.0
#18 8.703 npm notice Changelog: https://github.com/npm/cli/releases/tag/v12.2.0
#18 8.703 npm notice To update run: npm install -g npm@12.2.0
#18 8.703 npm notice
#18 DONE 8.7s

#19 [build 6/9] COPY --from=frontend /web/dist ./web/dist
#19 DONE 0.1s

#20 [build 7/9] RUN sh scripts/embed-frontend.sh
#20 DONE 0.2s

#21 [build 8/9] RUN --mount=type=cache,target=/go/pkg/mod --mount=type=cache,target=/root/.cache/go-build CGO_ENABLED=0 go build -ldflags="-s -w" -o /out/iolinkd ./cmd/iolinkd
#21 DONE 1.8s

#22 [build 9/9] RUN --mount=type=cache,target=/go/pkg/mod --mount=type=cache,target=/root/.cache/go-build CGO_ENABLED=0 go build -ldflags="-s -w" -o /out/mqtt-sim ./cmd/mqtt-sim
#22 DONE 0.3s

#23 [stage-2 2/5] RUN apk add --no-cache ca-certificates tzdata wget
#23 CACHED

#24 [stage-2 3/5] WORKDIR /app
#24 CACHED

#25 [stage-2 4/5] COPY --from=build /out/iolinkd /app/iolinkd
#25 DONE 0.1s

#26 [stage-2 5/5] COPY --from=build /out/mqtt-sim /app/mqtt-sim
#26 DONE 0.0s

#27 exporting to image
#27 exporting layers
#27 exporting layers 0.6s done
#27 exporting manifest sha256:851d76a56e67df56e6fde565923460ad8f4bb26f8ecf5988365275fdf2aeb77d 0.0s done
#27 exporting config sha256:ead891ef6a3bd738eed0de372736b16ea1323c46757bda6b0405fa3980ee1a43 0.0s done
#27 exporting attestation manifest sha256:67a7ab69f9e6401b5dd326626c42ad89828eb7c3b7e0304ab1af04ec976ce585 0.0s done
#27 exporting manifest list sha256:90b6d92271dd7269b7f72d3a5b84c6da8944a3c998267f95b43ffb60c50310f1 0.0s done
#27 naming to docker.io/local/iolink-platform-console:smoke done
#27 unpacking to docker.io/local/iolink-platform-console:smoke 0.1s done
#27 DONE 0.8s
