=== RUN   TestM2OwnershipLifecycleAndTokenRevocation
2026/10/08 23:12:42 INFO http request request_id=QKGJKWVBBAWYLLCPEKPC5Q3REN route=/admin/v1/login method=POST status=200 duration_ms=167 tenant_id=0 actor_id=0
2026/10/08 23:12:42 INFO http request request_id=LS3TPM6RY2AK4HPDX7LAK7YZSV route=/admin/v1/password method=POST status=204 duration_ms=280 tenant_id=0 actor_id=0
2026/10/08 23:12:42 WARN http request request_id=NWP5RJ5MXRZVSYM4JXYRA6E5DD route=/admin/v1/stats method=GET status=401 duration_ms=0 tenant_id=0 actor_id=0
--- PASS: TestM2OwnershipLifecycleAndTokenRevocation (1.50s)
=== RUN   TestPlatformConsoleOnboardingAndIsolation
--- PASS: TestPlatformConsoleOnboardingAndIsolation (1.48s)
=== RUN   TestCLISetupCreatesOnlyPlatformAdmin
--- PASS: TestCLISetupCreatesOnlyPlatformAdmin (0.48s)
PASS
ok  	git.hyhy.fun/rsplab/iolink/internal/core	4.538s
=== RUN   TestM6bLegacyPlatformOwnerBusinessBoundary
2026/10/08 23:12:42 INFO http request request_id=EMATPFCCR6NCQOGK7JHZVDPJVG route=/admin/v1/login method=POST status=200 duration_ms=174 tenant_id=0 actor_id=0
    platform_owner_test.go:57: POST /admin/v1/login status=200 expected=200
2026/10/08 23:12:42 WARN http request request_id=4IYSIULQGISWNFUSGIERVH36HM route=/admin/v1/farms method=GET status=403 duration_ms=1 tenant_id=0 actor_id=0
    platform_owner_test.go:58: GET /admin/v1/farms status=403 expected=403
    platform_owner_test.go:66: migration platform memberships=0 reconciliation=1 legacy farm/owner preserved=1
2026/10/08 23:12:42 INFO http request request_id=OUT4GWUXXXDALGLL25EDNK4VVD route=/admin/v1/login method=POST status=200 duration_ms=149 tenant_id=0 actor_id=0
    platform_owner_test.go:67: POST /admin/v1/login status=200 expected=200
2026/10/08 23:12:42 INFO http request request_id=BDYAJQPLQVK44NRCD2VLEG37JK route=/admin/v1/farms method=GET status=200 duration_ms=2 tenant_id=1 actor_id=9202
    platform_owner_test.go:69: GET /admin/v1/farms status=200 expected=200
2026/10/08 23:12:42 INFO http request request_id=4RPUW72THZJIRGH3NJJNCO4Y5T route=/admin/v1/login method=POST status=200 duration_ms=143 tenant_id=0 actor_id=0
    platform_owner_test.go:92: POST /admin/v1/login status=200 expected=200
2026/10/08 23:12:42 INFO http request request_id=W635RERKN5S5WQ44QPECIGPSXT route=/admin/v1/farms method=GET status=200 duration_ms=2 tenant_id=1 actor_id=9201
    platform_owner_test.go:93: GET /admin/v1/farms status=200 expected=200
2026/10/08 23:12:42 WARN http request request_id=CUH5NDDJQY3HS5KCTV6XZU6ZG5 route=/admin/v1/farms method=GET status=401 duration_ms=0 tenant_id=0 actor_id=0
    platform_owner_test.go:100: GET /admin/v1/farms status=401 expected=401
2026/10/08 23:12:42 INFO http request request_id=KCMTOLEHNAE73CT2TWL2S7B55Q route=/admin/v1/login method=POST status=200 duration_ms=137 tenant_id=0 actor_id=0
    platform_owner_test.go:101: POST /admin/v1/login status=200 expected=200
2026/10/08 23:12:42 WARN http request request_id=46BOGFKYPWNBF3CCSRDEI3R33B route=/admin/v1/farms method=GET status=403 duration_ms=1 tenant_id=0 actor_id=0
    platform_owner_test.go:102: GET /admin/v1/farms status=403 expected=403
2026/10/08 23:12:42 INFO http request request_id=PXJYQ3WXZS3HANWNWBZ7S2FVWS route=/admin/v1/login method=POST status=200 duration_ms=139 tenant_id=0 actor_id=0
    platform_owner_test.go:106: POST /admin/v1/login status=200 expected=200
2026/10/08 23:12:42 WARN http request request_id=SFGMB4BPAFPFKLLX7LXFAL3DSE route=/admin/v1/farms method=GET status=401 duration_ms=0 tenant_id=0 actor_id=0
    platform_owner_test.go:110: GET /admin/v1/farms status=401 expected=401
--- PASS: TestM6bLegacyPlatformOwnerBusinessBoundary (1.57s)
PASS
ok  	git.hyhy.fun/rsplab/iolink/internal/migrate	2.626s
=== RUN   TestSetupInputValidatePasswordPolicy
=== RUN   TestSetupInputValidatePasswordPolicy/letter_and_symbol
=== RUN   TestSetupInputValidatePasswordPolicy/letter_only
=== RUN   TestSetupInputValidatePasswordPolicy/non-letter_only
=== RUN   TestSetupInputValidatePasswordPolicy/too_short
=== RUN   TestSetupInputValidatePasswordPolicy/surrounding_whitespace
--- PASS: TestSetupInputValidatePasswordPolicy (0.00s)
    --- PASS: TestSetupInputValidatePasswordPolicy/letter_and_symbol (0.00s)
    --- PASS: TestSetupInputValidatePasswordPolicy/letter_only (0.00s)
    --- PASS: TestSetupInputValidatePasswordPolicy/non-letter_only (0.00s)
    --- PASS: TestSetupInputValidatePasswordPolicy/too_short (0.00s)
    --- PASS: TestSetupInputValidatePasswordPolicy/surrounding_whitespace (0.00s)
=== RUN   TestSetupInputRequiresPlatformUsername
--- PASS: TestSetupInputRequiresPlatformUsername (0.00s)
PASS
ok  	git.hyhy.fun/rsplab/iolink/internal/platform	1.015s
=== RUN   TestSetupCLI_auditsMalformedInputWithoutPartialAccounts
{"time":"2026-10-08T23:12:41.981330184+08:00","level":"ERROR","msg":"iolinkd operation failed","stage":"process","err":"*errors.joinError"}
--- PASS: TestSetupCLI_auditsMalformedInputWithoutPartialAccounts (0.95s)
=== RUN   TestSetupCLI_rollsBackAccountsAndReportsAuditFailure
=== RUN   TestSetupCLI_rollsBackAccountsAndReportsAuditFailure/setup.initialized
{"time":"2026-10-08T23:12:43.075007705+08:00","level":"ERROR","msg":"iolinkd operation failed","stage":"process","err":"postgres_P0001"}
=== RUN   TestSetupCLI_rollsBackAccountsAndReportsAuditFailure/setup.init_rejected
{"time":"2026-10-08T23:12:43.729002693+08:00","level":"ERROR","msg":"iolinkd operation failed","stage":"process","err":"postgres_P0001"}
--- PASS: TestSetupCLI_rollsBackAccountsAndReportsAuditFailure (1.35s)
    --- PASS: TestSetupCLI_rollsBackAccountsAndReportsAuditFailure/setup.initialized (0.90s)
    --- PASS: TestSetupCLI_rollsBackAccountsAndReportsAuditFailure/setup.init_rejected (0.45s)
PASS
ok  	git.hyhy.fun/rsplab/iolink/cmd/iolinkd	3.345s
=== RUN   TestPlatformAdminCanReadAndImportLicense
2026/10/08 23:12:41 INFO http request request_id=XGSLYMY4JOTA5HO2CHVCISJMFA route=/admin/v1/login method=POST status=200 duration_ms=157 tenant_id=0 actor_id=0
2026/10/08 23:12:41 INFO http request request_id=535WLFL6O25LQPQXL62F7GVYCG route=/admin/v1/license method=GET status=200 duration_ms=0 tenant_id=7 actor_id=9
2026/10/08 23:12:41 INFO http request request_id=2GKFGLYAMFYNP42E3NTD3E2N3M route=/admin/v1/license method=POST status=204 duration_ms=0 tenant_id=7 actor_id=9
--- PASS: TestPlatformAdminCanReadAndImportLicense (0.32s)
=== RUN   TestPlatformAdminCanGrantTenantMembership
2026/10/08 23:12:42 INFO http request request_id=BWMEHBKI5DLFPWC5SPBX2Y47RP route=/admin/v1/login method=POST status=200 duration_ms=137 tenant_id=0 actor_id=0
2026/10/08 23:12:42 INFO http request request_id=DUFWOMS5FKT5XXKJAMETKCODZU route=/admin/v1/tenants/:id/members/:user_id method=PUT status=204 duration_ms=0 tenant_id=7 actor_id=9
--- PASS: TestPlatformAdminCanGrantTenantMembership (0.28s)
=== RUN   TestPlatformAdminCanLoginAfterTenantMembershipExpires
2026/10/08 23:12:42 INFO http request request_id=77AXWHKCLN47VRNUUEU4Q2KCRE route=/admin/v1/login method=POST status=200 duration_ms=147 tenant_id=0 actor_id=0
2026/10/08 23:12:42 INFO http request request_id=USCN2BLIRTJTCJZS2NEKQ65NFM route=/admin/v1/tenants/:id/status method=PUT status=204 duration_ms=0 tenant_id=0 actor_id=0
--- PASS: TestPlatformAdminCanLoginAfterTenantMembershipExpires (0.29s)
PASS
ok  	git.hyhy.fun/rsplab/iolink/internal/adminapi	1.946s
