go build ./...
go vet ./...
go test -race -shuffle=on ./... -count=1
ok  	git.hyhy.fun/rsplab/iolink/cmd/iolinkd	1.038s
ok  	git.hyhy.fun/rsplab/iolink/cmd/license-sign	1.270s
?   	git.hyhy.fun/rsplab/iolink/cmd/mqtt-once	[no test files]
?   	git.hyhy.fun/rsplab/iolink/cmd/mqtt-sim	[no test files]
?   	git.hyhy.fun/rsplab/iolink/cmd/offline-sbom	[no test files]
?   	git.hyhy.fun/rsplab/iolink/cmd/tp-spike-pub	[no test files]
ok  	git.hyhy.fun/rsplab/iolink/internal/access	1.023s
ok  	git.hyhy.fun/rsplab/iolink/internal/adminapi	9.769s
ok  	git.hyhy.fun/rsplab/iolink/internal/appapi	1.051s
ok  	git.hyhy.fun/rsplab/iolink/internal/authorization	1.016s
ok  	git.hyhy.fun/rsplab/iolink/internal/core	1.042s
ok  	git.hyhy.fun/rsplab/iolink/internal/domain	1.013s
?   	git.hyhy.fun/rsplab/iolink/internal/event	[no test files]
ok  	git.hyhy.fun/rsplab/iolink/internal/ingestion	1.020s
ok  	git.hyhy.fun/rsplab/iolink/internal/license	33.029s
ok  	git.hyhy.fun/rsplab/iolink/internal/migrate	1.036s
ok  	git.hyhy.fun/rsplab/iolink/internal/notifications	1.020s
ok  	git.hyhy.fun/rsplab/iolink/internal/observability	1.480s
ok  	git.hyhy.fun/rsplab/iolink/internal/openapi	1.145s
ok  	git.hyhy.fun/rsplab/iolink/internal/operations	1.025s
ok  	git.hyhy.fun/rsplab/iolink/internal/persistence	1.018s
ok  	git.hyhy.fun/rsplab/iolink/internal/platform	1.660s
ok  	git.hyhy.fun/rsplab/iolink/internal/setupapi	1.029s
?   	git.hyhy.fun/rsplab/iolink/internal/testdb	[no test files]
?   	git.hyhy.fun/rsplab/iolink/internal/web	[no test files]
ok  	git.hyhy.fun/rsplab/iolink/internal/wechat	1.017s
?   	git.hyhy.fun/rsplab/iolink/internal/wire	[no test files]
