 Volume iolink-websetup-verify_pgdata Creating 
 Volume iolink-websetup-verify_pgdata Creating 
 Network iolink-websetup-verify-net Creating 
 Network iolink-websetup-verify-net Creating 
 Volume iolink-websetup-verify_pgdata Created 
 Volume iolink-websetup-verify_pgdata Created 
 Network iolink-websetup-verify-net Created 
 Network iolink-websetup-verify-net Created 
 Container iolink-websetup-verify-db-1 Creating 
 Container iolink-websetup-verify-db-1 Created 
 Container iolink-websetup-verify-iolinkd-1 Creating 
 Container iolink-websetup-verify-iolinkd-1 Created 
 Container iolink-websetup-verify-db-1 Starting 
 Container iolink-websetup-verify-db-1 Started 
 Container iolink-websetup-verify-db-1 Waiting 
 Container iolink-websetup-verify-db-1 Healthy 
 Container iolink-websetup-verify-iolinkd-1 Starting 
 Container iolink-websetup-verify-iolinkd-1 Started 
 Container iolink-websetup-verify-db-1 Waiting 
 Container iolink-websetup-verify-iolinkd-1 Waiting 
 Container iolink-websetup-verify-db-1 Healthy 
 Container iolink-websetup-verify-iolinkd-1 Healthy 
