#0 building with "default" instance using docker driver

#1 [internal] load build definition from Dockerfile
#1 transferring dockerfile: 1.03kB done
#1 DONE 0.0s

#2 [internal] load metadata for docker.io/library/alpine:3.20
#2 DONE 0.0s

#3 [internal] load metadata for docker.io/library/golang:1.26-alpine
#3 DONE 2.2s

#4 [internal] load metadata for docker.io/library/node:24-alpine
#4 DONE 2.2s

#5 [internal] load .dockerignore
#5 transferring context: 256B done
#5 DONE 0.0s

#6 [stage-2 1/5] FROM docker.io/library/alpine:3.20@sha256:d9e853e87e55526f6b2917df91a2115c36dd7c696a35be12163d44e6e2a4b6bc
#6 resolve docker.io/library/alpine:3.20@sha256:d9e853e87e55526f6b2917df91a2115c36dd7c696a35be12163d44e6e2a4b6bc 0.0s done
#6 DONE 0.0s

#7 [build 1/9] FROM docker.io/library/golang:1.26-alpine@sha256:8ac98ca534ac3f51e1f420a1dd2c15e74c75cfa0f23f3ad27eb5d7236c349a0c
#7 resolve docker.io/library/golang:1.26-alpine@sha256:8ac98ca534ac3f51e1f420a1dd2c15e74c75cfa0f23f3ad27eb5d7236c349a0c 0.0s done
#7 DONE 0.1s

#8 [frontend 1/6] FROM docker.io/library/node:24-alpine@sha256:ebfe2f90462722a7a4de65e91990e97fe0d401c70e0e762c5b53302f905ec1c1
#8 resolve docker.io/library/node:24-alpine@sha256:ebfe2f90462722a7a4de65e91990e97fe0d401c70e0e762c5b53302f905ec1c1 0.0s done
#8 DONE 0.1s

#9 [internal] load build context
#9 transferring context: 2.60MB 0.2s done
#9 DONE 0.2s

#10 [frontend 2/6] WORKDIR /web
#10 CACHED

#11 [frontend 3/6] COPY web/package.json web/package-lock.json ./
#11 CACHED

#12 [frontend 4/6] RUN --mount=type=cache,target=/root/.npm npm ci --no-audit --no-fund
#12 CACHED

#13 [build 2/9] WORKDIR /src
#13 CACHED

#14 [build 3/9] COPY go.mod go.sum ./
#14 CACHED

#15 [build 4/9] RUN --mount=type=cache,target=/go/pkg/mod go mod download
#15 CACHED

#16 [frontend 5/6] COPY web/ ./
#16 DONE 0.1s

#17 [frontend 6/6] RUN npm run build
#17 0.968 
#17 0.968 > iolink-admin-ui@0.1.0 build
#17 0.968 > vue-tsc -b && vite build
#17 0.968 
#17 ...

#18 [build 5/9] COPY . .
#18 DONE 4.0s

#17 [frontend 6/6] RUN npm run build
#17 4.937 vite v7.3.6 building client environment for production...
#17 5.003 transforming...
#17 6.556 node_modules/zod/v4/core/util.js (400:0): A comment
#17 6.556 
#17 6.556 "// Wrapped in a `@__PURE__` IIFE: esbuild never tree-shakes a top-level initializer that contains a member access on `Number`, so the bare object literal survived into every bundle."
#17 6.556 
#17 6.556 in "node_modules/zod/v4/core/util.js" contains an annotation that Rollup cannot interpret due to the position of the comment. The comment will be removed to avoid issues.
#17 6.557 node_modules/zod/v4/core/regexes.js (74:0): A comment
#17 6.557 
#17 6.557 "/** Anchors a pattern source. The interpolation lives here rather than at the call site because
#17 6.557  * esbuild will not drop a `@__PURE__` call whose own argument interpolates a variable, but it
#17 6.557  * will drop `anchor(dateSource)`. Keeping it inline pinned `date` into every bundle. */"
#17 6.557 
#17 6.557 in "node_modules/zod/v4/core/regexes.js" contains an annotation that Rollup cannot interpret due to the position of the comment. The comment will be removed to avoid issues.
#17 9.050 ✓ 1817 modules transformed.
#17 9.296 rendering chunks...
#17 9.589 computing gzip size...
#17 9.624 dist/index.html                                                             0.47 kB │ gzip:   0.33 kB
#17 9.624 dist/assets/ProductsView-DY-L-zJk.css                                       0.36 kB │ gzip:   0.23 kB
#17 9.624 dist/assets/TenantsView-CthDnldy.css                                        0.43 kB │ gzip:   0.25 kB
#17 9.624 dist/assets/SystemView-DXSp833N.css                                         0.43 kB │ gzip:   0.23 kB
#17 9.624 dist/assets/index-Hx3hHIF5.css                                            370.48 kB │ gzip:  50.86 kB
#17 9.624 dist/assets/metrics-mFZmf0P5.js                                             0.47 kB │ gzip:   0.33 kB
#17 9.624 dist/assets/MetricGrid.vue_vue_type_script_setup_true_lang-DbkY7Pgx.js      1.01 kB │ gzip:   0.61 kB
#17 9.624 dist/assets/APIKeyAuditView-CO6LY1zv.js                                     1.26 kB │ gzip:   0.81 kB
#17 9.624 dist/assets/LoginView-CoT4uIpU.js                                           2.59 kB │ gzip:   1.53 kB
#17 9.624 dist/assets/AdminLayout-88yZCF9v.js                                         2.88 kB │ gzip:   1.53 kB
#17 9.624 dist/assets/SetupView-BGHngQ7s.js                                           3.46 kB │ gzip:   1.61 kB
#17 9.624 dist/assets/DashboardView-Cdkv-bI0.js                                       4.24 kB │ gzip:   2.01 kB
#17 9.624 dist/assets/TenantsView-DO9a8_1I.js                                         4.69 kB │ gzip:   2.21 kB
#17 9.624 dist/assets/AlarmsView-fa1Ttepw.js                                          4.69 kB │ gzip:   2.15 kB
#17 9.624 dist/assets/RulesView-3-uQbF2p.js                                           4.95 kB │ gzip:   2.02 kB
#17 9.624 dist/assets/PondsView-B3A_nvmh.js                                           5.52 kB │ gzip:   2.26 kB
#17 9.624 dist/assets/DevicesView-Bxwn8Ggn.js                                         5.85 kB │ gzip:   2.59 kB
#17 9.624 dist/assets/ProductsView-DTLgfP8P.js                                        6.50 kB │ gzip:   2.53 kB
#17 9.624 dist/assets/SystemView-MkudwERa.js                                         10.37 kB │ gzip:   4.08 kB
#17 9.624 dist/assets/index-CdEdfkrK.js                                           1,197.24 kB │ gzip: 391.93 kB
#17 9.624 
#17 9.624 (!) Some chunks are larger than 500 kB after minification. Consider:
#17 9.624 - Using dynamic import() to code-split the application
#17 9.624 - Use build.rollupOptions.output.manualChunks to improve chunking: https://rollupjs.org/configuration-options/#output-manualchunks
#17 9.624 - Adjust chunk size limit for this warning via build.chunkSizeWarningLimit.
#17 9.624 ✓ built in 4.66s
#17 9.719 npm notice
#17 9.719 npm notice New major version of npm available! 11.19.0 -> 12.2.0
#17 9.719 npm notice Changelog: https://github.com/npm/cli/releases/tag/v12.2.0
#17 9.719 npm notice To update run: npm install -g npm@12.2.0
#17 9.719 npm notice
#17 DONE 9.8s

#19 [build 6/9] COPY --from=frontend /web/dist ./web/dist
#19 DONE 0.1s

#20 [build 7/9] RUN sh scripts/embed-frontend.sh
#20 DONE 0.2s

#21 [build 8/9] RUN --mount=type=cache,target=/go/pkg/mod --mount=type=cache,target=/root/.cache/go-build CGO_ENABLED=0 go build -ldflags="-s -w" -o /out/iolinkd ./cmd/iolinkd
#21 DONE 2.3s

#22 [build 9/9] RUN --mount=type=cache,target=/go/pkg/mod --mount=type=cache,target=/root/.cache/go-build CGO_ENABLED=0 go build -ldflags="-s -w" -o /out/mqtt-sim ./cmd/mqtt-sim
#22 DONE 0.4s

#23 [stage-2 2/5] RUN apk add --no-cache ca-certificates tzdata wget
#23 CACHED

#24 [stage-2 3/5] WORKDIR /app
#24 CACHED

#25 [stage-2 4/5] COPY --from=build /out/iolinkd /app/iolinkd
#25 DONE 0.1s

#26 [stage-2 5/5] COPY --from=build /out/mqtt-sim /app/mqtt-sim
#26 DONE 0.1s

#27 exporting to image
#27 exporting layers
#27 exporting layers 0.7s done
#27 exporting manifest sha256:f0f53e8b25a3424084e4c1d9ea7d57ba5616b2da1a0ab41c418cebe19e131c31 0.0s done
#27 exporting config sha256:8a6e3f9a07a483e2272b0c50d591fd1006e26f0ce0834be86f4e4dad3ee4da81 0.0s done
#27 exporting attestation manifest sha256:1d6a49cc317f7c24ca26e6e9aea628d20fc2fffa10f42e36d99b4bbcd6291423 0.0s done
#27 exporting manifest list sha256:e2c78175d2c1e20d1d21d253bc8924316e938988e2139a857923dc7f707acd3b 0.0s done
#27 naming to docker.io/library/iolink-websetup:local 0.0s done
#27 unpacking to docker.io/library/iolink-websetup:local
#27 unpacking to docker.io/library/iolink-websetup:local 0.1s done
#27 DONE 0.9s
