Environment: dedicated iolink-todo9-pg PG16/TimescaleDB 2.30.0; DSN set in memory, omitted
Command: IOLINK_TEST_PG_DSN=<isolated> GIN_MODE=release make verify
go build ./...
go vet ./...
go test -race -shuffle=on ./... -count=1
ok  	git.hyhy.fun/rsplab/iolink/cmd/iolinkd	5.128s
ok  	git.hyhy.fun/rsplab/iolink/cmd/license-sign	1.428s
?   	git.hyhy.fun/rsplab/iolink/cmd/mqtt-once	[no test files]
?   	git.hyhy.fun/rsplab/iolink/cmd/mqtt-sim	[no test files]
?   	git.hyhy.fun/rsplab/iolink/cmd/offline-sbom	[no test files]
?   	git.hyhy.fun/rsplab/iolink/cmd/tp-spike-pub	[no test files]
ok  	git.hyhy.fun/rsplab/iolink/internal/access	1.024s
ok  	git.hyhy.fun/rsplab/iolink/internal/adminapi	10.327s
ok  	git.hyhy.fun/rsplab/iolink/internal/appapi	1.060s
ok  	git.hyhy.fun/rsplab/iolink/internal/authorization	1.016s
ok  	git.hyhy.fun/rsplab/iolink/internal/core	83.535s
ok  	git.hyhy.fun/rsplab/iolink/internal/domain	1.016s
?   	git.hyhy.fun/rsplab/iolink/internal/event	[no test files]
ok  	git.hyhy.fun/rsplab/iolink/internal/ingestion	2.210s
ok  	git.hyhy.fun/rsplab/iolink/internal/license	27.523s
ok  	git.hyhy.fun/rsplab/iolink/internal/migrate	11.045s
ok  	git.hyhy.fun/rsplab/iolink/internal/notifications	7.617s
ok  	git.hyhy.fun/rsplab/iolink/internal/observability	1.544s
ok  	git.hyhy.fun/rsplab/iolink/internal/openapi	1.178s
ok  	git.hyhy.fun/rsplab/iolink/internal/operations	1.047s
ok  	git.hyhy.fun/rsplab/iolink/internal/persistence	2.692s
ok  	git.hyhy.fun/rsplab/iolink/internal/platform	1.704s
ok  	git.hyhy.fun/rsplab/iolink/internal/setupapi	5.284s
?   	git.hyhy.fun/rsplab/iolink/internal/testdb	[no test files]
?   	git.hyhy.fun/rsplab/iolink/internal/web	[no test files]
ok  	git.hyhy.fun/rsplab/iolink/internal/wechat	1.022s
?   	git.hyhy.fun/rsplab/iolink/internal/wire	[no test files]

EXIT 0
