$ make verify
go build ./...
go vet ./...
go test -race -shuffle=on ./... -count=1
ok  	git.hyhy.fun/rsplab/iolink/cmd/iolinkd	1.065s
?   	git.hyhy.fun/rsplab/iolink/cmd/mqtt-once	[no test files]
?   	git.hyhy.fun/rsplab/iolink/cmd/mqtt-sim	[no test files]
?   	git.hyhy.fun/rsplab/iolink/cmd/tp-spike-pub	[no test files]
ok  	git.hyhy.fun/rsplab/iolink/internal/access	1.027s
ok  	git.hyhy.fun/rsplab/iolink/internal/adminapi	6.347s
ok  	git.hyhy.fun/rsplab/iolink/internal/appapi	1.076s
ok  	git.hyhy.fun/rsplab/iolink/internal/authorization	1.018s
ok  	git.hyhy.fun/rsplab/iolink/internal/core	68.513s
ok  	git.hyhy.fun/rsplab/iolink/internal/domain	1.017s
?   	git.hyhy.fun/rsplab/iolink/internal/event	[no test files]
ok  	git.hyhy.fun/rsplab/iolink/internal/ingestion	2.046s
ok  	git.hyhy.fun/rsplab/iolink/internal/migrate	10.189s
ok  	git.hyhy.fun/rsplab/iolink/internal/notifications	7.489s
ok  	git.hyhy.fun/rsplab/iolink/internal/observability	1.670s
ok  	git.hyhy.fun/rsplab/iolink/internal/operations	1.058s
ok  	git.hyhy.fun/rsplab/iolink/internal/persistence	1.690s
ok  	git.hyhy.fun/rsplab/iolink/internal/platform	1.804s
?   	git.hyhy.fun/rsplab/iolink/internal/testdb	[no test files]
?   	git.hyhy.fun/rsplab/iolink/internal/web	[no test files]
ok  	git.hyhy.fun/rsplab/iolink/internal/wechat	1.024s
?   	git.hyhy.fun/rsplab/iolink/internal/wire	[no test files]

EXIT 0
