
> iolink-admin-ui@0.1.0 build
> vue-tsc -b && vite build

vite v7.3.6 building client environment for production...
transforming...
✓ 1825 modules transformed.
rendering chunks...
computing gzip size...
dist/index.html                                                               0.47 kB │ gzip:   0.33 kB
dist/assets/TenantsView-DJ6UQSNI.css                                          0.43 kB │ gzip:   0.25 kB
dist/assets/SystemView-KY5Gry-X.css                                           0.43 kB │ gzip:   0.22 kB
dist/assets/index-e2qwU9HM.css                                              376.12 kB │ gzip:  51.75 kB
dist/assets/tenantPermissions-DnsNwpzs.js                                     0.22 kB │ gzip:   0.21 kB
dist/assets/VersionLabel.vue_vue_type_script_setup_true_lang-CJUzct4D.js      0.24 kB │ gzip:   0.22 kB
dist/assets/metrics-mFZmf0P5.js                                               0.47 kB │ gzip:   0.33 kB
dist/assets/StatusBadge.vue_vue_type_script_setup_true_lang-DA_NmONL.js       0.48 kB │ gzip:   0.35 kB
dist/assets/PendingView-DPIawBLk.js                                           0.69 kB │ gzip:   0.54 kB
dist/assets/MetricGrid.vue_vue_type_script_setup_true_lang-CdmpP4Xc.js        1.03 kB │ gzip:   0.63 kB
dist/assets/APIKeyAuditView-DvegbeX8.js                                       1.26 kB │ gzip:   0.81 kB
dist/assets/RegisterView-Bs_xuhYC.js                                          2.27 kB │ gzip:   1.19 kB
dist/assets/LoginView-BSpZ8eCH.js                                             2.81 kB │ gzip:   1.65 kB
dist/assets/AdminLayout-DKr3Cv3l.js                                           3.39 kB │ gzip:   1.70 kB
dist/assets/SetupView-q7PbQ8m-.js                                             3.56 kB │ gzip:   1.69 kB
dist/assets/AlarmsView-CqeW1O5p.js                                            4.93 kB │ gzip:   2.25 kB
dist/assets/RulesView-BPKS3XNz.js                                             5.28 kB │ gzip:   2.15 kB
dist/assets/PondsView-Y7CUe-l9.js                                             5.98 kB │ gzip:   2.40 kB
dist/assets/DashboardView-4NkZQCPW.js                                         6.65 kB │ gzip:   2.68 kB
dist/assets/TenantsView-BLDpPv9P.js                                           7.88 kB │ gzip:   3.15 kB
dist/assets/SystemView-DndW4ZqJ.js                                           10.62 kB │ gzip:   4.20 kB
dist/assets/DevicesView-DYd_Gd-V.js                                          15.15 kB │ gzip:   5.21 kB
dist/assets/ProductsView-WViWoD7R.js                                         16.98 kB │ gzip:   5.59 kB
dist/assets/index-CSJlV_98.js                                             1,201.14 kB │ gzip: 393.00 kB
✓ built in 5.26s
