
> iolink-admin-ui@0.1.0 build
> vue-tsc -b && vite build

vite v7.3.6 building client environment for production...
transforming...
node_modules/zod/v4/core/util.js (400:0): A comment

"// Wrapped in a `@__PURE__` IIFE: esbuild never tree-shakes a top-level initializer that contains a member access on `Number`, so the bare object literal survived into every bundle."

in "node_modules/zod/v4/core/util.js" contains an annotation that Rollup cannot interpret due to the position of the comment. The comment will be removed to avoid issues.
node_modules/zod/v4/core/regexes.js (74:0): A comment

"/** Anchors a pattern source. The interpolation lives here rather than at the call site because
 * esbuild will not drop a `@__PURE__` call whose own argument interpolates a variable, but it
 * will drop `anchor(dateSource)`. Keeping it inline pinned `date` into every bundle. */"

in "node_modules/zod/v4/core/regexes.js" contains an annotation that Rollup cannot interpret due to the position of the comment. The comment will be removed to avoid issues.
✓ 1810 modules transformed.
rendering chunks...
computing gzip size...
dist/index.html                                                             0.47 kB │ gzip:   0.33 kB
dist/assets/ProductsView-DY-L-zJk.css                                       0.36 kB │ gzip:   0.23 kB
dist/assets/TenantsView-CthDnldy.css                                        0.43 kB │ gzip:   0.25 kB
dist/assets/SystemView-DScyJkzV.css                                         0.43 kB │ gzip:   0.22 kB
dist/assets/index-D6CmpLJq.css                                            369.56 kB │ gzip:  50.66 kB
dist/assets/metrics-mFZmf0P5.js                                             0.47 kB │ gzip:   0.33 kB
dist/assets/MetricGrid.vue_vue_type_script_setup_true_lang-BaPlMPYJ.js      1.01 kB │ gzip:   0.61 kB
dist/assets/LoginView-BQcAYzBu.js                                           2.59 kB │ gzip:   1.53 kB
dist/assets/AdminLayout-TgM-zApy.js                                         2.81 kB │ gzip:   1.49 kB
dist/assets/DashboardView-hmt9v8e3.js                                       4.23 kB │ gzip:   2.01 kB
dist/assets/TenantsView-igxpADne.js                                         4.69 kB │ gzip:   2.21 kB
dist/assets/AlarmsView-CyNXbrt0.js                                          4.69 kB │ gzip:   2.15 kB
dist/assets/RulesView-B_jCuG2W.js                                           4.94 kB │ gzip:   2.02 kB
dist/assets/PondsView-BAC-PSJB.js                                           5.51 kB │ gzip:   2.26 kB
dist/assets/SystemView-fOpIkvwb.js                                          5.71 kB │ gzip:   2.53 kB
dist/assets/DevicesView-DV-u77s5.js                                         5.85 kB │ gzip:   2.59 kB
dist/assets/ProductsView-LiKp7QFQ.js                                        6.50 kB │ gzip:   2.52 kB
dist/assets/index-DqSSulF8.js                                           1,188.47 kB │ gzip: 389.46 kB

(!) Some chunks are larger than 500 kB after minification. Consider:
- Using dynamic import() to code-split the application
- Use build.rollupOptions.output.manualChunks to improve chunking: https://rollupjs.org/configuration-options/#output-manualchunks
- Adjust chunk size limit for this warning via build.chunkSizeWarningLimit.
✓ built in 3.64s
