-test.shuffle 1791019508768533102
=== RUN   TestCLIHelpAndInvalidCommand
--- PASS: TestCLIHelpAndInvalidCommand (0.00s)
=== RUN   TestUnknownAPIDoesNotServeSPA
--- PASS: TestUnknownAPIDoesNotServeSPA (0.00s)
=== RUN   TestProductionMuxMountsBothApplicationAPIVersions
[GIN-debug] [WARNING] Running in "debug" mode. Switch to "release" mode in production.
 - using env:	export GIN_MODE=release
 - using code:	gin.SetMode(gin.ReleaseMode)

[GIN-debug] POST   /api/v1/auth/login        --> git.hyhy.fun/rsplab/iolink/internal/appapi.(*Server).login-fm (2 handlers)
[GIN-debug] GET    /api/v1/auth/tenants      --> git.hyhy.fun/rsplab/iolink/internal/appapi.(*Server).listTenants-fm (3 handlers)
[GIN-debug] POST   /api/v1/auth/tenant       --> git.hyhy.fun/rsplab/iolink/internal/appapi.(*Server).switchTenant-fm (3 handlers)
[GIN-debug] GET    /api/v1/ponds             --> git.hyhy.fun/rsplab/iolink/internal/appapi.(*Server).listPonds-fm (3 handlers)
[GIN-debug] GET    /api/v1/ponds/:id         --> git.hyhy.fun/rsplab/iolink/internal/appapi.(*Server).getPond-fm (3 handlers)
[GIN-debug] GET    /api/v1/devices           --> git.hyhy.fun/rsplab/iolink/internal/appapi.(*Server).listDevices-fm (3 handlers)
[GIN-debug] GET    /api/v1/devices/:device_no --> git.hyhy.fun/rsplab/iolink/internal/appapi.(*Server).getDevice-fm (3 handlers)
[GIN-debug] GET    /api/v1/water/latest      --> git.hyhy.fun/rsplab/iolink/internal/appapi.(*Server).waterLatest-fm (3 handlers)
[GIN-debug] GET    /api/v1/water/history     --> git.hyhy.fun/rsplab/iolink/internal/appapi.(*Server).waterHistory-fm (3 handlers)
[GIN-debug] GET    /api/v1/alarms            --> git.hyhy.fun/rsplab/iolink/internal/appapi.(*Server).listAlarms-fm (3 handlers)
[GIN-debug] GET    /api/v1/stats/summary     --> git.hyhy.fun/rsplab/iolink/internal/appapi.(*Server).statsSummary-fm (3 handlers)
[GIN-debug] POST   /api/v1/alarms/:id/confirm --> git.hyhy.fun/rsplab/iolink/internal/appapi.(*Server).confirmAlarm-fm (3 handlers)
[GIN-debug] POST   /api/v2/devices/:device_no/telemetry --> git.hyhy.fun/rsplab/iolink/internal/appapi.(*Server).submitTelemetryV2-fm (3 handlers)
[GIN-debug] GET    /api/v2/devices/:device_no/model/latest --> git.hyhy.fun/rsplab/iolink/internal/appapi.(*Server).modelLatestV2-fm (3 handlers)
[GIN-debug] GET    /api/v2/devices/:device_no/history --> git.hyhy.fun/rsplab/iolink/internal/appapi.(*Server).telemetryHistoryV2-fm (3 handlers)
2026/10/03 17:25:08 WARN http request request_id=ITYHFYHMS6QCHCFXXAMN4G76ZL route=/api/v1/ponds method=GET status=401 duration_ms=0 tenant_id=0 actor_id=0
2026/10/03 17:25:08 WARN http request request_id=XUB3BSFXMD4X34NKHHIXUIO4Z2 route=/api/v2/devices/:device_no/telemetry method=POST status=401 duration_ms=0 tenant_id=0 actor_id=0
2026/10/03 17:25:08 WARN http request request_id=BVLUPY32HOKMPM4EB7UNE5B5VW route=/api/v2/devices/:device_no/model/latest method=GET status=401 duration_ms=0 tenant_id=0 actor_id=0
2026/10/03 17:25:08 WARN http request request_id=S3KO7444RS4XHTWIDL5NQYMBEF route=/api/v2/devices/:device_no/history method=GET status=401 duration_ms=0 tenant_id=0 actor_id=0
--- PASS: TestProductionMuxMountsBothApplicationAPIVersions (0.00s)
=== RUN   TestFailureOutputHidesUntrustedErrors
=== RUN   TestFailureOutputHidesUntrustedErrors/configuration
=== RUN   TestFailureOutputHidesUntrustedErrors/runtime
--- PASS: TestFailureOutputHidesUntrustedErrors (0.00s)
    --- PASS: TestFailureOutputHidesUntrustedErrors/configuration (0.00s)
    --- PASS: TestFailureOutputHidesUntrustedErrors/runtime (0.00s)
PASS
ok  	git.hyhy.fun/rsplab/iolink/cmd/iolinkd	1.034s
