$ npm run e2e -- --config /tmp/m6b-final-playwright.config.mjs

> iolink-admin-ui@0.1.0 e2e
> playwright test --config /tmp/m6b-final-playwright.config.mjs

[WebServer] (node:3173542) Warning: The 'NO_COLOR' env is ignored due to the 'FORCE_COLOR' env being set.
[WebServer] (Use `node --trace-warnings ...` to show where the warning was created)

Running 16 tests using 2 workers

(node:3173592) Warning: The 'NO_COLOR' env is ignored due to the 'FORCE_COLOR' env being set.
(Use `node --trace-warnings ...` to show where the warning was created)
(node:3173591) Warning: The 'NO_COLOR' env is ignored due to the 'FORCE_COLOR' env being set.
(Use `node --trace-warnings ...` to show where the warning was created)
  ✓   1 e2e/smoke.spec.ts:3:1 › 管理员可从登录进入运营总览 (2.0s)
  ✓   3 e2e/smoke.spec.ts:15:1 › 主导航可进入设备管理 (909ms)
  ✓   4 e2e/support-expiry.spec.ts:8:5 › 支持到期：Asia/Shanghai › 未编辑到期时间的重复保存保留 UTC 精度：2099-10-02T05:00:37Z (3.2s)
  ✓   5 e2e/support-expiry.spec.ts:8:5 › 支持到期：Asia/Shanghai › 未编辑到期时间的重复保存保留 UTC 精度：2099-10-02T05:00:37.123Z (2.9s)
  ✓   6 e2e/support-expiry.spec.ts:43:5 › 支持到期：Asia/Shanghai › 上海时间显示、编辑、保存和重载保持同一瞬间 (1.6s)
  ✓   7 e2e/support-expiry.spec.ts:8:5 › 支持到期：UTC › 未编辑到期时间的重复保存保留 UTC 精度：2099-10-02T05:00:37Z (2.9s)
  ✓   8 e2e/support-expiry.spec.ts:8:5 › 支持到期：UTC › 未编辑到期时间的重复保存保留 UTC 精度：2099-10-02T05:00:37.123Z (2.8s)
  ✓   9 e2e/support-expiry.spec.ts:43:5 › 支持到期：UTC › 上海时间显示、编辑、保存和重载保持同一瞬间 (1.6s)
  ✓  10 e2e/support-expiry.spec.ts:8:5 › 支持到期：America/New_York › 未编辑到期时间的重复保存保留 UTC 精度：2099-10-02T05:00:37Z (2.8s)
  ✓   2 e2e/admin-pages.spec.ts:9:1 › 所有管理页面在桌面和窄屏保持可用 (21.3s)
  ✓  11 e2e/support-expiry.spec.ts:8:5 › 支持到期：America/New_York › 未编辑到期时间的重复保存保留 UTC 精度：2099-10-02T05:00:37.123Z (3.2s)
  ✓  13 e2e/support-expiry.spec.ts:43:5 › 支持到期：America/New_York › 上海时间显示、编辑、保存和重载保持同一瞬间 (1.6s)
  ✓  12 e2e/admin-pages.spec.ts:32:1 › 创建、确认和改密流程显示可恢复状态 (5.2s)
  ✓  14 e2e/admin-pages.spec.ts:60:1 › 过期会话回到登录页并清理本地令牌 (546ms)
  ✓  15 e2e/admin-pages.spec.ts:71:1 › 产品页可创建包含数值和枚举字段的版本并发布分配 (4.7s)
  ✓  16 e2e/admin-pages.spec.ts:101:1 › 组织成员角色变更、支持期限和停用状态可保存 (3.7s)

  16 passed (37.5s)

EXIT 0
