-test.shuffle 1791363297896135975
=== RUN   TestM6dBrowser_realManagementFlow
    m6d_browser_test.go:25: set IOLINK_M6D_BROWSER=1 after a production frontend build
--- SKIP: TestM6dBrowser_realManagementFlow (0.00s)
=== RUN   TestCanonicalOpenPathRejectsAmbiguity
--- PASS: TestCanonicalOpenPathRejectsAmbiguity (0.00s)
=== RUN   TestM6dRotation_rejectsChangedResourceOwnershipWithoutWrites
--- PASS: TestM6dRotation_rejectsChangedResourceOwnershipWithoutWrites (0.41s)
=== RUN   TestM6dConcurrentNonceAndRateLimit
--- PASS: TestM6dConcurrentNonceAndRateLimit (0.49s)
=== RUN   TestM6dConfiguredRate_initialBurstRotationAndHTTPRetry
2026/10/07 16:54:59 WARN http request request_id=MGF4QAILWHE3RDWQCMMGPDO2E3 route=/open/v1/ponds method=GET status=429 duration_ms=4 tenant_id=0 actor_id=0
--- PASS: TestM6dConfiguredRate_initialBurstRotationAndHTTPRetry (0.41s)
=== RUN   TestM6dTimestampWindow_signedBoundsAndExtremes
=== RUN   TestM6dTimestampWindow_signedBoundsAndExtremes/past_bound
=== RUN   TestM6dTimestampWindow_signedBoundsAndExtremes/future_bound
=== RUN   TestM6dTimestampWindow_signedBoundsAndExtremes/now
=== RUN   TestM6dTimestampWindow_signedBoundsAndExtremes/too_old
=== RUN   TestM6dTimestampWindow_signedBoundsAndExtremes/too_new
=== RUN   TestM6dTimestampWindow_signedBoundsAndExtremes/zero
=== RUN   TestM6dTimestampWindow_signedBoundsAndExtremes/negative
=== RUN   TestM6dTimestampWindow_signedBoundsAndExtremes/minimum
=== RUN   TestM6dTimestampWindow_signedBoundsAndExtremes/maximum
=== RUN   TestM6dTimestampWindow_signedBoundsAndExtremes/overflow_delta
--- PASS: TestM6dTimestampWindow_signedBoundsAndExtremes (0.46s)
    --- PASS: TestM6dTimestampWindow_signedBoundsAndExtremes/past_bound (0.01s)
    --- PASS: TestM6dTimestampWindow_signedBoundsAndExtremes/future_bound (0.00s)
    --- PASS: TestM6dTimestampWindow_signedBoundsAndExtremes/now (0.01s)
    --- PASS: TestM6dTimestampWindow_signedBoundsAndExtremes/too_old (0.00s)
    --- PASS: TestM6dTimestampWindow_signedBoundsAndExtremes/too_new (0.00s)
    --- PASS: TestM6dTimestampWindow_signedBoundsAndExtremes/zero (0.00s)
    --- PASS: TestM6dTimestampWindow_signedBoundsAndExtremes/negative (0.00s)
    --- PASS: TestM6dTimestampWindow_signedBoundsAndExtremes/minimum (0.00s)
    --- PASS: TestM6dTimestampWindow_signedBoundsAndExtremes/maximum (0.00s)
    --- PASS: TestM6dTimestampWindow_signedBoundsAndExtremes/overflow_delta (0.00s)
=== RUN   TestM6dAdministration_rejectsStaleMembershipWithoutPartialWrite
--- PASS: TestM6dAdministration_rejectsStaleMembershipWithoutPartialWrite (0.41s)
=== RUN   TestCanonicalOpenPathKeepsEncodedSafePath
--- PASS: TestCanonicalOpenPathKeepsEncodedSafePath (0.00s)
=== RUN   TestConsumeOpenRateAllowsBurstAndRefillsAtOnePerSecond
--- PASS: TestConsumeOpenRateAllowsBurstAndRefillsAtOnePerSecond (0.00s)
=== RUN   TestM6dIssueAndAuthenticateOpenKey
2026/10/07 16:55:00 INFO http request request_id=PYDNKKWA5BCJYH7HAWDTTZWX5G route=/open/v1/ponds method=GET status=200 duration_ms=4 tenant_id=0 actor_id=0
2026/10/07 16:55:00 WARN http request request_id=TFW3AC72K5SDUS7U4TB5J6EIPN route=/open/v1/ponds method=GET status=401 duration_ms=2 tenant_id=0 actor_id=0
--- PASS: TestM6dIssueAndAuthenticateOpenKey (0.47s)
=== RUN   TestM6dSignedHTTP_rejectsScopeTenantFeatureAndReplays
=== RUN   TestM6dSignedHTTP_rejectsScopeTenantFeatureAndReplays/scope
2026/10/07 16:55:00 WARN http request request_id=ZIS7AI52EYW3RQ7XLTVTVJBMFE route=/open/v1/ponds method=GET status=403 duration_ms=6 tenant_id=0 actor_id=0
=== RUN   TestM6dSignedHTTP_rejectsScopeTenantFeatureAndReplays/inactive_tenant
2026/10/07 16:55:01 WARN http request request_id=TTNQZR3MAZN7Q3WYBED4U2PHIO route=/open/v1/ponds method=GET status=401 duration_ms=2 tenant_id=0 actor_id=0
=== RUN   TestM6dSignedHTTP_rejectsScopeTenantFeatureAndReplays/missing_feature
2026/10/07 16:55:01 WARN http request request_id=PKDS3GQANHRZCABOUAXH3A5BM3 route=/open/v1/ponds method=GET status=403 duration_ms=3 tenant_id=0 actor_id=0
=== RUN   TestM6dSignedHTTP_rejectsScopeTenantFeatureAndReplays/replay
2026/10/07 16:55:02 INFO http request request_id=R4BUNDETTSX2VICSGOII4F4GPE route=/open/v1/ponds method=GET status=200 duration_ms=6 tenant_id=0 actor_id=0
2026/10/07 16:55:02 WARN http request request_id=6P2ZZAQFAC36WLGJ6LFIYLULFA route=/open/v1/ponds method=GET status=401 duration_ms=3 tenant_id=0 actor_id=0
=== RUN   TestM6dSignedHTTP_rejectsScopeTenantFeatureAndReplays/exhausted_rate
2026/10/07 16:55:02 WARN http request request_id=2JH4C3UZPOES7GHNA7O5WS7DXL route=/open/v1/ponds method=GET status=429 duration_ms=3 tenant_id=0 actor_id=0
--- PASS: TestM6dSignedHTTP_rejectsScopeTenantFeatureAndReplays (2.25s)
    --- PASS: TestM6dSignedHTTP_rejectsScopeTenantFeatureAndReplays/scope (0.43s)
    --- PASS: TestM6dSignedHTTP_rejectsScopeTenantFeatureAndReplays/inactive_tenant (0.47s)
    --- PASS: TestM6dSignedHTTP_rejectsScopeTenantFeatureAndReplays/missing_feature (0.50s)
    --- PASS: TestM6dSignedHTTP_rejectsScopeTenantFeatureAndReplays/replay (0.41s)
    --- PASS: TestM6dSignedHTTP_rejectsScopeTenantFeatureAndReplays/exhausted_rate (0.44s)
=== RUN   TestM6dBodyDigest_rejectsOnlyChangedBodyAndPreservesNonce
2026/10/07 16:55:03 WARN http request request_id=74EAWMSCQAPB54GNMFZOLSON7V route=/open/v1/ponds method=GET status=401 duration_ms=2 tenant_id=0 actor_id=0
2026/10/07 16:55:03 INFO http request request_id=IKFN3DVVSGK2ESJF32FQPXHY7X route=/open/v1/ponds method=GET status=200 duration_ms=4 tenant_id=0 actor_id=0
--- PASS: TestM6dBodyDigest_rejectsOnlyChangedBodyAndPreservesNonce (0.45s)
=== RUN   TestM6dDeviceResourceHTTP_filtersDevicesAndAlarms
=== RUN   TestM6dDeviceResourceHTTP_filtersDevicesAndAlarms//open/v1/devices
2026/10/07 16:55:03 INFO http request request_id=ME76UYALQYDWTLNX3KIK6WYRHH route=/open/v1/devices method=GET status=200 duration_ms=6 tenant_id=0 actor_id=0
=== RUN   TestM6dDeviceResourceHTTP_filtersDevicesAndAlarms//open/v1/alarms
2026/10/07 16:55:03 INFO http request request_id=A43UJJ6ZB3PTKJKB4KLV7HJUHQ route=/open/v1/alarms method=GET status=200 duration_ms=4 tenant_id=0 actor_id=0
--- PASS: TestM6dDeviceResourceHTTP_filtersDevicesAndAlarms (0.46s)
    --- PASS: TestM6dDeviceResourceHTTP_filtersDevicesAndAlarms//open/v1/devices (0.01s)
    --- PASS: TestM6dDeviceResourceHTTP_filtersDevicesAndAlarms//open/v1/alarms (0.01s)
=== RUN   TestM6dRestart_preservesConsumedNonceAndRateState
2026/10/07 16:55:04 INFO http request request_id=LAOUIJC3CBNF2PCDQMPXFLBMGQ route=/open/v1/ponds method=GET status=200 duration_ms=5 tenant_id=0 actor_id=0
2026/10/07 16:55:04 WARN http request request_id=RD5C64M3AWCSOP4WSPU233LHJX route=/open/v1/ponds method=GET status=401 duration_ms=2 tenant_id=0 actor_id=0
2026/10/07 16:55:04 WARN http request request_id=TQMFZ7WUUCC4DIPJ75EWJQTX7Q route=/open/v1/ponds method=GET status=429 duration_ms=3 tenant_id=0 actor_id=0
--- PASS: TestM6dRestart_preservesConsumedNonceAndRateState (0.42s)
=== RUN   TestM6dResourceHTTP_filtersListsAndDetails
=== RUN   TestM6dResourceHTTP_filtersListsAndDetails/farm/open/v1/ponds
2026/10/07 16:55:04 INFO http request request_id=V2X43KEBI7I6UFNWBXP35TAJVT route=/open/v1/ponds method=GET status=200 duration_ms=7 tenant_id=0 actor_id=0
=== RUN   TestM6dResourceHTTP_filtersListsAndDetails/farm/open/v1/devices
2026/10/07 16:55:04 INFO http request request_id=AOSTGGKAPSCDDAH4TV4HSFTVTS route=/open/v1/devices method=GET status=200 duration_ms=4 tenant_id=0 actor_id=0
=== RUN   TestM6dResourceHTTP_filtersListsAndDetails/farm/open/v1/alarms
2026/10/07 16:55:04 INFO http request request_id=KAIIRYAN77KAPHSWHSEELHA4EZ route=/open/v1/alarms method=GET status=200 duration_ms=4 tenant_id=0 actor_id=0
=== RUN   TestM6dResourceHTTP_filtersListsAndDetails/farm/open/v1/ponds/8302
2026/10/07 16:55:04 WARN http request request_id=6U3UXVOAD4ZMAMXJIX56KK3SRS route=/open/v1/ponds/:id method=GET status=404 duration_ms=4 tenant_id=0 actor_id=0
=== RUN   TestM6dResourceHTTP_filtersListsAndDetails/farm/open/v1/ponds/8303
2026/10/07 16:55:04 WARN http request request_id=WXILRDZQSL2X72AG4B75N7CTWR route=/open/v1/ponds/:id method=GET status=404 duration_ms=4 tenant_id=0 actor_id=0
=== RUN   TestM6dResourceHTTP_filtersListsAndDetails/farm/open/v1/devices/m6d-hidden
2026/10/07 16:55:04 WARN http request request_id=DGFHRBF66TTRSBXIBWOUKP36AL route=/open/v1/devices/:device_no method=GET status=404 duration_ms=4 tenant_id=0 actor_id=0
=== RUN   TestM6dResourceHTTP_filtersListsAndDetails/farm/open/v1/devices/m6d-foreign
2026/10/07 16:55:04 WARN http request request_id=7IZZB6RIBM3OIH4CS5IJMQPUIE route=/open/v1/devices/:device_no method=GET status=404 duration_ms=4 tenant_id=0 actor_id=0
=== RUN   TestM6dResourceHTTP_filtersListsAndDetails/pond/open/v1/ponds
2026/10/07 16:55:04 INFO http request request_id=BSKIHWQG46N3WL7KFVG2ORKN6L route=/open/v1/ponds method=GET status=200 duration_ms=3 tenant_id=0 actor_id=0
=== RUN   TestM6dResourceHTTP_filtersListsAndDetails/pond/open/v1/devices
2026/10/07 16:55:04 INFO http request request_id=XIVKVTIOM6QSA6FA7HN2JKU6MT route=/open/v1/devices method=GET status=200 duration_ms=3 tenant_id=0 actor_id=0
=== RUN   TestM6dResourceHTTP_filtersListsAndDetails/pond/open/v1/alarms
2026/10/07 16:55:04 INFO http request request_id=EVZFOCEVFBYNY5FNVM3FU3OCJX route=/open/v1/alarms method=GET status=200 duration_ms=4 tenant_id=0 actor_id=0
=== RUN   TestM6dResourceHTTP_filtersListsAndDetails/pond/open/v1/ponds/8302
2026/10/07 16:55:04 WARN http request request_id=IRGROHTZRKJUDEDPIEETY7M27O route=/open/v1/ponds/:id method=GET status=404 duration_ms=3 tenant_id=0 actor_id=0
=== RUN   TestM6dResourceHTTP_filtersListsAndDetails/pond/open/v1/ponds/8303
2026/10/07 16:55:04 WARN http request request_id=K3DUFYJA42VQHQNPNCABMIEPYX route=/open/v1/ponds/:id method=GET status=404 duration_ms=3 tenant_id=0 actor_id=0
=== RUN   TestM6dResourceHTTP_filtersListsAndDetails/pond/open/v1/devices/m6d-hidden
2026/10/07 16:55:04 WARN http request request_id=UYZ6VEJERQ7GZ35BYVGKTJ2POI route=/open/v1/devices/:device_no method=GET status=404 duration_ms=3 tenant_id=0 actor_id=0
=== RUN   TestM6dResourceHTTP_filtersListsAndDetails/pond/open/v1/devices/m6d-foreign
2026/10/07 16:55:04 WARN http request request_id=UKSASFC4LYY6XIVJN25EL6J4TT route=/open/v1/devices/:device_no method=GET status=404 duration_ms=4 tenant_id=0 actor_id=0
=== RUN   TestM6dResourceHTTP_filtersListsAndDetails/device/open/v1/ponds
2026/10/07 16:55:04 INFO http request request_id=PNM5BK5XDUHDEUVAZE4Z5DVME3 route=/open/v1/ponds method=GET status=200 duration_ms=4 tenant_id=0 actor_id=0
=== RUN   TestM6dResourceHTTP_filtersListsAndDetails/device/open/v1/devices
2026/10/07 16:55:04 INFO http request request_id=436YIIWRC22AZQHFCXJKZK2XQH route=/open/v1/devices method=GET status=200 duration_ms=3 tenant_id=0 actor_id=0
=== RUN   TestM6dResourceHTTP_filtersListsAndDetails/device/open/v1/alarms
2026/10/07 16:55:04 INFO http request request_id=JXO7PDMASBBHI6VWGAXLPQTMI6 route=/open/v1/alarms method=GET status=200 duration_ms=4 tenant_id=0 actor_id=0
=== RUN   TestM6dResourceHTTP_filtersListsAndDetails/device/open/v1/ponds/8302
2026/10/07 16:55:04 WARN http request request_id=UL6RP4IKD7IDBVQM6ARY3XJKB4 route=/open/v1/ponds/:id method=GET status=404 duration_ms=3 tenant_id=0 actor_id=0
=== RUN   TestM6dResourceHTTP_filtersListsAndDetails/device/open/v1/ponds/8303
2026/10/07 16:55:04 WARN http request request_id=XOY7VRTBYAHCX56ZT77JNTPY5E route=/open/v1/ponds/:id method=GET status=404 duration_ms=4 tenant_id=0 actor_id=0
=== RUN   TestM6dResourceHTTP_filtersListsAndDetails/device/open/v1/devices/m6d-hidden
2026/10/07 16:55:04 WARN http request request_id=2CQ5I4HI7KN2NXMGJQRJ6QVBD6 route=/open/v1/devices/:device_no method=GET status=404 duration_ms=4 tenant_id=0 actor_id=0
=== RUN   TestM6dResourceHTTP_filtersListsAndDetails/device/open/v1/devices/m6d-foreign
2026/10/07 16:55:04 WARN http request request_id=RWV76TYOQUJHKWK4HIPPFW3Z7O route=/open/v1/devices/:device_no method=GET status=404 duration_ms=5 tenant_id=0 actor_id=0
--- PASS: TestM6dResourceHTTP_filtersListsAndDetails (0.54s)
    --- PASS: TestM6dResourceHTTP_filtersListsAndDetails/farm/open/v1/ponds (0.01s)
    --- PASS: TestM6dResourceHTTP_filtersListsAndDetails/farm/open/v1/devices (0.01s)
    --- PASS: TestM6dResourceHTTP_filtersListsAndDetails/farm/open/v1/alarms (0.00s)
    --- PASS: TestM6dResourceHTTP_filtersListsAndDetails/farm/open/v1/ponds/8302 (0.00s)
    --- PASS: TestM6dResourceHTTP_filtersListsAndDetails/farm/open/v1/ponds/8303 (0.00s)
    --- PASS: TestM6dResourceHTTP_filtersListsAndDetails/farm/open/v1/devices/m6d-hidden (0.00s)
    --- PASS: TestM6dResourceHTTP_filtersListsAndDetails/farm/open/v1/devices/m6d-foreign (0.00s)
    --- PASS: TestM6dResourceHTTP_filtersListsAndDetails/pond/open/v1/ponds (0.00s)
    --- PASS: TestM6dResourceHTTP_filtersListsAndDetails/pond/open/v1/devices (0.00s)
    --- PASS: TestM6dResourceHTTP_filtersListsAndDetails/pond/open/v1/alarms (0.00s)
    --- PASS: TestM6dResourceHTTP_filtersListsAndDetails/pond/open/v1/ponds/8302 (0.00s)
    --- PASS: TestM6dResourceHTTP_filtersListsAndDetails/pond/open/v1/ponds/8303 (0.00s)
    --- PASS: TestM6dResourceHTTP_filtersListsAndDetails/pond/open/v1/devices/m6d-hidden (0.00s)
    --- PASS: TestM6dResourceHTTP_filtersListsAndDetails/pond/open/v1/devices/m6d-foreign (0.00s)
    --- PASS: TestM6dResourceHTTP_filtersListsAndDetails/device/open/v1/ponds (0.00s)
    --- PASS: TestM6dResourceHTTP_filtersListsAndDetails/device/open/v1/devices (0.00s)
    --- PASS: TestM6dResourceHTTP_filtersListsAndDetails/device/open/v1/alarms (0.00s)
    --- PASS: TestM6dResourceHTTP_filtersListsAndDetails/device/open/v1/ponds/8302 (0.00s)
    --- PASS: TestM6dResourceHTTP_filtersListsAndDetails/device/open/v1/ponds/8303 (0.00s)
    --- PASS: TestM6dResourceHTTP_filtersListsAndDetails/device/open/v1/devices/m6d-hidden (0.00s)
    --- PASS: TestM6dResourceHTTP_filtersListsAndDetails/device/open/v1/devices/m6d-foreign (0.01s)
=== RUN   TestM6dPublishedVector_authenticatesWithProductionVerifier
--- PASS: TestM6dPublishedVector_authenticatesWithProductionVerifier (0.43s)
=== RUN   TestM6dResourceValidation_rejectsInvalidAndForeignWithoutWrites
--- PASS: TestM6dResourceValidation_rejectsInvalidAndForeignWithoutWrites (0.53s)
=== RUN   TestCanonicalOpenQuery
--- PASS: TestCanonicalOpenQuery (0.00s)
PASS
ok  	git.hyhy.fun/rsplab/iolink/internal/core	8.775s
-test.shuffle 1791363297892940694
=== RUN   TestRoutesScopeAndAuth
2026/10/07 16:54:57 INFO http request request_id=7JSYZAD37TXV6JSLRZOJDYOU7G route=/open/v1/ponds method=GET status=200 duration_ms=0 tenant_id=0 actor_id=0
2026/10/07 16:54:57 WARN http request request_id=DXFXYFWLDS5M2V4D3526CMQAGZ route=/open/v1/devices method=GET status=403 duration_ms=0 tenant_id=0 actor_id=0
--- PASS: TestRoutesScopeAndAuth (0.00s)
=== RUN   TestRoutesFailClosedWhenOpenAPIFeatureUnavailable
2026/10/07 16:54:57 WARN http request request_id=NYWPPPB6XZGGPKZATRWWEKSBLQ route=/open/v1/ponds method=GET status=403 duration_ms=0 tenant_id=0 actor_id=0
--- PASS: TestRoutesFailClosedWhenOpenAPIFeatureUnavailable (0.00s)
=== RUN   TestRoutesRateLimitIncludesRetryAfter
2026/10/07 16:54:57 WARN http request request_id=MZG4Y3JLBIGFQC6OTQMOROBYWB route=/open/v1/ponds method=GET status=429 duration_ms=0 tenant_id=0 actor_id=0
--- PASS: TestRoutesRateLimitIncludesRetryAfter (0.00s)
=== RUN   TestRoutesRejectOversizedBody
2026/10/07 16:54:57 INFO http request request_id=ZL5NAUGHR2GFBR3DH3DJQMOD46 route=/open/v1/ponds method=GET status=200 duration_ms=41 tenant_id=0 actor_id=0
2026/10/07 16:54:57 WARN http request request_id=M5Z4LFW5BSIMYHLOXOWPET5IN4 route=/open/v1/ponds method=GET status=413 duration_ms=39 tenant_id=0 actor_id=0
--- PASS: TestRoutesRejectOversizedBody (0.10s)
PASS
ok  	git.hyhy.fun/rsplab/iolink/internal/openapi	1.142s
