Immutable source d82aa8249e70302ee70e8cacd5cef15177b31ef5; web 207dcfa751545e11a63a3a013da7e60552fecd75
Separate review worktree; no browser launched.

Command: npm ci --prefix web

added 144 packages, and audited 145 packages in 3s

26 packages are looking for funding
  run `npm fund` for details

1 high severity vulnerability

To address all issues, run:
  npm audit fix

Run `npm audit` for details.
npm warn install-scripts 1 package has install scripts not yet covered by allowScripts:
npm warn install-scripts   esbuild@0.28.2 (postinstall: node install.js)
npm warn install-scripts
npm warn install-scripts Run `npm install-scripts ls` to review, or `npm install-scripts approve <pkg>` to allow.
Exit code: 0

Command: npm test --prefix web -- --run

> iolink-admin-ui@0.1.0 test
> vitest run tests --run


 RUN  v5.0.1 /tmp/iolink-review-m6d-d82-code/web


 Test Files  5 passed (5)
      Tests  44 passed (44)
   Start at  16:15:01
   Duration  162ms (transform 46%, import 42%, tests 8%, worker 4%)

Exit code: 0

Command: npm run typecheck --prefix web

> iolink-admin-ui@0.1.0 typecheck
> vue-tsc -b

Exit code: 0

Command: npm run build --prefix web

> iolink-admin-ui@0.1.0 build
> vue-tsc -b && vite build

vite v7.3.6 building client environment for production...
transforming...
node_modules/zod/v4/core/util.js (400:0): A comment

"// Wrapped in a `@__PURE__` IIFE: esbuild never tree-shakes a top-level initializer that contains a member access on `Number`, so the bare object literal survived into every bundle."

in "node_modules/zod/v4/core/util.js" contains an annotation that Rollup cannot interpret due to the position of the comment. The comment will be removed to avoid issues.
node_modules/zod/v4/core/regexes.js (74:0): A comment

"/** Anchors a pattern source. The interpolation lives here rather than at the call site because
 * esbuild will not drop a `@__PURE__` call whose own argument interpolates a variable, but it
 * will drop `anchor(dateSource)`. Keeping it inline pinned `date` into every bundle. */"

in "node_modules/zod/v4/core/regexes.js" contains an annotation that Rollup cannot interpret due to the position of the comment. The comment will be removed to avoid issues.
✓ 1814 modules transformed.
rendering chunks...
computing gzip size...
dist/index.html                                                             0.47 kB │ gzip:   0.33 kB
dist/assets/ProductsView-DY-L-zJk.css                                       0.36 kB │ gzip:   0.23 kB
dist/assets/TenantsView-CthDnldy.css                                        0.43 kB │ gzip:   0.25 kB
dist/assets/SystemView-DaTFDEC-.css                                         0.43 kB │ gzip:   0.22 kB
dist/assets/index-D6CmpLJq.css                                            369.56 kB │ gzip:  50.66 kB
dist/assets/metrics-mFZmf0P5.js                                             0.47 kB │ gzip:   0.33 kB
dist/assets/MetricGrid.vue_vue_type_script_setup_true_lang-CsuHf9-I.js      1.01 kB │ gzip:   0.60 kB
dist/assets/APIKeyAuditView-ClPySYyO.js                                     1.27 kB │ gzip:   0.81 kB
dist/assets/LoginView-CTIfJ7UJ.js                                           2.59 kB │ gzip:   1.53 kB
dist/assets/AdminLayout-C20eggv9.js                                         2.88 kB │ gzip:   1.52 kB
dist/assets/DashboardView-D0h1-mN_.js                                       4.23 kB │ gzip:   2.00 kB
dist/assets/TenantsView-DXkqnJeW.js                                         4.69 kB │ gzip:   2.21 kB
dist/assets/AlarmsView-BicgmmQ9.js                                          4.69 kB │ gzip:   2.15 kB
dist/assets/RulesView-DNaXtR2U.js                                           4.94 kB │ gzip:   2.02 kB
dist/assets/PondsView-DSmjib1s.js                                           5.51 kB │ gzip:   2.26 kB
dist/assets/DevicesView-DioyRedu.js                                         5.85 kB │ gzip:   2.59 kB
dist/assets/ProductsView-B_0-XBZM.js                                        6.50 kB │ gzip:   2.52 kB
dist/assets/SystemView-BY7mti8A.js                                         10.18 kB │ gzip:   4.04 kB
dist/assets/index-Bn0znREm.js                                           1,195.20 kB │ gzip: 391.21 kB

(!) Some chunks are larger than 500 kB after minification. Consider:
- Using dynamic import() to code-split the application
- Use build.rollupOptions.output.manualChunks to improve chunking: https://rollupjs.org/configuration-options/#output-manualchunks
- Adjust chunk size limit for this warning via build.chunkSizeWarningLimit.
✓ built in 3.75s
Exit code: 0

Command: make embed-front
Exit code: 0
