
> iolink-admin-ui@0.1.0 test
> vitest run tests --run


 RUN  v5.0.1 /media/yun/706bc403-c76c-4fdd-8a3f-d954b6189048/iolink/web


 Test Files  5 passed (5)
      Tests  45 passed (45)
   Start at  16:17:24
   Duration  208ms (transform 54%, import 35%, tests 7%, worker 3%)


> iolink-admin-ui@0.1.0 typecheck
> vue-tsc -b


> iolink-admin-ui@0.1.0 build
> vue-tsc -b && vite build

vite v7.3.6 building client environment for production...
transforming...
node_modules/zod/v4/core/util.js (400:0): A comment

"// Wrapped in a `@__PURE__` IIFE: esbuild never tree-shakes a top-level initializer that contains a member access on `Number`, so the bare object literal survived into every bundle."

in "node_modules/zod/v4/core/util.js" contains an annotation that Rollup cannot interpret due to the position of the comment. The comment will be removed to avoid issues.
node_modules/zod/v4/core/regexes.js (74:0): A comment

"/** Anchors a pattern source. The interpolation lives here rather than at the call site because
 * esbuild will not drop a `@__PURE__` call whose own argument interpolates a variable, but it
 * will drop `anchor(dateSource)`. Keeping it inline pinned `date` into every bundle. */"

in "node_modules/zod/v4/core/regexes.js" contains an annotation that Rollup cannot interpret due to the position of the comment. The comment will be removed to avoid issues.
✓ 1814 modules transformed.
rendering chunks...
computing gzip size...
dist/index.html                                                             0.47 kB │ gzip:   0.33 kB
dist/assets/ProductsView-DY-L-zJk.css                                       0.36 kB │ gzip:   0.23 kB
dist/assets/TenantsView-CthDnldy.css                                        0.43 kB │ gzip:   0.25 kB
dist/assets/SystemView-DXSp833N.css                                         0.43 kB │ gzip:   0.23 kB
dist/assets/index-D6CmpLJq.css                                            369.56 kB │ gzip:  50.66 kB
dist/assets/metrics-mFZmf0P5.js                                             0.47 kB │ gzip:   0.33 kB
dist/assets/MetricGrid.vue_vue_type_script_setup_true_lang-DA2h5hFe.js      1.01 kB │ gzip:   0.61 kB
dist/assets/APIKeyAuditView-jAmz8afB.js                                     1.27 kB │ gzip:   0.81 kB
dist/assets/LoginView-i-wDLQ6Q.js                                           2.59 kB │ gzip:   1.53 kB
dist/assets/AdminLayout-CVp_5xdD.js                                         2.88 kB │ gzip:   1.53 kB
dist/assets/DashboardView-WhNqGtan.js                                       4.23 kB │ gzip:   2.01 kB
dist/assets/TenantsView-BjbD6ReV.js                                         4.69 kB │ gzip:   2.21 kB
dist/assets/AlarmsView-B614kNIH.js                                          4.69 kB │ gzip:   2.15 kB
dist/assets/RulesView-3coh-oXw.js                                           4.94 kB │ gzip:   2.02 kB
dist/assets/PondsView-COwWHH8-.js                                           5.51 kB │ gzip:   2.26 kB
dist/assets/DevicesView-DtkNcOVc.js                                         5.85 kB │ gzip:   2.59 kB
dist/assets/ProductsView-DugBnls_.js                                        6.50 kB │ gzip:   2.52 kB
dist/assets/SystemView-ynIsifIc.js                                         10.24 kB │ gzip:   4.04 kB
dist/assets/index-WbqMQNXJ.js                                           1,195.20 kB │ gzip: 391.22 kB

(!) Some chunks are larger than 500 kB after minification. Consider:
- Using dynamic import() to code-split the application
- Use build.rollupOptions.output.manualChunks to improve chunking: https://rollupjs.org/configuration-options/#output-manualchunks
- Adjust chunk size limit for this warning via build.chunkSizeWarningLimit.
✓ built in 3.62s
