#0 building with "default" instance using docker driver

#1 [internal] load build definition from Dockerfile
#1 transferring dockerfile: 1.03kB done
#1 DONE 0.0s

#2 [internal] load metadata for docker.io/library/alpine:3.20
#2 DONE 0.0s

#3 [internal] load metadata for docker.io/library/node:24-alpine
#3 DONE 2.2s

#4 [internal] load metadata for docker.io/library/golang:1.26-alpine
#4 DONE 2.3s

#5 [internal] load .dockerignore
#5 transferring context: 256B done
#5 DONE 0.0s

#6 [frontend 1/6] FROM docker.io/library/node:24-alpine@sha256:ebfe2f90462722a7a4de65e91990e97fe0d401c70e0e762c5b53302f905ec1c1
#6 resolve docker.io/library/node:24-alpine@sha256:ebfe2f90462722a7a4de65e91990e97fe0d401c70e0e762c5b53302f905ec1c1 0.1s done
#6 DONE 0.1s

#7 [build 1/9] FROM docker.io/library/golang:1.26-alpine@sha256:8ac98ca534ac3f51e1f420a1dd2c15e74c75cfa0f23f3ad27eb5d7236c349a0c
#7 resolve docker.io/library/golang:1.26-alpine@sha256:8ac98ca534ac3f51e1f420a1dd2c15e74c75cfa0f23f3ad27eb5d7236c349a0c 0.1s done
#7 DONE 0.1s

#8 [stage-2 1/5] FROM docker.io/library/alpine:3.20@sha256:d9e853e87e55526f6b2917df91a2115c36dd7c696a35be12163d44e6e2a4b6bc
#8 resolve docker.io/library/alpine:3.20@sha256:d9e853e87e55526f6b2917df91a2115c36dd7c696a35be12163d44e6e2a4b6bc 0.1s done
#8 DONE 0.1s

#9 [internal] load build context
#9 transferring context: 2.60MB 2.7s done
#9 DONE 2.8s

#10 [frontend 2/6] WORKDIR /web
#10 CACHED

#11 [frontend 3/6] COPY web/package.json web/package-lock.json ./
#11 CACHED

#12 [build 3/9] COPY go.mod go.sum ./
#12 CACHED

#13 [build 2/9] WORKDIR /src
#13 CACHED

#14 [frontend 4/6] RUN --mount=type=cache,target=/root/.npm npm ci --no-audit --no-fund
#14 CACHED

#15 [build 4/9] RUN --mount=type=cache,target=/go/pkg/mod go mod download
#15 CACHED

#16 [frontend 5/6] COPY web/ ./
#16 DONE 0.1s

#17 [build 5/9] COPY . .
#17 DONE 5.0s

#18 [frontend 6/6] RUN npm run build
#18 1.298 
#18 1.298 > iolink-admin-ui@0.1.0 build
#18 1.298 > vue-tsc -b && vite build
#18 1.298 
#18 5.588 vite v7.3.6 building client environment for production...
#18 5.650 transforming...
#18 7.611 node_modules/zod/v4/core/regexes.js (74:0): A comment
#18 7.611 
#18 7.611 "/** Anchors a pattern source. The interpolation lives here rather than at the call site because
#18 7.611  * esbuild will not drop a `@__PURE__` call whose own argument interpolates a variable, but it
#18 7.611  * will drop `anchor(dateSource)`. Keeping it inline pinned `date` into every bundle. */"
#18 7.611 
#18 7.611 in "node_modules/zod/v4/core/regexes.js" contains an annotation that Rollup cannot interpret due to the position of the comment. The comment will be removed to avoid issues.
#18 7.620 node_modules/zod/v4/core/util.js (400:0): A comment
#18 7.620 
#18 7.620 "// Wrapped in a `@__PURE__` IIFE: esbuild never tree-shakes a top-level initializer that contains a member access on `Number`, so the bare object literal survived into every bundle."
#18 7.620 
#18 7.620 in "node_modules/zod/v4/core/util.js" contains an annotation that Rollup cannot interpret due to the position of the comment. The comment will be removed to avoid issues.
#18 9.703 ✓ 1812 modules transformed.
#18 9.945 rendering chunks...
#18 10.23 computing gzip size...
#18 10.26 dist/index.html                                                             0.47 kB │ gzip:   0.33 kB
#18 10.26 dist/assets/ProductsView-DY-L-zJk.css                                       0.36 kB │ gzip:   0.23 kB
#18 10.26 dist/assets/TenantsView-CthDnldy.css                                        0.43 kB │ gzip:   0.25 kB
#18 10.26 dist/assets/SystemView-CbPy7H3Z.css                                         0.43 kB │ gzip:   0.22 kB
#18 10.26 dist/assets/index-D6CmpLJq.css                                            369.56 kB │ gzip:  50.66 kB
#18 10.26 dist/assets/metrics-mFZmf0P5.js                                             0.47 kB │ gzip:   0.33 kB
#18 10.26 dist/assets/MetricGrid.vue_vue_type_script_setup_true_lang-OlzGhMgo.js      1.01 kB │ gzip:   0.60 kB
#18 10.26 dist/assets/APIKeyAuditView-hctsuUYI.js                                     1.27 kB │ gzip:   0.81 kB
#18 10.26 dist/assets/LoginView-BMReyfLd.js                                           2.59 kB │ gzip:   1.53 kB
#18 10.26 dist/assets/AdminLayout-jZvvquaC.js                                         2.88 kB │ gzip:   1.52 kB
#18 10.26 dist/assets/DashboardView-6UjhrsUR.js                                       4.23 kB │ gzip:   2.00 kB
#18 10.26 dist/assets/TenantsView-K0jRpuE6.js                                         4.69 kB │ gzip:   2.21 kB
#18 10.26 dist/assets/AlarmsView-CS8gVEUr.js                                          4.69 kB │ gzip:   2.15 kB
#18 10.26 dist/assets/RulesView-BQgqcR2J.js                                           4.94 kB │ gzip:   2.02 kB
#18 10.26 dist/assets/PondsView-Dqr5SoDM.js                                           5.51 kB │ gzip:   2.26 kB
#18 10.26 dist/assets/DevicesView-Bgpdojvb.js                                         5.85 kB │ gzip:   2.59 kB
#18 10.26 dist/assets/ProductsView-Born23Y9.js                                        6.50 kB │ gzip:   2.52 kB
#18 10.26 dist/assets/SystemView-BdtfmBoL.js                                          9.29 kB │ gzip:   3.69 kB
#18 10.26 dist/assets/index-BtqaKsSH.js                                           1,189.99 kB │ gzip: 389.85 kB
#18 10.26 
#18 10.26 (!) Some chunks are larger than 500 kB after minification. Consider:
#18 10.26 - Using dynamic import() to code-split the application
#18 10.26 - Use build.rollupOptions.output.manualChunks to improve chunking: https://rollupjs.org/configuration-options/#output-manualchunks
#18 10.26 - Adjust chunk size limit for this warning via build.chunkSizeWarningLimit.
#18 10.26 ✓ built in 4.64s
#18 10.35 npm notice
#18 10.35 npm notice New major version of npm available! 11.19.0 -> 12.2.0
#18 10.35 npm notice Changelog: https://github.com/npm/cli/releases/tag/v12.2.0
#18 10.35 npm notice To update run: npm install -g npm@12.2.0
#18 10.35 npm notice
#18 DONE 10.4s

#19 [build 6/9] COPY --from=frontend /web/dist ./web/dist
#19 DONE 0.1s

#20 [build 7/9] RUN sh scripts/embed-frontend.sh
#20 DONE 0.2s

#21 [build 8/9] RUN --mount=type=cache,target=/go/pkg/mod --mount=type=cache,target=/root/.cache/go-build CGO_ENABLED=0 go build -ldflags="-s -w" -o /out/iolinkd ./cmd/iolinkd
#21 DONE 2.6s

#22 [build 9/9] RUN --mount=type=cache,target=/go/pkg/mod --mount=type=cache,target=/root/.cache/go-build CGO_ENABLED=0 go build -ldflags="-s -w" -o /out/mqtt-sim ./cmd/mqtt-sim
#22 DONE 0.4s

#23 [stage-2 2/5] RUN apk add --no-cache ca-certificates tzdata wget
#23 CACHED

#24 [stage-2 3/5] WORKDIR /app
#24 CACHED

#25 [stage-2 4/5] COPY --from=build /out/iolinkd /app/iolinkd
#25 DONE 0.1s

#26 [stage-2 5/5] COPY --from=build /out/mqtt-sim /app/mqtt-sim
#26 DONE 0.1s

#27 exporting to image
#27 exporting layers
#27 exporting layers 0.7s done
#27 exporting manifest sha256:cecdc9c4ddf0657e14ea261ecbdf4c2dea07493c631bb8d520eda5d59299f569 0.0s done
#27 exporting config sha256:ad28f20ff708093a465dfa297609a4e412ae28f3fe35749d4f03f30b9c6ecf98 0.0s done
#27 exporting attestation manifest sha256:ff816c0a9566c57c137803e3fd264cd3c25cbda54a27e0485ddf8bd8f2074e98 0.0s done
#27 exporting manifest list sha256:72ab9d5a1aa72f1388d2fb6809b6986e2eb90d2dc9b4a3fb00ae60f01ae03efc 0.0s done
#27 naming to docker.io/library/iolink:m6d-2b46c21 done
#27 unpacking to docker.io/library/iolink:m6d-2b46c21
#27 unpacking to docker.io/library/iolink:m6d-2b46c21 0.1s done
#27 DONE 0.9s
