go build ./...
go vet ./...
go test -race -shuffle=on ./... -count=1
ok  	git.hyhy.fun/rsplab/iolink/cmd/iolinkd	5.222s
ok  	git.hyhy.fun/rsplab/iolink/cmd/license-sign	1.345s
?   	git.hyhy.fun/rsplab/iolink/cmd/mqtt-once	[no test files]
?   	git.hyhy.fun/rsplab/iolink/cmd/mqtt-sim	[no test files]
?   	git.hyhy.fun/rsplab/iolink/cmd/offline-sbom	[no test files]
?   	git.hyhy.fun/rsplab/iolink/cmd/tp-spike-pub	[no test files]
ok  	git.hyhy.fun/rsplab/iolink/internal/access	1.022s
ok  	git.hyhy.fun/rsplab/iolink/internal/adminapi	10.835s
ok  	git.hyhy.fun/rsplab/iolink/internal/appapi	1.053s
ok  	git.hyhy.fun/rsplab/iolink/internal/authorization	1.014s
ok  	git.hyhy.fun/rsplab/iolink/internal/core	144.260s
ok  	git.hyhy.fun/rsplab/iolink/internal/domain	1.028s
?   	git.hyhy.fun/rsplab/iolink/internal/event	[no test files]
ok  	git.hyhy.fun/rsplab/iolink/internal/ingestion	2.696s
ok  	git.hyhy.fun/rsplab/iolink/internal/license	39.240s
ok  	git.hyhy.fun/rsplab/iolink/internal/migrate	10.782s
ok  	git.hyhy.fun/rsplab/iolink/internal/notifications	8.407s
ok  	git.hyhy.fun/rsplab/iolink/internal/observability	1.628s
ok  	git.hyhy.fun/rsplab/iolink/internal/openapi	1.192s
ok  	git.hyhy.fun/rsplab/iolink/internal/operations	1.051s
ok  	git.hyhy.fun/rsplab/iolink/internal/persistence	2.487s
ok  	git.hyhy.fun/rsplab/iolink/internal/platform	1.823s
?   	git.hyhy.fun/rsplab/iolink/internal/testdb	[no test files]
?   	git.hyhy.fun/rsplab/iolink/internal/web	[no test files]
ok  	git.hyhy.fun/rsplab/iolink/internal/wechat	1.020s
?   	git.hyhy.fun/rsplab/iolink/internal/wire	[no test files]
