go build ./...
go vet ./...
go test -race -shuffle=on ./... -count=1
ok  	git.hyhy.fun/rsplab/iolink/cmd/iolinkd	4.104s
ok  	git.hyhy.fun/rsplab/iolink/cmd/license-sign	1.337s
?   	git.hyhy.fun/rsplab/iolink/cmd/mqtt-once	[no test files]
?   	git.hyhy.fun/rsplab/iolink/cmd/mqtt-sim	[no test files]
?   	git.hyhy.fun/rsplab/iolink/cmd/offline-sbom	[no test files]
?   	git.hyhy.fun/rsplab/iolink/cmd/tp-spike-pub	[no test files]
ok  	git.hyhy.fun/rsplab/iolink/internal/access	1.029s
ok  	git.hyhy.fun/rsplab/iolink/internal/adminapi	10.171s
ok  	git.hyhy.fun/rsplab/iolink/internal/appapi	1.074s
ok  	git.hyhy.fun/rsplab/iolink/internal/authorization	1.048s
ok  	git.hyhy.fun/rsplab/iolink/internal/core	94.435s
ok  	git.hyhy.fun/rsplab/iolink/internal/domain	1.020s
?   	git.hyhy.fun/rsplab/iolink/internal/event	[no test files]
ok  	git.hyhy.fun/rsplab/iolink/internal/ingestion	2.017s
ok  	git.hyhy.fun/rsplab/iolink/internal/license	31.655s
ok  	git.hyhy.fun/rsplab/iolink/internal/migrate	8.874s
ok  	git.hyhy.fun/rsplab/iolink/internal/notifications	6.373s
ok  	git.hyhy.fun/rsplab/iolink/internal/observability	1.567s
ok  	git.hyhy.fun/rsplab/iolink/internal/openapi	1.181s
ok  	git.hyhy.fun/rsplab/iolink/internal/operations	1.030s
ok  	git.hyhy.fun/rsplab/iolink/internal/persistence	1.747s
ok  	git.hyhy.fun/rsplab/iolink/internal/platform	1.711s
?   	git.hyhy.fun/rsplab/iolink/internal/testdb	[no test files]
?   	git.hyhy.fun/rsplab/iolink/internal/web	[no test files]
ok  	git.hyhy.fun/rsplab/iolink/internal/wechat	1.017s
?   	git.hyhy.fun/rsplab/iolink/internal/wire	[no test files]
