go build ./...
go vet ./...
go test -race -shuffle=on ./... -count=1
ok  	git.hyhy.fun/rsplab/iolink/cmd/iolinkd	7.553s
ok  	git.hyhy.fun/rsplab/iolink/cmd/license-sign	1.305s
?   	git.hyhy.fun/rsplab/iolink/cmd/mqtt-once	[no test files]
?   	git.hyhy.fun/rsplab/iolink/cmd/mqtt-sim	[no test files]
?   	git.hyhy.fun/rsplab/iolink/cmd/offline-sbom	[no test files]
?   	git.hyhy.fun/rsplab/iolink/cmd/tp-spike-pub	[no test files]
ok  	git.hyhy.fun/rsplab/iolink/internal/access	1.023s
ok  	git.hyhy.fun/rsplab/iolink/internal/adminapi	12.406s
ok  	git.hyhy.fun/rsplab/iolink/internal/appapi	1.051s
ok  	git.hyhy.fun/rsplab/iolink/internal/authorization	1.016s
ok  	git.hyhy.fun/rsplab/iolink/internal/core	117.999s
ok  	git.hyhy.fun/rsplab/iolink/internal/domain	1.016s
?   	git.hyhy.fun/rsplab/iolink/internal/event	[no test files]
ok  	git.hyhy.fun/rsplab/iolink/internal/ingestion	3.446s
ok  	git.hyhy.fun/rsplab/iolink/internal/license	41.892s
ok  	git.hyhy.fun/rsplab/iolink/internal/migrate	15.294s
ok  	git.hyhy.fun/rsplab/iolink/internal/notifications	13.104s
ok  	git.hyhy.fun/rsplab/iolink/internal/observability	1.841s
ok  	git.hyhy.fun/rsplab/iolink/internal/openapi	1.181s
ok  	git.hyhy.fun/rsplab/iolink/internal/operations	1.047s
ok  	git.hyhy.fun/rsplab/iolink/internal/persistence	2.721s
ok  	git.hyhy.fun/rsplab/iolink/internal/platform	1.950s
?   	git.hyhy.fun/rsplab/iolink/internal/testdb	[no test files]
?   	git.hyhy.fun/rsplab/iolink/internal/web	[no test files]
ok  	git.hyhy.fun/rsplab/iolink/internal/wechat	1.023s
?   	git.hyhy.fun/rsplab/iolink/internal/wire	[no test files]
