.venv/contracts/bin/python scripts/check_contracts.py
docs/api/admin-openapi.yaml: standard schema and 44 operation fixtures PASS
docs/api/license-openapi.yaml: standard schema and 3 operation fixtures PASS
docs/api/open-openapi.yaml: standard schema and 5 operation fixtures PASS
docs/api/openapi.yaml: standard schema and 15 operation fixtures PASS
67 target operations, 334 synthetic request/response fixtures PASS; live handler verification is R02.c
architecture manifests: 55 requirements, owners, providers, references, and AGENTS.md scope PASS

> iolink-admin-ui@0.1.0 e2e
> playwright test --reporter=line

[WebServer] (node:1188812) Warning: The 'NO_COLOR' env is ignored due to the 'FORCE_COLOR' env being set.
[WebServer] (Use `node --trace-warnings ...` to show where the warning was created)


Running 17 tests using 4 workers

(node:1189076) Warning: The 'NO_COLOR' env is ignored due to the 'FORCE_COLOR' env being set.
(Use `node --trace-warnings ...` to show where the warning was created)


(node:1189087) Warning: The 'NO_COLOR' env is ignored due to the 'FORCE_COLOR' env being set.
(Use `node --trace-warnings ...` to show where the warning was created)


(node:1189090) Warning: The 'NO_COLOR' env is ignored due to the 'FORCE_COLOR' env being set.
(Use `node --trace-warnings ...` to show where the warning was created)


[1/17] e2e/smoke.spec.ts:3:1 › 管理员可从登录进入运营总览
[2/17] e2e/admin-pages.spec.ts:9:1 › 所有管理页面在桌面和窄屏保持可用
(node:1189080) Warning: The 'NO_COLOR' env is ignored due to the 'FORCE_COLOR' env being set.
(Use `node --trace-warnings ...` to show where the warning was created)


[3/17] e2e/m6d.spec.ts:10:1 › demo API Key form and audit navigation smoke
[4/17] e2e/support-expiry.spec.ts:8:5 › 支持到期：Asia/Shanghai › 未编辑到期时间的重复保存保留 UTC 精度：2099-10-02T05:00:37Z
[5/17] e2e/smoke.spec.ts:15:1 › 主导航可进入设备管理
[6/17] e2e/support-expiry.spec.ts:8:5 › 支持到期：Asia/Shanghai › 未编辑到期时间的重复保存保留 UTC 精度：2099-10-02T05:00:37.123Z
[7/17] e2e/support-expiry.spec.ts:43:5 › 支持到期：Asia/Shanghai › 上海时间显示、编辑、保存和重载保持同一瞬间
[8/17] e2e/support-expiry.spec.ts:8:5 › 支持到期：UTC › 未编辑到期时间的重复保存保留 UTC 精度：2099-10-02T05:00:37Z
[9/17] e2e/support-expiry.spec.ts:8:5 › 支持到期：UTC › 未编辑到期时间的重复保存保留 UTC 精度：2099-10-02T05:00:37.123Z
[10/17] e2e/support-expiry.spec.ts:43:5 › 支持到期：UTC › 上海时间显示、编辑、保存和重载保持同一瞬间
[11/17] e2e/support-expiry.spec.ts:8:5 › 支持到期：America/New_York › 未编辑到期时间的重复保存保留 UTC 精度：2099-10-02T05:00:37Z
[12/17] e2e/support-expiry.spec.ts:8:5 › 支持到期：America/New_York › 未编辑到期时间的重复保存保留 UTC 精度：2099-10-02T05:00:37.123Z
[13/17] e2e/support-expiry.spec.ts:43:5 › 支持到期：America/New_York › 上海时间显示、编辑、保存和重载保持同一瞬间
[14/17] e2e/admin-pages.spec.ts:32:1 › 创建、确认和改密流程显示可恢复状态
[15/17] e2e/admin-pages.spec.ts:60:1 › 过期会话回到登录页并清理本地令牌
[16/17] e2e/admin-pages.spec.ts:71:1 › 产品页可创建包含数值和枚举字段的版本并发布分配
[17/17] e2e/admin-pages.spec.ts:101:1 › 组织成员角色变更、支持期限和停用状态可保存
  17 passed (35.1s)
#0 building with "default" instance using docker driver

#1 [internal] load build definition from Dockerfile
#1 transferring dockerfile: 1.03kB done
#1 DONE 0.0s

#2 [internal] load metadata for docker.io/library/alpine:3.20
#2 DONE 0.0s

#3 [internal] load metadata for docker.io/library/golang:1.26-alpine
#3 ...

#4 [internal] load metadata for docker.io/library/node:24-alpine
#4 DONE 1.4s

#3 [internal] load metadata for docker.io/library/golang:1.26-alpine
#3 DONE 1.4s

#5 [internal] load .dockerignore
#5 transferring context: 256B done
#5 DONE 0.0s

#6 [build 1/9] FROM docker.io/library/golang:1.26-alpine@sha256:8ac98ca534ac3f51e1f420a1dd2c15e74c75cfa0f23f3ad27eb5d7236c349a0c
#6 resolve docker.io/library/golang:1.26-alpine@sha256:8ac98ca534ac3f51e1f420a1dd2c15e74c75cfa0f23f3ad27eb5d7236c349a0c 0.0s done
#6 DONE 0.0s

#7 [frontend 1/6] FROM docker.io/library/node:24-alpine@sha256:ebfe2f90462722a7a4de65e91990e97fe0d401c70e0e762c5b53302f905ec1c1
#7 resolve docker.io/library/node:24-alpine@sha256:ebfe2f90462722a7a4de65e91990e97fe0d401c70e0e762c5b53302f905ec1c1 0.0s done
#7 DONE 0.0s

#8 [stage-2 1/5] FROM docker.io/library/alpine:3.20@sha256:d9e853e87e55526f6b2917df91a2115c36dd7c696a35be12163d44e6e2a4b6bc
#8 resolve docker.io/library/alpine:3.20@sha256:d9e853e87e55526f6b2917df91a2115c36dd7c696a35be12163d44e6e2a4b6bc 0.0s done
#8 DONE 0.0s

#9 [internal] load build context
#9 transferring context: 2.79MB 0.2s done
#9 DONE 0.2s

#10 [build 2/9] WORKDIR /src
#10 CACHED

#11 [build 3/9] COPY go.mod go.sum ./
#11 CACHED

#12 [frontend 2/6] WORKDIR /web
#12 CACHED

#13 [frontend 3/6] COPY web/package.json web/package-lock.json ./
#13 CACHED

#14 [build 4/9] RUN --mount=type=cache,target=/go/pkg/mod go mod download
#14 CACHED

#15 [frontend 4/6] RUN --mount=type=cache,target=/root/.npm npm ci --no-audit --no-fund
#15 CACHED

#16 [frontend 5/6] COPY web/ ./
#16 DONE 0.0s

#17 [build 5/9] COPY . .
#17 DONE 1.4s

#18 [frontend 6/6] RUN npm run build
#18 0.476 
#18 0.476 > iolink-admin-ui@0.1.0 build
#18 0.476 > vue-tsc -b && vite build
#18 0.476 
#18 3.834 vite v7.3.6 building client environment for production...
#18 3.889 transforming...
#18 5.495 node_modules/zod/v4/core/util.js (400:0): A comment
#18 5.495 
#18 5.495 "// Wrapped in a `@__PURE__` IIFE: esbuild never tree-shakes a top-level initializer that contains a member access on `Number`, so the bare object literal survived into every bundle."
#18 5.495 
#18 5.495 in "node_modules/zod/v4/core/util.js" contains an annotation that Rollup cannot interpret due to the position of the comment. The comment will be removed to avoid issues.
#18 5.503 node_modules/zod/v4/core/regexes.js (74:0): A comment
#18 5.503 
#18 5.503 "/** Anchors a pattern source. The interpolation lives here rather than at the call site because
#18 5.503  * esbuild will not drop a `@__PURE__` call whose own argument interpolates a variable, but it
#18 5.503  * will drop `anchor(dateSource)`. Keeping it inline pinned `date` into every bundle. */"
#18 5.503 
#18 5.503 in "node_modules/zod/v4/core/regexes.js" contains an annotation that Rollup cannot interpret due to the position of the comment. The comment will be removed to avoid issues.
#18 7.442 ✓ 1814 modules transformed.
#18 7.646 rendering chunks...
#18 7.918 computing gzip size...
#18 7.953 dist/index.html                                                             0.47 kB │ gzip:   0.33 kB
#18 7.953 dist/assets/ProductsView-DY-L-zJk.css                                       0.36 kB │ gzip:   0.23 kB
#18 7.953 dist/assets/TenantsView-CthDnldy.css                                        0.43 kB │ gzip:   0.25 kB
#18 7.953 dist/assets/SystemView-DXSp833N.css                                         0.43 kB │ gzip:   0.23 kB
#18 7.953 dist/assets/index-D6CmpLJq.css                                            369.56 kB │ gzip:  50.66 kB
#18 7.953 dist/assets/metrics-mFZmf0P5.js                                             0.47 kB │ gzip:   0.33 kB
#18 7.953 dist/assets/MetricGrid.vue_vue_type_script_setup_true_lang-CSfcFVRU.js      1.01 kB │ gzip:   0.61 kB
#18 7.953 dist/assets/APIKeyAuditView-KET-Ie1X.js                                     1.27 kB │ gzip:   0.81 kB
#18 7.953 dist/assets/LoginView-CUG2GvDw.js                                           2.59 kB │ gzip:   1.52 kB
#18 7.953 dist/assets/AdminLayout-uMhm0Yo-.js                                         2.88 kB │ gzip:   1.53 kB
#18 7.953 dist/assets/DashboardView-fSIaztcg.js                                       4.23 kB │ gzip:   2.01 kB
#18 7.953 dist/assets/TenantsView-BAHWFmMk.js                                         4.69 kB │ gzip:   2.21 kB
#18 7.953 dist/assets/AlarmsView-BukraJYs.js                                          4.69 kB │ gzip:   2.15 kB
#18 7.953 dist/assets/RulesView-DUTRJNZt.js                                           4.94 kB │ gzip:   2.02 kB
#18 7.953 dist/assets/PondsView-BrupJ95J.js                                           5.51 kB │ gzip:   2.26 kB
#18 7.953 dist/assets/DevicesView-4It8_6lE.js                                         5.85 kB │ gzip:   2.59 kB
#18 7.953 dist/assets/ProductsView-DVz7EENy.js                                        6.50 kB │ gzip:   2.52 kB
#18 7.953 dist/assets/SystemView-CT2wYcCz.js                                         10.37 kB │ gzip:   4.08 kB
#18 7.953 dist/assets/index-BwifrCkK.js                                           1,195.20 kB │ gzip: 391.23 kB
#18 7.953 
#18 7.953 (!) Some chunks are larger than 500 kB after minification. Consider:
#18 7.953 - Using dynamic import() to code-split the application
#18 7.953 - Use build.rollupOptions.output.manualChunks to improve chunking: https://rollupjs.org/configuration-options/#output-manualchunks
#18 7.953 - Adjust chunk size limit for this warning via build.chunkSizeWarningLimit.
#18 7.954 ✓ built in 4.10s
#18 8.041 npm notice
#18 8.041 npm notice New major version of npm available! 11.19.0 -> 12.2.0
#18 8.041 npm notice Changelog: https://github.com/npm/cli/releases/tag/v12.2.0
#18 8.041 npm notice To update run: npm install -g npm@12.2.0
#18 8.041 npm notice
#18 DONE 8.1s

#19 [build 6/9] COPY --from=frontend /web/dist ./web/dist
#19 DONE 0.1s

#20 [build 7/9] RUN sh scripts/embed-frontend.sh
#20 DONE 0.2s

#21 [build 8/9] RUN --mount=type=cache,target=/go/pkg/mod --mount=type=cache,target=/root/.cache/go-build CGO_ENABLED=0 go build -ldflags="-s -w" -o /out/iolinkd ./cmd/iolinkd
#21 DONE 2.1s

#22 [build 9/9] RUN --mount=type=cache,target=/go/pkg/mod --mount=type=cache,target=/root/.cache/go-build CGO_ENABLED=0 go build -ldflags="-s -w" -o /out/mqtt-sim ./cmd/mqtt-sim
#22 DONE 0.4s

#23 [stage-2 2/5] RUN apk add --no-cache ca-certificates tzdata wget
#23 CACHED

#24 [stage-2 3/5] WORKDIR /app
#24 CACHED

#25 [stage-2 4/5] COPY --from=build /out/iolinkd /app/iolinkd
#25 DONE 0.1s

#26 [stage-2 5/5] COPY --from=build /out/mqtt-sim /app/mqtt-sim
#26 DONE 0.0s

#27 exporting to image
#27 exporting layers
#27 exporting layers 0.6s done
#27 exporting manifest sha256:ad473a263fef3c1cb34c5b8cf02823d69f079a5c80ea8c693ae434603d5e1867 0.0s done
#27 exporting config sha256:04c78e0f12910b5297950b34f4986233a1a172a7a257bd420ed09da876d884ff 0.0s done
#27 exporting attestation manifest sha256:67791af4454d28be601c8d7fc44372eaab678a959213204f9f2750cd63139081 0.0s done
#27 exporting manifest list sha256:c8890869080e5eb0b30ae6f3f85549aa291e573672b85d2d521e68dfeb8d2a87 0.0s done
#27 naming to docker.io/library/iolink:m6d-06d2486 done
#27 unpacking to docker.io/library/iolink:m6d-06d2486 0.1s done
#27 DONE 0.8s
