.venv/contracts/bin/python scripts/check_contracts.py
docs/api/admin-openapi.yaml: standard schema and 44 operation fixtures PASS
docs/api/license-openapi.yaml: standard schema and 3 operation fixtures PASS
docs/api/open-openapi.yaml: standard schema and 5 operation fixtures PASS
docs/api/openapi.yaml: standard schema and 15 operation fixtures PASS
67 target operations, 333 synthetic request/response fixtures PASS; live handler verification is R02.c
architecture manifests: 55 requirements, owners, providers, references, and AGENTS.md scope PASS

> iolink-admin-ui@0.1.0 test
> vitest run tests --run


 RUN  v5.0.1 /media/yun/706bc403-c76c-4fdd-8a3f-d954b6189048/iolink/web


 Test Files  5 passed (5)
      Tests  44 passed (44)
   Start at  15:58:41
   Duration  172ms (transform 51%, import 39%, tests 7%, worker 3%)


> iolink-admin-ui@0.1.0 typecheck
> vue-tsc -b


> iolink-admin-ui@0.1.0 build
> vue-tsc -b && vite build

vite v7.3.6 building client environment for production...
transforming...
node_modules/zod/v4/core/util.js (400:0): A comment

"// Wrapped in a `@__PURE__` IIFE: esbuild never tree-shakes a top-level initializer that contains a member access on `Number`, so the bare object literal survived into every bundle."

in "node_modules/zod/v4/core/util.js" contains an annotation that Rollup cannot interpret due to the position of the comment. The comment will be removed to avoid issues.
node_modules/zod/v4/core/regexes.js (74:0): A comment

"/** Anchors a pattern source. The interpolation lives here rather than at the call site because
 * esbuild will not drop a `@__PURE__` call whose own argument interpolates a variable, but it
 * will drop `anchor(dateSource)`. Keeping it inline pinned `date` into every bundle. */"

in "node_modules/zod/v4/core/regexes.js" contains an annotation that Rollup cannot interpret due to the position of the comment. The comment will be removed to avoid issues.
✓ 1814 modules transformed.
rendering chunks...
computing gzip size...
dist/index.html                                                             0.47 kB │ gzip:   0.33 kB
dist/assets/ProductsView-DY-L-zJk.css                                       0.36 kB │ gzip:   0.23 kB
dist/assets/TenantsView-CthDnldy.css                                        0.43 kB │ gzip:   0.25 kB
dist/assets/SystemView-DaTFDEC-.css                                         0.43 kB │ gzip:   0.22 kB
dist/assets/index-D6CmpLJq.css                                            369.56 kB │ gzip:  50.66 kB
dist/assets/metrics-mFZmf0P5.js                                             0.47 kB │ gzip:   0.33 kB
dist/assets/MetricGrid.vue_vue_type_script_setup_true_lang-CsuHf9-I.js      1.01 kB │ gzip:   0.60 kB
dist/assets/APIKeyAuditView-ClPySYyO.js                                     1.27 kB │ gzip:   0.81 kB
dist/assets/LoginView-CTIfJ7UJ.js                                           2.59 kB │ gzip:   1.53 kB
dist/assets/AdminLayout-C20eggv9.js                                         2.88 kB │ gzip:   1.52 kB
dist/assets/DashboardView-D0h1-mN_.js                                       4.23 kB │ gzip:   2.00 kB
dist/assets/TenantsView-DXkqnJeW.js                                         4.69 kB │ gzip:   2.21 kB
dist/assets/AlarmsView-BicgmmQ9.js                                          4.69 kB │ gzip:   2.15 kB
dist/assets/RulesView-DNaXtR2U.js                                           4.94 kB │ gzip:   2.02 kB
dist/assets/PondsView-DSmjib1s.js                                           5.51 kB │ gzip:   2.26 kB
dist/assets/DevicesView-DioyRedu.js                                         5.85 kB │ gzip:   2.59 kB
dist/assets/ProductsView-B_0-XBZM.js                                        6.50 kB │ gzip:   2.52 kB
dist/assets/SystemView-BY7mti8A.js                                         10.18 kB │ gzip:   4.04 kB
dist/assets/index-Bn0znREm.js                                           1,195.20 kB │ gzip: 391.21 kB

(!) Some chunks are larger than 500 kB after minification. Consider:
- Using dynamic import() to code-split the application
- Use build.rollupOptions.output.manualChunks to improve chunking: https://rollupjs.org/configuration-options/#output-manualchunks
- Adjust chunk size limit for this warning via build.chunkSizeWarningLimit.
✓ built in 4.56s

> iolink-admin-ui@0.1.0 e2e
> playwright test --reporter=line

[WebServer] (node:1138791) Warning: The 'NO_COLOR' env is ignored due to the 'FORCE_COLOR' env being set.
[WebServer] (Use `node --trace-warnings ...` to show where the warning was created)


Running 17 tests using 4 workers

(node:1138831) Warning: The 'NO_COLOR' env is ignored due to the 'FORCE_COLOR' env being set.
(Use `node --trace-warnings ...` to show where the warning was created)


(node:1138819) Warning: The 'NO_COLOR' env is ignored due to the 'FORCE_COLOR' env being set.
(Use `node --trace-warnings ...` to show where the warning was created)


(node:1138825) Warning: The 'NO_COLOR' env is ignored due to the 'FORCE_COLOR' env being set.
(Use `node --trace-warnings ...` to show where the warning was created)


(node:1138818) Warning: The 'NO_COLOR' env is ignored due to the 'FORCE_COLOR' env being set.
(Use `node --trace-warnings ...` to show where the warning was created)


[1/17] e2e/smoke.spec.ts:3:1 › 管理员可从登录进入运营总览
[2/17] e2e/support-expiry.spec.ts:8:5 › 支持到期：Asia/Shanghai › 未编辑到期时间的重复保存保留 UTC 精度：2099-10-02T05:00:37Z
[3/17] e2e/m6d.spec.ts:10:1 › API Key resource scope and audit page use the signed management contract
[4/17] e2e/admin-pages.spec.ts:9:1 › 所有管理页面在桌面和窄屏保持可用
[5/17] e2e/smoke.spec.ts:15:1 › 主导航可进入设备管理
[6/17] e2e/support-expiry.spec.ts:8:5 › 支持到期：Asia/Shanghai › 未编辑到期时间的重复保存保留 UTC 精度：2099-10-02T05:00:37.123Z
[7/17] e2e/support-expiry.spec.ts:43:5 › 支持到期：Asia/Shanghai › 上海时间显示、编辑、保存和重载保持同一瞬间
[8/17] e2e/support-expiry.spec.ts:8:5 › 支持到期：UTC › 未编辑到期时间的重复保存保留 UTC 精度：2099-10-02T05:00:37Z
[9/17] e2e/support-expiry.spec.ts:8:5 › 支持到期：UTC › 未编辑到期时间的重复保存保留 UTC 精度：2099-10-02T05:00:37.123Z
[10/17] e2e/support-expiry.spec.ts:43:5 › 支持到期：UTC › 上海时间显示、编辑、保存和重载保持同一瞬间
[11/17] e2e/support-expiry.spec.ts:8:5 › 支持到期：America/New_York › 未编辑到期时间的重复保存保留 UTC 精度：2099-10-02T05:00:37Z
[12/17] e2e/support-expiry.spec.ts:8:5 › 支持到期：America/New_York › 未编辑到期时间的重复保存保留 UTC 精度：2099-10-02T05:00:37.123Z
[13/17] e2e/support-expiry.spec.ts:43:5 › 支持到期：America/New_York › 上海时间显示、编辑、保存和重载保持同一瞬间
[14/17] e2e/admin-pages.spec.ts:32:1 › 创建、确认和改密流程显示可恢复状态
[15/17] e2e/admin-pages.spec.ts:60:1 › 过期会话回到登录页并清理本地令牌
[16/17] e2e/admin-pages.spec.ts:71:1 › 产品页可创建包含数值和枚举字段的版本并发布分配
[17/17] e2e/admin-pages.spec.ts:101:1 › 组织成员角色变更、支持期限和停用状态可保存
  17 passed (33.9s)
#0 building with "default" instance using docker driver

#1 [internal] load build definition from Dockerfile
#1 transferring dockerfile: 1.03kB done
#1 DONE 0.0s

#2 [internal] load metadata for docker.io/library/alpine:3.20
#2 DONE 0.0s

#3 [internal] load metadata for docker.io/library/node:24-alpine
#3 ...

#4 [internal] load metadata for docker.io/library/golang:1.26-alpine
#4 DONE 0.7s

#3 [internal] load metadata for docker.io/library/node:24-alpine
#3 DONE 0.7s

#5 [internal] load .dockerignore
#5 transferring context: 256B done
#5 DONE 0.0s

#6 [build 1/9] FROM docker.io/library/golang:1.26-alpine@sha256:8ac98ca534ac3f51e1f420a1dd2c15e74c75cfa0f23f3ad27eb5d7236c349a0c
#6 resolve docker.io/library/golang:1.26-alpine@sha256:8ac98ca534ac3f51e1f420a1dd2c15e74c75cfa0f23f3ad27eb5d7236c349a0c 0.1s done
#6 DONE 0.1s

#7 [frontend 1/6] FROM docker.io/library/node:24-alpine@sha256:ebfe2f90462722a7a4de65e91990e97fe0d401c70e0e762c5b53302f905ec1c1
#7 resolve docker.io/library/node:24-alpine@sha256:ebfe2f90462722a7a4de65e91990e97fe0d401c70e0e762c5b53302f905ec1c1 0.1s done
#7 DONE 0.1s

#8 [internal] load build context
#8 ...

#9 [stage-2 1/5] FROM docker.io/library/alpine:3.20@sha256:d9e853e87e55526f6b2917df91a2115c36dd7c696a35be12163d44e6e2a4b6bc
#9 resolve docker.io/library/alpine:3.20@sha256:d9e853e87e55526f6b2917df91a2115c36dd7c696a35be12163d44e6e2a4b6bc 0.1s done
#9 DONE 0.1s

#8 [internal] load build context
#8 transferring context: 2.59MB 0.2s done
#8 DONE 0.2s

#10 [frontend 3/6] COPY web/package.json web/package-lock.json ./
#10 CACHED

#11 [frontend 2/6] WORKDIR /web
#11 CACHED

#12 [build 2/9] WORKDIR /src
#12 CACHED

#13 [build 3/9] COPY go.mod go.sum ./
#13 CACHED

#14 [frontend 4/6] RUN --mount=type=cache,target=/root/.npm npm ci --no-audit --no-fund
#14 CACHED

#15 [build 4/9] RUN --mount=type=cache,target=/go/pkg/mod go mod download
#15 CACHED

#16 [frontend 5/6] COPY web/ ./
#16 DONE 0.1s

#17 [build 5/9] COPY . .
#17 DONE 1.5s

#18 [frontend 6/6] RUN npm run build
#18 0.495 
#18 0.495 > iolink-admin-ui@0.1.0 build
#18 0.495 > vue-tsc -b && vite build
#18 0.495 
#18 3.863 vite v7.3.6 building client environment for production...
#18 3.917 transforming...
#18 5.570 node_modules/zod/v4/core/regexes.js (74:0): A comment
#18 5.570 
#18 5.570 "/** Anchors a pattern source. The interpolation lives here rather than at the call site because
#18 5.570  * esbuild will not drop a `@__PURE__` call whose own argument interpolates a variable, but it
#18 5.570  * will drop `anchor(dateSource)`. Keeping it inline pinned `date` into every bundle. */"
#18 5.570 
#18 5.570 in "node_modules/zod/v4/core/regexes.js" contains an annotation that Rollup cannot interpret due to the position of the comment. The comment will be removed to avoid issues.
#18 5.572 node_modules/zod/v4/core/util.js (400:0): A comment
#18 5.572 
#18 5.572 "// Wrapped in a `@__PURE__` IIFE: esbuild never tree-shakes a top-level initializer that contains a member access on `Number`, so the bare object literal survived into every bundle."
#18 5.572 
#18 5.572 in "node_modules/zod/v4/core/util.js" contains an annotation that Rollup cannot interpret due to the position of the comment. The comment will be removed to avoid issues.
#18 7.511 ✓ 1814 modules transformed.
#18 7.728 rendering chunks...
#18 8.007 computing gzip size...
#18 8.044 dist/index.html                                                             0.47 kB │ gzip:   0.33 kB
#18 8.044 dist/assets/ProductsView-DY-L-zJk.css                                       0.36 kB │ gzip:   0.23 kB
#18 8.044 dist/assets/TenantsView-CthDnldy.css                                        0.43 kB │ gzip:   0.25 kB
#18 8.044 dist/assets/SystemView-DaTFDEC-.css                                         0.43 kB │ gzip:   0.22 kB
#18 8.044 dist/assets/index-D6CmpLJq.css                                            369.56 kB │ gzip:  50.66 kB
#18 8.044 dist/assets/metrics-mFZmf0P5.js                                             0.47 kB │ gzip:   0.33 kB
#18 8.044 dist/assets/MetricGrid.vue_vue_type_script_setup_true_lang-CsuHf9-I.js      1.01 kB │ gzip:   0.60 kB
#18 8.044 dist/assets/APIKeyAuditView-ClPySYyO.js                                     1.27 kB │ gzip:   0.81 kB
#18 8.044 dist/assets/LoginView-CTIfJ7UJ.js                                           2.59 kB │ gzip:   1.53 kB
#18 8.044 dist/assets/AdminLayout-C20eggv9.js                                         2.88 kB │ gzip:   1.52 kB
#18 8.044 dist/assets/DashboardView-D0h1-mN_.js                                       4.23 kB │ gzip:   2.00 kB
#18 8.044 dist/assets/TenantsView-DXkqnJeW.js                                         4.69 kB │ gzip:   2.21 kB
#18 8.044 dist/assets/AlarmsView-BicgmmQ9.js                                          4.69 kB │ gzip:   2.15 kB
#18 8.044 dist/assets/RulesView-DNaXtR2U.js                                           4.94 kB │ gzip:   2.02 kB
#18 8.044 dist/assets/PondsView-DSmjib1s.js                                           5.51 kB │ gzip:   2.26 kB
#18 8.044 dist/assets/DevicesView-DioyRedu.js                                         5.85 kB │ gzip:   2.59 kB
#18 8.044 dist/assets/ProductsView-B_0-XBZM.js                                        6.50 kB │ gzip:   2.52 kB
#18 8.044 dist/assets/SystemView-BY7mti8A.js                                         10.18 kB │ gzip:   4.04 kB
#18 8.044 dist/assets/index-Bn0znREm.js                                           1,195.20 kB │ gzip: 391.21 kB
#18 8.044 
#18 8.044 (!) Some chunks are larger than 500 kB after minification. Consider:
#18 8.044 - Using dynamic import() to code-split the application
#18 8.044 - Use build.rollupOptions.output.manualChunks to improve chunking: https://rollupjs.org/configuration-options/#output-manualchunks
#18 8.044 - Adjust chunk size limit for this warning via build.chunkSizeWarningLimit.
#18 8.044 ✓ built in 4.16s
#18 8.136 npm notice
#18 8.136 npm notice New major version of npm available! 11.19.0 -> 12.2.0
#18 8.136 npm notice Changelog: https://github.com/npm/cli/releases/tag/v12.2.0
#18 8.136 npm notice To update run: npm install -g npm@12.2.0
#18 8.136 npm notice
#18 DONE 8.2s

#19 [build 6/9] COPY --from=frontend /web/dist ./web/dist
#19 DONE 0.1s

#20 [build 7/9] RUN sh scripts/embed-frontend.sh
#20 DONE 0.2s

#21 [build 8/9] RUN --mount=type=cache,target=/go/pkg/mod --mount=type=cache,target=/root/.cache/go-build CGO_ENABLED=0 go build -ldflags="-s -w" -o /out/iolinkd ./cmd/iolinkd
#21 DONE 2.6s

#22 [build 9/9] RUN --mount=type=cache,target=/go/pkg/mod --mount=type=cache,target=/root/.cache/go-build CGO_ENABLED=0 go build -ldflags="-s -w" -o /out/mqtt-sim ./cmd/mqtt-sim
#22 DONE 0.4s

#23 [stage-2 2/5] RUN apk add --no-cache ca-certificates tzdata wget
#23 CACHED

#24 [stage-2 3/5] WORKDIR /app
#24 CACHED

#25 [stage-2 4/5] COPY --from=build /out/iolinkd /app/iolinkd
#25 DONE 0.1s

#26 [stage-2 5/5] COPY --from=build /out/mqtt-sim /app/mqtt-sim
#26 DONE 0.1s

#27 exporting to image
#27 exporting layers
#27 exporting layers 0.7s done
#27 exporting manifest sha256:a50f4184599d043508dcfbdd94a99bf9603426914c0c4ec6a85d73733b45d34e 0.0s done
#27 exporting config sha256:0a6aa019ff7030e5229b90d2a328d7fa64d84cedf93a931f8ab1d9156c04ad82 0.0s done
#27 exporting attestation manifest sha256:edcfbe0dc4ae782add93abeed412c97f18b32c9482889fc72b7aaa2e06c201e5 0.0s done
#27 exporting manifest list sha256:8c4a333f202daab6c942dfd96cd71b28c5090e73da3f8e39755addc909ae2752
#27 exporting manifest list sha256:8c4a333f202daab6c942dfd96cd71b28c5090e73da3f8e39755addc909ae2752 0.0s done
#27 naming to docker.io/library/iolink:m6d-b4b9335 done
#27 unpacking to docker.io/library/iolink:m6d-b4b9335 0.1s done
#27 DONE 1.0s
