=== RUN   TestM6dResourceHTTP_filtersListsAndDetails
[GIN-debug] [WARNING] Running in "debug" mode. Switch to "release" mode in production.
 - using env:	export GIN_MODE=release
 - using code:	gin.SetMode(gin.ReleaseMode)

[GIN-debug] GET    /open/v1/ponds            --> git.hyhy.fun/rsplab/iolink/internal/openapi.(*Server).listPonds-fm (3 handlers)
[GIN-debug] GET    /open/v1/ponds/:id        --> git.hyhy.fun/rsplab/iolink/internal/openapi.(*Server).getPond-fm (3 handlers)
[GIN-debug] GET    /open/v1/devices          --> git.hyhy.fun/rsplab/iolink/internal/openapi.(*Server).listDevices-fm (3 handlers)
[GIN-debug] GET    /open/v1/devices/:device_no --> git.hyhy.fun/rsplab/iolink/internal/openapi.(*Server).getDevice-fm (3 handlers)
[GIN-debug] GET    /open/v1/alarms           --> git.hyhy.fun/rsplab/iolink/internal/openapi.(*Server).listAlarms-fm (3 handlers)
=== RUN   TestM6dResourceHTTP_filtersListsAndDetails/farm/open/v1/ponds
2026/10/07 15:07:07 INFO http request request_id=HZJRFW7SRVOX4W2AHUMWDDHN4B route=/open/v1/ponds method=GET status=200 duration_ms=6 tenant_id=0 actor_id=0
=== RUN   TestM6dResourceHTTP_filtersListsAndDetails/farm/open/v1/devices
2026/10/07 15:07:07 INFO http request request_id=CF3X77UPE2ACAICSKSE333EF7U route=/open/v1/devices method=GET status=200 duration_ms=5 tenant_id=0 actor_id=0
=== RUN   TestM6dResourceHTTP_filtersListsAndDetails/farm/open/v1/alarms
2026/10/07 15:07:07 INFO http request request_id=LHSENP67EXK7JMD32YWYCIG5UO route=/open/v1/alarms method=GET status=200 duration_ms=5 tenant_id=0 actor_id=0
=== RUN   TestM6dResourceHTTP_filtersListsAndDetails/farm/open/v1/ponds/8302
2026/10/07 15:07:07 WARN http request request_id=7BRBWAEOZMHUP3L7NL25PIYVAN route=/open/v1/ponds/:id method=GET status=404 duration_ms=4 tenant_id=0 actor_id=0
=== RUN   TestM6dResourceHTTP_filtersListsAndDetails/farm/open/v1/ponds/8303
2026/10/07 15:07:07 WARN http request request_id=U22IW6VV5KM6C5L4PFVNVR3UKX route=/open/v1/ponds/:id method=GET status=404 duration_ms=4 tenant_id=0 actor_id=0
=== RUN   TestM6dResourceHTTP_filtersListsAndDetails/farm/open/v1/devices/m6d-hidden
2026/10/07 15:07:07 WARN http request request_id=FSPHJFECY3RIVJYTBGMOVG24DI route=/open/v1/devices/:device_no method=GET status=404 duration_ms=4 tenant_id=0 actor_id=0
=== RUN   TestM6dResourceHTTP_filtersListsAndDetails/farm/open/v1/devices/m6d-foreign
2026/10/07 15:07:07 WARN http request request_id=SYOVYVZRDHOH4XCNB2RTZNGYCZ route=/open/v1/devices/:device_no method=GET status=404 duration_ms=3 tenant_id=0 actor_id=0
=== RUN   TestM6dResourceHTTP_filtersListsAndDetails/pond/open/v1/ponds
2026/10/07 15:07:07 INFO http request request_id=PYCHY4LFXCY26QYJZAQRWAKSHY route=/open/v1/ponds method=GET status=200 duration_ms=3 tenant_id=0 actor_id=0
=== RUN   TestM6dResourceHTTP_filtersListsAndDetails/pond/open/v1/devices
2026/10/07 15:07:07 INFO http request request_id=TA7R4YCLSOXMYWL522PRAGKUJC route=/open/v1/devices method=GET status=200 duration_ms=4 tenant_id=0 actor_id=0
=== RUN   TestM6dResourceHTTP_filtersListsAndDetails/pond/open/v1/alarms
2026/10/07 15:07:07 INFO http request request_id=WH4OP22WKU4RDHSLORGE7QWSSK route=/open/v1/alarms method=GET status=200 duration_ms=4 tenant_id=0 actor_id=0
=== RUN   TestM6dResourceHTTP_filtersListsAndDetails/pond/open/v1/ponds/8302
2026/10/07 15:07:08 WARN http request request_id=3I4JJI7YL5R6GMLV4LAX75SVP4 route=/open/v1/ponds/:id method=GET status=404 duration_ms=4 tenant_id=0 actor_id=0
=== RUN   TestM6dResourceHTTP_filtersListsAndDetails/pond/open/v1/ponds/8303
2026/10/07 15:07:08 WARN http request request_id=GCM73DTYK4YGVNQTMI6XHPE7CV route=/open/v1/ponds/:id method=GET status=404 duration_ms=3 tenant_id=0 actor_id=0
=== RUN   TestM6dResourceHTTP_filtersListsAndDetails/pond/open/v1/devices/m6d-hidden
2026/10/07 15:07:08 WARN http request request_id=PAYSPNDZ4HSVB2YYGRKCHPS2Y6 route=/open/v1/devices/:device_no method=GET status=404 duration_ms=4 tenant_id=0 actor_id=0
=== RUN   TestM6dResourceHTTP_filtersListsAndDetails/pond/open/v1/devices/m6d-foreign
2026/10/07 15:07:08 WARN http request request_id=OSFYEVHJRK5PF4QN4AXPAGDH5Z route=/open/v1/devices/:device_no method=GET status=404 duration_ms=4 tenant_id=0 actor_id=0
--- PASS: TestM6dResourceHTTP_filtersListsAndDetails (0.51s)
    --- PASS: TestM6dResourceHTTP_filtersListsAndDetails/farm/open/v1/ponds (0.01s)
    --- PASS: TestM6dResourceHTTP_filtersListsAndDetails/farm/open/v1/devices (0.01s)
    --- PASS: TestM6dResourceHTTP_filtersListsAndDetails/farm/open/v1/alarms (0.01s)
    --- PASS: TestM6dResourceHTTP_filtersListsAndDetails/farm/open/v1/ponds/8302 (0.01s)
    --- PASS: TestM6dResourceHTTP_filtersListsAndDetails/farm/open/v1/ponds/8303 (0.00s)
    --- PASS: TestM6dResourceHTTP_filtersListsAndDetails/farm/open/v1/devices/m6d-hidden (0.00s)
    --- PASS: TestM6dResourceHTTP_filtersListsAndDetails/farm/open/v1/devices/m6d-foreign (0.00s)
    --- PASS: TestM6dResourceHTTP_filtersListsAndDetails/pond/open/v1/ponds (0.00s)
    --- PASS: TestM6dResourceHTTP_filtersListsAndDetails/pond/open/v1/devices (0.01s)
    --- PASS: TestM6dResourceHTTP_filtersListsAndDetails/pond/open/v1/alarms (0.00s)
    --- PASS: TestM6dResourceHTTP_filtersListsAndDetails/pond/open/v1/ponds/8302 (0.00s)
    --- PASS: TestM6dResourceHTTP_filtersListsAndDetails/pond/open/v1/ponds/8303 (0.00s)
    --- PASS: TestM6dResourceHTTP_filtersListsAndDetails/pond/open/v1/devices/m6d-hidden (0.00s)
    --- PASS: TestM6dResourceHTTP_filtersListsAndDetails/pond/open/v1/devices/m6d-foreign (0.00s)
=== RUN   TestM6dDeviceResourceHTTP_filtersDevicesAndAlarms
[GIN-debug] [WARNING] Running in "debug" mode. Switch to "release" mode in production.
 - using env:	export GIN_MODE=release
 - using code:	gin.SetMode(gin.ReleaseMode)

[GIN-debug] GET    /open/v1/ponds            --> git.hyhy.fun/rsplab/iolink/internal/openapi.(*Server).listPonds-fm (3 handlers)
[GIN-debug] GET    /open/v1/ponds/:id        --> git.hyhy.fun/rsplab/iolink/internal/openapi.(*Server).getPond-fm (3 handlers)
[GIN-debug] GET    /open/v1/devices          --> git.hyhy.fun/rsplab/iolink/internal/openapi.(*Server).listDevices-fm (3 handlers)
[GIN-debug] GET    /open/v1/devices/:device_no --> git.hyhy.fun/rsplab/iolink/internal/openapi.(*Server).getDevice-fm (3 handlers)
[GIN-debug] GET    /open/v1/alarms           --> git.hyhy.fun/rsplab/iolink/internal/openapi.(*Server).listAlarms-fm (3 handlers)
=== RUN   TestM6dDeviceResourceHTTP_filtersDevicesAndAlarms//open/v1/devices
2026/10/07 15:07:08 INFO http request request_id=OPMMZQ4ZCDDTLTJIFN35HE26UC route=/open/v1/devices method=GET status=200 duration_ms=7 tenant_id=0 actor_id=0
=== RUN   TestM6dDeviceResourceHTTP_filtersDevicesAndAlarms//open/v1/alarms
2026/10/07 15:07:08 INFO http request request_id=LNRPZNSW7WBOUEYNGLLA6E56PP route=/open/v1/alarms method=GET status=200 duration_ms=5 tenant_id=0 actor_id=0
--- PASS: TestM6dDeviceResourceHTTP_filtersDevicesAndAlarms (0.54s)
    --- PASS: TestM6dDeviceResourceHTTP_filtersDevicesAndAlarms//open/v1/devices (0.01s)
    --- PASS: TestM6dDeviceResourceHTTP_filtersDevicesAndAlarms//open/v1/alarms (0.01s)
=== RUN   TestM6dSignedHTTP_rejectsScopeTenantFeatureAndReplays
=== RUN   TestM6dSignedHTTP_rejectsScopeTenantFeatureAndReplays/scope
[GIN-debug] [WARNING] Running in "debug" mode. Switch to "release" mode in production.
 - using env:	export GIN_MODE=release
 - using code:	gin.SetMode(gin.ReleaseMode)

[GIN-debug] GET    /open/v1/ponds            --> git.hyhy.fun/rsplab/iolink/internal/openapi.(*Server).listPonds-fm (3 handlers)
[GIN-debug] GET    /open/v1/ponds/:id        --> git.hyhy.fun/rsplab/iolink/internal/openapi.(*Server).getPond-fm (3 handlers)
[GIN-debug] GET    /open/v1/devices          --> git.hyhy.fun/rsplab/iolink/internal/openapi.(*Server).listDevices-fm (3 handlers)
[GIN-debug] GET    /open/v1/devices/:device_no --> git.hyhy.fun/rsplab/iolink/internal/openapi.(*Server).getDevice-fm (3 handlers)
[GIN-debug] GET    /open/v1/alarms           --> git.hyhy.fun/rsplab/iolink/internal/openapi.(*Server).listAlarms-fm (3 handlers)
2026/10/07 15:07:09 WARN http request request_id=AY2LXBX5MLECW7AXV4AISTAJ6Y route=/open/v1/ponds method=GET status=403 duration_ms=5 tenant_id=0 actor_id=0
=== RUN   TestM6dSignedHTTP_rejectsScopeTenantFeatureAndReplays/inactive_tenant
[GIN-debug] [WARNING] Running in "debug" mode. Switch to "release" mode in production.
 - using env:	export GIN_MODE=release
 - using code:	gin.SetMode(gin.ReleaseMode)

[GIN-debug] GET    /open/v1/ponds            --> git.hyhy.fun/rsplab/iolink/internal/openapi.(*Server).listPonds-fm (3 handlers)
[GIN-debug] GET    /open/v1/ponds/:id        --> git.hyhy.fun/rsplab/iolink/internal/openapi.(*Server).getPond-fm (3 handlers)
[GIN-debug] GET    /open/v1/devices          --> git.hyhy.fun/rsplab/iolink/internal/openapi.(*Server).listDevices-fm (3 handlers)
[GIN-debug] GET    /open/v1/devices/:device_no --> git.hyhy.fun/rsplab/iolink/internal/openapi.(*Server).getDevice-fm (3 handlers)
[GIN-debug] GET    /open/v1/alarms           --> git.hyhy.fun/rsplab/iolink/internal/openapi.(*Server).listAlarms-fm (3 handlers)
2026/10/07 15:07:09 WARN http request request_id=RFZYCFONM23KQRTH7OCFI2BYP7 route=/open/v1/ponds method=GET status=401 duration_ms=3 tenant_id=0 actor_id=0
=== RUN   TestM6dSignedHTTP_rejectsScopeTenantFeatureAndReplays/missing_feature
[GIN-debug] [WARNING] Running in "debug" mode. Switch to "release" mode in production.
 - using env:	export GIN_MODE=release
 - using code:	gin.SetMode(gin.ReleaseMode)

[GIN-debug] GET    /open/v1/ponds            --> git.hyhy.fun/rsplab/iolink/internal/openapi.(*Server).listPonds-fm (3 handlers)
[GIN-debug] GET    /open/v1/ponds/:id        --> git.hyhy.fun/rsplab/iolink/internal/openapi.(*Server).getPond-fm (3 handlers)
[GIN-debug] GET    /open/v1/devices          --> git.hyhy.fun/rsplab/iolink/internal/openapi.(*Server).listDevices-fm (3 handlers)
[GIN-debug] GET    /open/v1/devices/:device_no --> git.hyhy.fun/rsplab/iolink/internal/openapi.(*Server).getDevice-fm (3 handlers)
[GIN-debug] GET    /open/v1/alarms           --> git.hyhy.fun/rsplab/iolink/internal/openapi.(*Server).listAlarms-fm (3 handlers)
2026/10/07 15:07:09 WARN http request request_id=JSTKDCCFBBDYPWUYDLL3EQ5NWN route=/open/v1/ponds method=GET status=403 duration_ms=3 tenant_id=0 actor_id=0
=== RUN   TestM6dSignedHTTP_rejectsScopeTenantFeatureAndReplays/replay
[GIN-debug] [WARNING] Running in "debug" mode. Switch to "release" mode in production.
 - using env:	export GIN_MODE=release
 - using code:	gin.SetMode(gin.ReleaseMode)

[GIN-debug] GET    /open/v1/ponds            --> git.hyhy.fun/rsplab/iolink/internal/openapi.(*Server).listPonds-fm (3 handlers)
[GIN-debug] GET    /open/v1/ponds/:id        --> git.hyhy.fun/rsplab/iolink/internal/openapi.(*Server).getPond-fm (3 handlers)
[GIN-debug] GET    /open/v1/devices          --> git.hyhy.fun/rsplab/iolink/internal/openapi.(*Server).listDevices-fm (3 handlers)
[GIN-debug] GET    /open/v1/devices/:device_no --> git.hyhy.fun/rsplab/iolink/internal/openapi.(*Server).getDevice-fm (3 handlers)
[GIN-debug] GET    /open/v1/alarms           --> git.hyhy.fun/rsplab/iolink/internal/openapi.(*Server).listAlarms-fm (3 handlers)
2026/10/07 15:07:10 INFO http request request_id=RXCPDAG3SYKWMNVRX3ROFIPJR5 route=/open/v1/ponds method=GET status=200 duration_ms=6 tenant_id=0 actor_id=0
2026/10/07 15:07:10 WARN http request request_id=6R6ET4W72OSBNG6AX7IBG2TVZV route=/open/v1/ponds method=GET status=401 duration_ms=3 tenant_id=0 actor_id=0
=== RUN   TestM6dSignedHTTP_rejectsScopeTenantFeatureAndReplays/exhausted_rate
[GIN-debug] [WARNING] Running in "debug" mode. Switch to "release" mode in production.
 - using env:	export GIN_MODE=release
 - using code:	gin.SetMode(gin.ReleaseMode)

[GIN-debug] GET    /open/v1/ponds            --> git.hyhy.fun/rsplab/iolink/internal/openapi.(*Server).listPonds-fm (3 handlers)
[GIN-debug] GET    /open/v1/ponds/:id        --> git.hyhy.fun/rsplab/iolink/internal/openapi.(*Server).getPond-fm (3 handlers)
[GIN-debug] GET    /open/v1/devices          --> git.hyhy.fun/rsplab/iolink/internal/openapi.(*Server).listDevices-fm (3 handlers)
[GIN-debug] GET    /open/v1/devices/:device_no --> git.hyhy.fun/rsplab/iolink/internal/openapi.(*Server).getDevice-fm (3 handlers)
[GIN-debug] GET    /open/v1/alarms           --> git.hyhy.fun/rsplab/iolink/internal/openapi.(*Server).listAlarms-fm (3 handlers)
2026/10/07 15:07:10 WARN http request request_id=7KIJAAIVRM5T6GKGEUH6HWA4QZ route=/open/v1/ponds method=GET status=429 duration_ms=6 tenant_id=0 actor_id=0
--- PASS: TestM6dSignedHTTP_rejectsScopeTenantFeatureAndReplays (2.38s)
    --- PASS: TestM6dSignedHTTP_rejectsScopeTenantFeatureAndReplays/scope (0.44s)
    --- PASS: TestM6dSignedHTTP_rejectsScopeTenantFeatureAndReplays/inactive_tenant (0.43s)
    --- PASS: TestM6dSignedHTTP_rejectsScopeTenantFeatureAndReplays/missing_feature (0.55s)
    --- PASS: TestM6dSignedHTTP_rejectsScopeTenantFeatureAndReplays/replay (0.47s)
    --- PASS: TestM6dSignedHTTP_rejectsScopeTenantFeatureAndReplays/exhausted_rate (0.49s)
=== RUN   TestM6dAdministration_rejectsStaleMembershipWithoutPartialWrite
[GIN-debug] [WARNING] Running in "debug" mode. Switch to "release" mode in production.
 - using env:	export GIN_MODE=release
 - using code:	gin.SetMode(gin.ReleaseMode)

[GIN-debug] GET    /open/v1/ponds            --> git.hyhy.fun/rsplab/iolink/internal/openapi.(*Server).listPonds-fm (3 handlers)
[GIN-debug] GET    /open/v1/ponds/:id        --> git.hyhy.fun/rsplab/iolink/internal/openapi.(*Server).getPond-fm (3 handlers)
[GIN-debug] GET    /open/v1/devices          --> git.hyhy.fun/rsplab/iolink/internal/openapi.(*Server).listDevices-fm (3 handlers)
[GIN-debug] GET    /open/v1/devices/:device_no --> git.hyhy.fun/rsplab/iolink/internal/openapi.(*Server).getDevice-fm (3 handlers)
[GIN-debug] GET    /open/v1/alarms           --> git.hyhy.fun/rsplab/iolink/internal/openapi.(*Server).listAlarms-fm (3 handlers)
    m6d_resource_http_test.go:143: revoked membership error=<nil>
--- FAIL: TestM6dAdministration_rejectsStaleMembershipWithoutPartialWrite (0.39s)
FAIL
FAIL	git.hyhy.fun/rsplab/iolink/internal/core	3.856s
FAIL
