-test.shuffle 1791361741303586367
=== RUN   TestM6dResourceHTTP_filtersListsAndDetails
=== RUN   TestM6dResourceHTTP_filtersListsAndDetails/farm/open/v1/ponds
2026/10/07 16:29:01 INFO http request request_id=ISVCAQDZCFPJYKAKDS55X73YAS route=/open/v1/ponds method=GET status=200 duration_ms=6 tenant_id=0 actor_id=0
=== RUN   TestM6dResourceHTTP_filtersListsAndDetails/farm/open/v1/devices
2026/10/07 16:29:01 INFO http request request_id=OQYUWZXYRHUKMCRCZJ4Y2C55GS route=/open/v1/devices method=GET status=200 duration_ms=5 tenant_id=0 actor_id=0
=== RUN   TestM6dResourceHTTP_filtersListsAndDetails/farm/open/v1/alarms
2026/10/07 16:29:01 INFO http request request_id=CI4OXR4WPH6C6KTTD2PMVH7AAJ route=/open/v1/alarms method=GET status=200 duration_ms=4 tenant_id=0 actor_id=0
=== RUN   TestM6dResourceHTTP_filtersListsAndDetails/farm/open/v1/ponds/8302
2026/10/07 16:29:01 WARN http request request_id=GFJ6U4FI33CZTPNRBYZ36N6ZVM route=/open/v1/ponds/:id method=GET status=404 duration_ms=4 tenant_id=0 actor_id=0
=== RUN   TestM6dResourceHTTP_filtersListsAndDetails/farm/open/v1/ponds/8303
2026/10/07 16:29:01 WARN http request request_id=KJQ5APWUIB7MU4XGT2O4KX577Q route=/open/v1/ponds/:id method=GET status=404 duration_ms=4 tenant_id=0 actor_id=0
=== RUN   TestM6dResourceHTTP_filtersListsAndDetails/farm/open/v1/devices/m6d-hidden
2026/10/07 16:29:01 WARN http request request_id=BHNYDIL7EBM24MIQKZHGXFKHRJ route=/open/v1/devices/:device_no method=GET status=404 duration_ms=4 tenant_id=0 actor_id=0
=== RUN   TestM6dResourceHTTP_filtersListsAndDetails/farm/open/v1/devices/m6d-foreign
2026/10/07 16:29:01 WARN http request request_id=YPUVF4NMQFV2GZUTSLVXXY3AMU route=/open/v1/devices/:device_no method=GET status=404 duration_ms=3 tenant_id=0 actor_id=0
=== RUN   TestM6dResourceHTTP_filtersListsAndDetails/pond/open/v1/ponds
2026/10/07 16:29:01 INFO http request request_id=4Y3PH2OMLZUO7UMMWPQ2YGONRF route=/open/v1/ponds method=GET status=200 duration_ms=4 tenant_id=0 actor_id=0
=== RUN   TestM6dResourceHTTP_filtersListsAndDetails/pond/open/v1/devices
2026/10/07 16:29:01 INFO http request request_id=XCWOVLN2IXY3MUQWLOOGBEKN7A route=/open/v1/devices method=GET status=200 duration_ms=4 tenant_id=0 actor_id=0
=== RUN   TestM6dResourceHTTP_filtersListsAndDetails/pond/open/v1/alarms
2026/10/07 16:29:01 INFO http request request_id=UMNHTI5BBZ5UKJNZOS5XGHU4HB route=/open/v1/alarms method=GET status=200 duration_ms=4 tenant_id=0 actor_id=0
=== RUN   TestM6dResourceHTTP_filtersListsAndDetails/pond/open/v1/ponds/8302
2026/10/07 16:29:01 WARN http request request_id=LFVF2X2YGDQO6PJXCP7ERDRD5T route=/open/v1/ponds/:id method=GET status=404 duration_ms=3 tenant_id=0 actor_id=0
=== RUN   TestM6dResourceHTTP_filtersListsAndDetails/pond/open/v1/ponds/8303
2026/10/07 16:29:01 WARN http request request_id=Q7TFMSGAFNWFEWIWGLZ2ODDQWE route=/open/v1/ponds/:id method=GET status=404 duration_ms=3 tenant_id=0 actor_id=0
=== RUN   TestM6dResourceHTTP_filtersListsAndDetails/pond/open/v1/devices/m6d-hidden
2026/10/07 16:29:01 WARN http request request_id=5JNX5KSRHEPAKIW4IKBQMH52WX route=/open/v1/devices/:device_no method=GET status=404 duration_ms=4 tenant_id=0 actor_id=0
=== RUN   TestM6dResourceHTTP_filtersListsAndDetails/pond/open/v1/devices/m6d-foreign
2026/10/07 16:29:01 WARN http request request_id=BC4IO3MRS33HGRXX6ONUY24ANJ route=/open/v1/devices/:device_no method=GET status=404 duration_ms=4 tenant_id=0 actor_id=0
=== RUN   TestM6dResourceHTTP_filtersListsAndDetails/device/open/v1/ponds
2026/10/07 16:29:01 INFO http request request_id=5NDF6RFDLHBLTPXI3T7EKUBQRT route=/open/v1/ponds method=GET status=200 duration_ms=4 tenant_id=0 actor_id=0
=== RUN   TestM6dResourceHTTP_filtersListsAndDetails/device/open/v1/devices
2026/10/07 16:29:01 INFO http request request_id=2UQP6RTOUVSGSQ77PDYJXVZKJ6 route=/open/v1/devices method=GET status=200 duration_ms=4 tenant_id=0 actor_id=0
=== RUN   TestM6dResourceHTTP_filtersListsAndDetails/device/open/v1/alarms
2026/10/07 16:29:01 INFO http request request_id=GSLI5XNTZBUYAP425N7J4J5ZAN route=/open/v1/alarms method=GET status=200 duration_ms=4 tenant_id=0 actor_id=0
=== RUN   TestM6dResourceHTTP_filtersListsAndDetails/device/open/v1/ponds/8302
2026/10/07 16:29:01 WARN http request request_id=KRR5XXFTQCFDZ2CZTUF65MDI5G route=/open/v1/ponds/:id method=GET status=404 duration_ms=4 tenant_id=0 actor_id=0
=== RUN   TestM6dResourceHTTP_filtersListsAndDetails/device/open/v1/ponds/8303
2026/10/07 16:29:01 WARN http request request_id=KO2HAZQIFAP3GRE7FS6PSBXS3X route=/open/v1/ponds/:id method=GET status=404 duration_ms=4 tenant_id=0 actor_id=0
=== RUN   TestM6dResourceHTTP_filtersListsAndDetails/device/open/v1/devices/m6d-hidden
2026/10/07 16:29:01 WARN http request request_id=EQAGSNQUCFRNAMJKLSTD4UE5QS route=/open/v1/devices/:device_no method=GET status=404 duration_ms=4 tenant_id=0 actor_id=0
=== RUN   TestM6dResourceHTTP_filtersListsAndDetails/device/open/v1/devices/m6d-foreign
2026/10/07 16:29:01 WARN http request request_id=QWEN3PCNTBRM4SSZERET6CNZCV route=/open/v1/devices/:device_no method=GET status=404 duration_ms=4 tenant_id=0 actor_id=0
--- PASS: TestM6dResourceHTTP_filtersListsAndDetails (0.62s)
    --- PASS: TestM6dResourceHTTP_filtersListsAndDetails/farm/open/v1/ponds (0.01s)
    --- PASS: TestM6dResourceHTTP_filtersListsAndDetails/farm/open/v1/devices (0.01s)
    --- PASS: TestM6dResourceHTTP_filtersListsAndDetails/farm/open/v1/alarms (0.01s)
    --- PASS: TestM6dResourceHTTP_filtersListsAndDetails/farm/open/v1/ponds/8302 (0.00s)
    --- PASS: TestM6dResourceHTTP_filtersListsAndDetails/farm/open/v1/ponds/8303 (0.00s)
    --- PASS: TestM6dResourceHTTP_filtersListsAndDetails/farm/open/v1/devices/m6d-hidden (0.00s)
    --- PASS: TestM6dResourceHTTP_filtersListsAndDetails/farm/open/v1/devices/m6d-foreign (0.00s)
    --- PASS: TestM6dResourceHTTP_filtersListsAndDetails/pond/open/v1/ponds (0.00s)
    --- PASS: TestM6dResourceHTTP_filtersListsAndDetails/pond/open/v1/devices (0.00s)
    --- PASS: TestM6dResourceHTTP_filtersListsAndDetails/pond/open/v1/alarms (0.00s)
    --- PASS: TestM6dResourceHTTP_filtersListsAndDetails/pond/open/v1/ponds/8302 (0.00s)
    --- PASS: TestM6dResourceHTTP_filtersListsAndDetails/pond/open/v1/ponds/8303 (0.00s)
    --- PASS: TestM6dResourceHTTP_filtersListsAndDetails/pond/open/v1/devices/m6d-hidden (0.00s)
    --- PASS: TestM6dResourceHTTP_filtersListsAndDetails/pond/open/v1/devices/m6d-foreign (0.00s)
    --- PASS: TestM6dResourceHTTP_filtersListsAndDetails/device/open/v1/ponds (0.00s)
    --- PASS: TestM6dResourceHTTP_filtersListsAndDetails/device/open/v1/devices (0.00s)
    --- PASS: TestM6dResourceHTTP_filtersListsAndDetails/device/open/v1/alarms (0.00s)
    --- PASS: TestM6dResourceHTTP_filtersListsAndDetails/device/open/v1/ponds/8302 (0.00s)
    --- PASS: TestM6dResourceHTTP_filtersListsAndDetails/device/open/v1/ponds/8303 (0.00s)
    --- PASS: TestM6dResourceHTTP_filtersListsAndDetails/device/open/v1/devices/m6d-hidden (0.00s)
    --- PASS: TestM6dResourceHTTP_filtersListsAndDetails/device/open/v1/devices/m6d-foreign (0.00s)
=== RUN   TestM6dResourceValidation_rejectsInvalidAndForeignWithoutWrites
--- PASS: TestM6dResourceValidation_rejectsInvalidAndForeignWithoutWrites (0.62s)
=== RUN   TestM6dTimestampWindow_signedBoundsAndExtremes
=== RUN   TestM6dTimestampWindow_signedBoundsAndExtremes/past_bound
=== RUN   TestM6dTimestampWindow_signedBoundsAndExtremes/future_bound
=== RUN   TestM6dTimestampWindow_signedBoundsAndExtremes/now
=== RUN   TestM6dTimestampWindow_signedBoundsAndExtremes/too_old
=== RUN   TestM6dTimestampWindow_signedBoundsAndExtremes/too_new
=== RUN   TestM6dTimestampWindow_signedBoundsAndExtremes/minimum
=== RUN   TestM6dTimestampWindow_signedBoundsAndExtremes/maximum
=== RUN   TestM6dTimestampWindow_signedBoundsAndExtremes/overflow_delta
--- PASS: TestM6dTimestampWindow_signedBoundsAndExtremes (0.49s)
    --- PASS: TestM6dTimestampWindow_signedBoundsAndExtremes/past_bound (0.01s)
    --- PASS: TestM6dTimestampWindow_signedBoundsAndExtremes/future_bound (0.00s)
    --- PASS: TestM6dTimestampWindow_signedBoundsAndExtremes/now (0.00s)
    --- PASS: TestM6dTimestampWindow_signedBoundsAndExtremes/too_old (0.00s)
    --- PASS: TestM6dTimestampWindow_signedBoundsAndExtremes/too_new (0.00s)
    --- PASS: TestM6dTimestampWindow_signedBoundsAndExtremes/minimum (0.00s)
    --- PASS: TestM6dTimestampWindow_signedBoundsAndExtremes/maximum (0.00s)
    --- PASS: TestM6dTimestampWindow_signedBoundsAndExtremes/overflow_delta (0.00s)
=== RUN   TestConfiguredOpenRate_refillRetryAndReducedBurst
--- PASS: TestConfiguredOpenRate_refillRetryAndReducedBurst (0.00s)
PASS
ok  	git.hyhy.fun/rsplab/iolink/internal/core	2.765s
-test.shuffle 1791361741301665820
=== RUN   TestAPIKeyResourceInput_rejectsNullAndUnknownFields
--- PASS: TestAPIKeyResourceInput_rejectsNullAndUnknownFields (0.00s)
PASS
ok  	git.hyhy.fun/rsplab/iolink/internal/adminapi	1.032s
-test.shuffle 1791361741286491676
=== RUN   TestOpenAPIRateConfig_rejectsInvalid
--- PASS: TestOpenAPIRateConfig_rejectsInvalid (0.00s)
=== RUN   TestOpenAPIRateConfig_defaultsAndOverrides
--- PASS: TestOpenAPIRateConfig_defaultsAndOverrides (0.00s)
PASS
ok  	git.hyhy.fun/rsplab/iolink/internal/platform	1.015s
