-test.shuffle 1791362144855249822
=== RUN   TestM6dIssueAndAuthenticateOpenKey
2026/10/07 16:35:45 INFO http request request_id=CIV5TPUQFCIVL3IBXLRYK44FLJ route=/open/v1/ponds method=GET status=200 duration_ms=4 tenant_id=0 actor_id=0
2026/10/07 16:35:45 WARN http request request_id=IAXESZLUB7NCYF7R4NEX7PZMHG route=/open/v1/ponds method=GET status=401 duration_ms=2 tenant_id=0 actor_id=0
--- PASS: TestM6dIssueAndAuthenticateOpenKey (0.45s)
=== RUN   TestConfiguredOpenRate_refillRetryAndReducedBurst
--- PASS: TestConfiguredOpenRate_refillRetryAndReducedBurst (0.00s)
=== RUN   TestM6dConfiguredRate_initialBurstRotationAndHTTPRetry
2026/10/07 16:35:45 WARN http request request_id=776AR2UFFUKFXXYOGT4FJI44DP route=/open/v1/ponds method=GET status=429 duration_ms=3 tenant_id=0 actor_id=0
--- PASS: TestM6dConfiguredRate_initialBurstRotationAndHTTPRetry (0.48s)
=== RUN   TestM6dResourceValidation_rejectsInvalidAndForeignWithoutWrites
--- PASS: TestM6dResourceValidation_rejectsInvalidAndForeignWithoutWrites (0.42s)
=== RUN   TestConsumeOpenRateAllowsBurstAndRefillsAtOnePerSecond
--- PASS: TestConsumeOpenRateAllowsBurstAndRefillsAtOnePerSecond (0.00s)
=== RUN   TestM6dRotation_rejectsChangedResourceOwnershipWithoutWrites
--- PASS: TestM6dRotation_rejectsChangedResourceOwnershipWithoutWrites (0.40s)
=== RUN   TestM6dTimestampWindow_signedBoundsAndExtremes
=== RUN   TestM6dTimestampWindow_signedBoundsAndExtremes/past_bound
=== RUN   TestM6dTimestampWindow_signedBoundsAndExtremes/future_bound
=== RUN   TestM6dTimestampWindow_signedBoundsAndExtremes/now
=== RUN   TestM6dTimestampWindow_signedBoundsAndExtremes/too_old
=== RUN   TestM6dTimestampWindow_signedBoundsAndExtremes/too_new
=== RUN   TestM6dTimestampWindow_signedBoundsAndExtremes/zero
=== RUN   TestM6dTimestampWindow_signedBoundsAndExtremes/negative
=== RUN   TestM6dTimestampWindow_signedBoundsAndExtremes/minimum
=== RUN   TestM6dTimestampWindow_signedBoundsAndExtremes/maximum
=== RUN   TestM6dTimestampWindow_signedBoundsAndExtremes/overflow_delta
--- PASS: TestM6dTimestampWindow_signedBoundsAndExtremes (0.40s)
    --- PASS: TestM6dTimestampWindow_signedBoundsAndExtremes/past_bound (0.01s)
    --- PASS: TestM6dTimestampWindow_signedBoundsAndExtremes/future_bound (0.00s)
    --- PASS: TestM6dTimestampWindow_signedBoundsAndExtremes/now (0.00s)
    --- PASS: TestM6dTimestampWindow_signedBoundsAndExtremes/too_old (0.00s)
    --- PASS: TestM6dTimestampWindow_signedBoundsAndExtremes/too_new (0.00s)
    --- PASS: TestM6dTimestampWindow_signedBoundsAndExtremes/zero (0.00s)
    --- PASS: TestM6dTimestampWindow_signedBoundsAndExtremes/negative (0.00s)
    --- PASS: TestM6dTimestampWindow_signedBoundsAndExtremes/minimum (0.00s)
    --- PASS: TestM6dTimestampWindow_signedBoundsAndExtremes/maximum (0.00s)
    --- PASS: TestM6dTimestampWindow_signedBoundsAndExtremes/overflow_delta (0.00s)
PASS
ok  	git.hyhy.fun/rsplab/iolink/internal/core	3.188s
-test.shuffle 1791362144854162179
=== RUN   TestAPIKeyResourceInput_rejectsNullAndUnknownFields
--- PASS: TestAPIKeyResourceInput_rejectsNullAndUnknownFields (0.00s)
PASS
ok  	git.hyhy.fun/rsplab/iolink/internal/adminapi	1.028s
-test.shuffle 1791362144838582373
testing: warning: no tests to run
PASS
ok  	git.hyhy.fun/rsplab/iolink/internal/platform	1.010s [no tests to run]
