python3 -m venv .venv/contracts
.venv/contracts/bin/python -m pip install -r scripts/requirements-docs.txt
Collecting openapi-spec-validator==0.9.0 (from -r scripts/requirements-docs.txt (line 2))
  Using cached openapi_spec_validator-0.9.0-py3-none-any.whl.metadata (6.5 kB)
Collecting openapi-schema-validator==0.9.0 (from -r scripts/requirements-docs.txt (line 3))
  Using cached openapi_schema_validator-0.9.0-py3-none-any.whl.metadata (10 kB)
Collecting jsonschema==4.26.0 (from -r scripts/requirements-docs.txt (line 4))
  Using cached jsonschema-4.26.0-py3-none-any.whl.metadata (7.6 kB)
Collecting jsonschema-path==0.5.0 (from -r scripts/requirements-docs.txt (line 5))
  Using cached jsonschema_path-0.5.0-py3-none-any.whl.metadata (8.1 kB)
Collecting pathable==0.6.0 (from -r scripts/requirements-docs.txt (line 6))
  Using cached pathable-0.6.0-py3-none-any.whl.metadata (7.2 kB)
Collecting lazy-object-proxy==1.12.0 (from -r scripts/requirements-docs.txt (line 7))
  Using cached lazy_object_proxy-1.12.0-cp314-cp314-manylinux1_x86_64.manylinux_2_28_x86_64.manylinux_2_5_x86_64.whl.metadata (5.1 kB)
Collecting PyYAML==6.0.3 (from -r scripts/requirements-docs.txt (line 8))
  Using cached pyyaml-6.0.3-cp314-cp314-manylinux2014_x86_64.manylinux_2_17_x86_64.manylinux_2_28_x86_64.whl.metadata (2.4 kB)
Collecting rfc3339-validator==0.1.4 (from -r scripts/requirements-docs.txt (line 9))
  Using cached rfc3339_validator-0.1.4-py2.py3-none-any.whl.metadata (1.5 kB)
Collecting six==1.17.0 (from -r scripts/requirements-docs.txt (line 10))
  Using cached six-1.17.0-py2.py3-none-any.whl.metadata (1.7 kB)
Collecting attrs==26.1.0 (from -r scripts/requirements-docs.txt (line 11))
  Using cached attrs-26.1.0-py3-none-any.whl.metadata (8.8 kB)
Collecting jsonschema-specifications==2025.9.1 (from -r scripts/requirements-docs.txt (line 12))
  Using cached jsonschema_specifications-2025.9.1-py3-none-any.whl.metadata (2.9 kB)
Collecting referencing==0.37.0 (from -r scripts/requirements-docs.txt (line 13))
  Using cached referencing-0.37.0-py3-none-any.whl.metadata (2.8 kB)
Collecting rpds-py==0.28.0 (from -r scripts/requirements-docs.txt (line 14))
  Using cached rpds_py-0.28.0-cp314-cp314-manylinux_2_17_x86_64.manylinux2014_x86_64.whl.metadata (4.1 kB)
Collecting pydantic==2.13.4 (from -r scripts/requirements-docs.txt (line 15))
  Using cached pydantic-2.13.4-py3-none-any.whl.metadata (109 kB)
Collecting pydantic-core==2.46.4 (from -r scripts/requirements-docs.txt (line 16))
  Using cached pydantic_core-2.46.4-cp314-cp314-manylinux_2_17_x86_64.manylinux2014_x86_64.whl.metadata (6.6 kB)
Collecting pydantic-settings==2.14.2 (from -r scripts/requirements-docs.txt (line 17))
  Using cached pydantic_settings-2.14.2-py3-none-any.whl.metadata (3.4 kB)
Collecting annotated-types==0.7.0 (from -r scripts/requirements-docs.txt (line 18))
  Using cached annotated_types-0.7.0-py3-none-any.whl.metadata (15 kB)
Collecting typing_extensions==4.16.0 (from -r scripts/requirements-docs.txt (line 19))
  Using cached typing_extensions-4.16.0-py3-none-any.whl.metadata (3.3 kB)
Collecting typing-inspection==0.4.2 (from -r scripts/requirements-docs.txt (line 20))
  Using cached typing_inspection-0.4.2-py3-none-any.whl.metadata (2.6 kB)
Collecting python-dotenv==1.2.1 (from -r scripts/requirements-docs.txt (line 21))
  Using cached python_dotenv-1.2.1-py3-none-any.whl.metadata (25 kB)
Using cached openapi_spec_validator-0.9.0-py3-none-any.whl (50 kB)
Using cached openapi_schema_validator-0.9.0-py3-none-any.whl (19 kB)
Using cached jsonschema-4.26.0-py3-none-any.whl (90 kB)
Using cached jsonschema_path-0.5.0-py3-none-any.whl (24 kB)
Using cached pathable-0.6.0-py3-none-any.whl (18 kB)
Using cached lazy_object_proxy-1.12.0-cp314-cp314-manylinux1_x86_64.manylinux_2_28_x86_64.manylinux_2_5_x86_64.whl (71 kB)
Using cached referencing-0.37.0-py3-none-any.whl (26 kB)
Using cached pydantic-2.13.4-py3-none-any.whl (472 kB)
Using cached pydantic_settings-2.14.2-py3-none-any.whl (61 kB)
Using cached pyyaml-6.0.3-cp314-cp314-manylinux2014_x86_64.manylinux_2_17_x86_64.manylinux_2_28_x86_64.whl (794 kB)
Using cached rfc3339_validator-0.1.4-py2.py3-none-any.whl (3.5 kB)
Using cached six-1.17.0-py2.py3-none-any.whl (11 kB)
Using cached attrs-26.1.0-py3-none-any.whl (67 kB)
Using cached jsonschema_specifications-2025.9.1-py3-none-any.whl (18 kB)
Using cached rpds_py-0.28.0-cp314-cp314-manylinux_2_17_x86_64.manylinux2014_x86_64.whl (375 kB)
Using cached pydantic_core-2.46.4-cp314-cp314-manylinux_2_17_x86_64.manylinux2014_x86_64.whl (2.1 MB)
Using cached annotated_types-0.7.0-py3-none-any.whl (13 kB)
Using cached typing_extensions-4.16.0-py3-none-any.whl (45 kB)
Using cached typing_inspection-0.4.2-py3-none-any.whl (14 kB)
Using cached python_dotenv-1.2.1-py3-none-any.whl (21 kB)
Installing collected packages: typing_extensions, six, rpds-py, PyYAML, python-dotenv, pathable, lazy-object-proxy, attrs, annotated-types, typing-inspection, rfc3339-validator, referencing, pydantic-core, pydantic, jsonschema-specifications, jsonschema-path, pydantic-settings, jsonschema, openapi-schema-validator, openapi-spec-validator

Successfully installed PyYAML-6.0.3 annotated-types-0.7.0 attrs-26.1.0 jsonschema-4.26.0 jsonschema-path-0.5.0 jsonschema-specifications-2025.9.1 lazy-object-proxy-1.12.0 openapi-schema-validator-0.9.0 openapi-spec-validator-0.9.0 pathable-0.6.0 pydantic-2.13.4 pydantic-core-2.46.4 pydantic-settings-2.14.2 python-dotenv-1.2.1 referencing-0.37.0 rfc3339-validator-0.1.4 rpds-py-0.28.0 six-1.17.0 typing-inspection-0.4.2 typing_extensions-4.16.0

[notice] A new release of pip is available: 26.1.2 -> 26.2.1
[notice] To update, run: /media/yun/706bc403-c76c-4fdd-8a3f-d954b6189048/iolink-wt/m6b-telemetry-permission-fix/.venv/contracts/bin/python -m pip install --upgrade pip
