-test.shuffle 1790821228562814697
=== RUN   TestTelemetryWriteDeniedWhenActorContextMissing
=== RUN   TestTelemetryWriteDeniedWhenActorContextMissing/unscoped
    telemetry_permission_test.go:137: environment real_timescaledb=2.30.0
    telemetry_permission_test.go:143: scenario=unscoped error=forbidden before={"alarms": [], "outbox": [], "shadows": [], "telemetry": [], "sensor_data": []} after={"alarms": [], "outbox": [], "shadows": [], "telemetry": [], "sensor_data": []}
=== RUN   TestTelemetryWriteDeniedWhenActorContextMissing/missing_actor
    telemetry_permission_test.go:137: environment real_timescaledb=2.30.0
    telemetry_permission_test.go:143: scenario=missing_actor error=forbidden before={"alarms": [], "outbox": [], "shadows": [], "telemetry": [], "sensor_data": []} after={"alarms": [], "outbox": [], "shadows": [], "telemetry": [], "sensor_data": []}
=== RUN   TestTelemetryWriteDeniedWhenActorContextMissing/missing_role
    telemetry_permission_test.go:137: environment real_timescaledb=2.30.0
    telemetry_permission_test.go:143: scenario=missing_role error=forbidden before={"alarms": [], "outbox": [], "shadows": [], "telemetry": [], "sensor_data": []} after={"alarms": [], "outbox": [], "shadows": [], "telemetry": [], "sensor_data": []}
=== RUN   TestTelemetryWriteDeniedWhenActorContextMissing/missing_tenant
    telemetry_permission_test.go:137: environment real_timescaledb=2.30.0
    telemetry_permission_test.go:143: scenario=missing_tenant error=forbidden before={"alarms": [], "outbox": [], "shadows": [], "telemetry": [], "sensor_data": []} after={"alarms": [], "outbox": [], "shadows": [], "telemetry": [], "sensor_data": []}
--- PASS: TestTelemetryWriteDeniedWhenActorContextMissing (1.43s)
    --- PASS: TestTelemetryWriteDeniedWhenActorContextMissing/unscoped (0.36s)
    --- PASS: TestTelemetryWriteDeniedWhenActorContextMissing/missing_actor (0.35s)
    --- PASS: TestTelemetryWriteDeniedWhenActorContextMissing/missing_role (0.36s)
    --- PASS: TestTelemetryWriteDeniedWhenActorContextMissing/missing_tenant (0.36s)
=== RUN   TestTelemetryWriteDeniedWhenMembershipChangesAfterContextCreation
=== RUN   TestTelemetryWriteDeniedWhenMembershipChangesAfterContextCreation/role
    telemetry_permission_test.go:79: environment real_timescaledb=2.30.0
    telemetry_permission_test.go:96: scenario=role error=forbidden before={"alarms": [], "outbox": [], "shadows": [], "telemetry": [], "sensor_data": []} after={"alarms": [], "outbox": [], "shadows": [], "telemetry": [], "sensor_data": []}
=== RUN   TestTelemetryWriteDeniedWhenMembershipChangesAfterContextCreation/expired
    telemetry_permission_test.go:79: environment real_timescaledb=2.30.0
    telemetry_permission_test.go:96: scenario=expired error=forbidden before={"alarms": [], "outbox": [], "shadows": [], "telemetry": [], "sensor_data": []} after={"alarms": [], "outbox": [], "shadows": [], "telemetry": [], "sensor_data": []}
=== RUN   TestTelemetryWriteDeniedWhenMembershipChangesAfterContextCreation/tenant_inactive
    telemetry_permission_test.go:79: environment real_timescaledb=2.30.0
    telemetry_permission_test.go:96: scenario=tenant_inactive error=not found before={"alarms": [], "outbox": [], "shadows": [], "telemetry": [], "sensor_data": []} after={"alarms": [], "outbox": [], "shadows": [], "telemetry": [], "sensor_data": []}
=== RUN   TestTelemetryWriteDeniedWhenMembershipChangesAfterContextCreation/farm_revoked
    telemetry_permission_test.go:79: environment real_timescaledb=2.30.0
    telemetry_permission_test.go:96: scenario=farm_revoked error=not found before={"alarms": [], "outbox": [], "shadows": [], "telemetry": [], "sensor_data": []} after={"alarms": [], "outbox": [], "shadows": [], "telemetry": [], "sensor_data": []}
--- PASS: TestTelemetryWriteDeniedWhenMembershipChangesAfterContextCreation (1.48s)
    --- PASS: TestTelemetryWriteDeniedWhenMembershipChangesAfterContextCreation/role (0.36s)
    --- PASS: TestTelemetryWriteDeniedWhenMembershipChangesAfterContextCreation/expired (0.39s)
    --- PASS: TestTelemetryWriteDeniedWhenMembershipChangesAfterContextCreation/tenant_inactive (0.37s)
    --- PASS: TestTelemetryWriteDeniedWhenMembershipChangesAfterContextCreation/farm_revoked (0.36s)
=== RUN   TestAppTelemetryWriteRoleBoundary
=== RUN   TestAppTelemetryWriteRoleBoundary/owner
    telemetry_permission_http_test.go:26: environment real_timescaledb=2.30.0
[GIN-debug] [WARNING] Running in "debug" mode. Switch to "release" mode in production.
 - using env:	export GIN_MODE=release
 - using code:	gin.SetMode(gin.ReleaseMode)

[GIN-debug] POST   /api/v1/auth/login        --> git.hyhy.fun/rsplab/iolink/internal/appapi.(*Server).login-fm (3 handlers)
[GIN-debug] GET    /api/v1/auth/tenants      --> git.hyhy.fun/rsplab/iolink/internal/appapi.(*Server).listTenants-fm (4 handlers)
[GIN-debug] POST   /api/v1/auth/tenant       --> git.hyhy.fun/rsplab/iolink/internal/appapi.(*Server).switchTenant-fm (4 handlers)
[GIN-debug] GET    /api/v1/ponds             --> git.hyhy.fun/rsplab/iolink/internal/appapi.(*Server).listPonds-fm (4 handlers)
[GIN-debug] GET    /api/v1/ponds/:id         --> git.hyhy.fun/rsplab/iolink/internal/appapi.(*Server).getPond-fm (4 handlers)
[GIN-debug] GET    /api/v1/devices           --> git.hyhy.fun/rsplab/iolink/internal/appapi.(*Server).listDevices-fm (4 handlers)
[GIN-debug] GET    /api/v1/devices/:device_no --> git.hyhy.fun/rsplab/iolink/internal/appapi.(*Server).getDevice-fm (4 handlers)
[GIN-debug] GET    /api/v1/water/latest      --> git.hyhy.fun/rsplab/iolink/internal/appapi.(*Server).waterLatest-fm (4 handlers)
[GIN-debug] GET    /api/v1/water/history     --> git.hyhy.fun/rsplab/iolink/internal/appapi.(*Server).waterHistory-fm (4 handlers)
[GIN-debug] GET    /api/v1/alarms            --> git.hyhy.fun/rsplab/iolink/internal/appapi.(*Server).listAlarms-fm (4 handlers)
[GIN-debug] GET    /api/v1/stats/summary     --> git.hyhy.fun/rsplab/iolink/internal/appapi.(*Server).statsSummary-fm (4 handlers)
[GIN-debug] POST   /api/v1/alarms/:id/confirm --> git.hyhy.fun/rsplab/iolink/internal/appapi.(*Server).confirmAlarm-fm (4 handlers)
[GIN-debug] POST   /api/v2/devices/:device_no/telemetry --> git.hyhy.fun/rsplab/iolink/internal/appapi.(*Server).submitTelemetryV2-fm (4 handlers)
[GIN-debug] GET    /api/v2/devices/:device_no/model/latest --> git.hyhy.fun/rsplab/iolink/internal/appapi.(*Server).modelLatestV2-fm (4 handlers)
[GIN-debug] GET    /api/v2/devices/:device_no/history --> git.hyhy.fun/rsplab/iolink/internal/appapi.(*Server).telemetryHistoryV2-fm (4 handlers)
[GIN] 2026/10/01 - 10:20:31 | 200 |    4.171009ms |       127.0.0.1 | POST     "/api/v1/auth/login"
[GIN] 2026/10/01 - 10:20:31 | 200 |    2.119002ms |       127.0.0.1 | POST     "/api/v1/auth/tenant"
[GIN] 2026/10/01 - 10:20:31 | 404 |    3.010463ms |       127.0.0.1 | POST     "/api/v2/devices/v2-hidden/telemetry"
    telemetry_permission_http_test.go:41: scenario=app_owner_v2-hidden post_status=404 response={"error":"not_found"}
[GIN] 2026/10/01 - 10:20:31 | 404 |    2.146975ms |       127.0.0.1 | POST     "/api/v2/devices/v2-foreign/telemetry"
    telemetry_permission_http_test.go:41: scenario=app_owner_v2-foreign post_status=404 response={"error":"not_found"}
[GIN] 2026/10/01 - 10:20:31 | 202 |    8.319316ms |       127.0.0.1 | POST     "/api/v2/devices/v2-permission/telemetry"
    telemetry_permission_http_test.go:49: scenario=app_owner login_status=200 post_status=202 response={"device_no":"v2-permission","model_version":1,"accepted":["temperature"],"rejected":[]} before={"alarms": [], "outbox": [], "shadows": [], "telemetry": [], "sensor_data": []} after={"alarms": [{"id": 1, "level": "warning", "metric": "temperature", "message": "temperature 高于阈值 20", "pond_id": 9401, "device_no": "v2-permission", "threshold": 20, "created_at": "2026-10-01T00:00:00+00:00", "product_id": 1, "confirmed_at": null, "current_value": 25}], "outbox": [{"id": 1, "status": "pending", "next_at": "2026-10-01T02:20:31.7841+00:00", "alarm_id": 1, "attempts": 0, "created_at": "2026-10-01T02:20:31.7841+00:00", "last_error": null, "updated_at": "2026-10-01T02:20:31.7841+00:00", "lease_owner": null, "leased_until": null, "recipient_open_id": null}], "shadows": [{"ts": "2026-10-01T00:00:00+00:00", "last": {"temperature": 25}, "signal": null, "pond_id": 9401, "device_no": "v2-permission", "tenant_id": 9401, "product_id": 1, "timestamps": {"temperature": "2026-10-01T00:00:00Z"}, "model_version": 1}], "telemetry": [{"ts": "2026-10-01T00:00:00+00:00", "pond_id": 9401, "device_no": "v2-permission", "tenant_id": 9401, "product_id": 1, "properties": {"temperature": 25}, "model_version": 1}], "sensor_data": [{"ph": null, "ts": "2026-10-01T00:00:00+00:00", "signal": null, "battery": null, "pond_id": 9401, "salinity": null, "device_no": "v2-permission", "tenant_id": 9401, "turbidity": null, "temperature": 25, "dissolved_oxygen": null}]}
[GIN] 2026/10/01 - 10:20:31 | 401 |     354.578µs |       127.0.0.1 | POST     "/api/v2/devices/v2-permission/telemetry"
    telemetry_permission_http_test.go:62: scenario=app_owner_live_downgrade post_status=401 response={"error":"tenant membership revoked"} before={"alarms": [{"id": 1, "level": "warning", "metric": "temperature", "message": "temperature 高于阈值 20", "pond_id": 9401, "device_no": "v2-permission", "threshold": 20, "created_at": "2026-10-01T00:00:00+00:00", "product_id": 1, "confirmed_at": null, "current_value": 25}], "outbox": [{"id": 1, "status": "pending", "next_at": "2026-10-01T02:20:31.7841+00:00", "alarm_id": 1, "attempts": 0, "created_at": "2026-10-01T02:20:31.7841+00:00", "last_error": null, "updated_at": "2026-10-01T02:20:31.7841+00:00", "lease_owner": null, "leased_until": null, "recipient_open_id": null}], "shadows": [{"ts": "2026-10-01T00:00:00+00:00", "last": {"temperature": 25}, "signal": null, "pond_id": 9401, "device_no": "v2-permission", "tenant_id": 9401, "product_id": 1, "timestamps": {"temperature": "2026-10-01T00:00:00Z"}, "model_version": 1}], "telemetry": [{"ts": "2026-10-01T00:00:00+00:00", "pond_id": 9401, "device_no": "v2-permission", "tenant_id": 9401, "product_id": 1, "properties": {"temperature": 25}, "model_version": 1}], "sensor_data": [{"ph": null, "ts": "2026-10-01T00:00:00+00:00", "signal": null, "battery": null, "pond_id": 9401, "salinity": null, "device_no": "v2-permission", "tenant_id": 9401, "turbidity": null, "temperature": 25, "dissolved_oxygen": null}]} after={"alarms": [{"id": 1, "level": "warning", "metric": "temperature", "message": "temperature 高于阈值 20", "pond_id": 9401, "device_no": "v2-permission", "threshold": 20, "created_at": "2026-10-01T00:00:00+00:00", "product_id": 1, "confirmed_at": null, "current_value": 25}], "outbox": [{"id": 1, "status": "pending", "next_at": "2026-10-01T02:20:31.7841+00:00", "alarm_id": 1, "attempts": 0, "created_at": "2026-10-01T02:20:31.7841+00:00", "last_error": null, "updated_at": "2026-10-01T02:20:31.7841+00:00", "lease_owner": null, "leased_until": null, "recipient_open_id": null}], "shadows": [{"ts": "2026-10-01T00:00:00+00:00", "last": {"temperature": 25}, "signal": null, "pond_id": 9401, "device_no": "v2-permission", "tenant_id": 9401, "product_id": 1, "timestamps": {"temperature": "2026-10-01T00:00:00Z"}, "model_version": 1}], "telemetry": [{"ts": "2026-10-01T00:00:00+00:00", "pond_id": 9401, "device_no": "v2-permission", "tenant_id": 9401, "product_id": 1, "properties": {"temperature": 25}, "model_version": 1}], "sensor_data": [{"ph": null, "ts": "2026-10-01T00:00:00+00:00", "signal": null, "battery": null, "pond_id": 9401, "salinity": null, "device_no": "v2-permission", "tenant_id": 9401, "turbidity": null, "temperature": 25, "dissolved_oxygen": null}]}
=== RUN   TestAppTelemetryWriteRoleBoundary/admin
    telemetry_permission_http_test.go:26: environment real_timescaledb=2.30.0
[GIN-debug] [WARNING] Running in "debug" mode. Switch to "release" mode in production.
 - using env:	export GIN_MODE=release
 - using code:	gin.SetMode(gin.ReleaseMode)

[GIN-debug] POST   /api/v1/auth/login        --> git.hyhy.fun/rsplab/iolink/internal/appapi.(*Server).login-fm (3 handlers)
[GIN-debug] GET    /api/v1/auth/tenants      --> git.hyhy.fun/rsplab/iolink/internal/appapi.(*Server).listTenants-fm (4 handlers)
[GIN-debug] POST   /api/v1/auth/tenant       --> git.hyhy.fun/rsplab/iolink/internal/appapi.(*Server).switchTenant-fm (4 handlers)
[GIN-debug] GET    /api/v1/ponds             --> git.hyhy.fun/rsplab/iolink/internal/appapi.(*Server).listPonds-fm (4 handlers)
[GIN-debug] GET    /api/v1/ponds/:id         --> git.hyhy.fun/rsplab/iolink/internal/appapi.(*Server).getPond-fm (4 handlers)
[GIN-debug] GET    /api/v1/devices           --> git.hyhy.fun/rsplab/iolink/internal/appapi.(*Server).listDevices-fm (4 handlers)
[GIN-debug] GET    /api/v1/devices/:device_no --> git.hyhy.fun/rsplab/iolink/internal/appapi.(*Server).getDevice-fm (4 handlers)
[GIN-debug] GET    /api/v1/water/latest      --> git.hyhy.fun/rsplab/iolink/internal/appapi.(*Server).waterLatest-fm (4 handlers)
[GIN-debug] GET    /api/v1/water/history     --> git.hyhy.fun/rsplab/iolink/internal/appapi.(*Server).waterHistory-fm (4 handlers)
[GIN-debug] GET    /api/v1/alarms            --> git.hyhy.fun/rsplab/iolink/internal/appapi.(*Server).listAlarms-fm (4 handlers)
[GIN-debug] GET    /api/v1/stats/summary     --> git.hyhy.fun/rsplab/iolink/internal/appapi.(*Server).statsSummary-fm (4 handlers)
[GIN-debug] POST   /api/v1/alarms/:id/confirm --> git.hyhy.fun/rsplab/iolink/internal/appapi.(*Server).confirmAlarm-fm (4 handlers)
[GIN-debug] POST   /api/v2/devices/:device_no/telemetry --> git.hyhy.fun/rsplab/iolink/internal/appapi.(*Server).submitTelemetryV2-fm (4 handlers)
[GIN-debug] GET    /api/v2/devices/:device_no/model/latest --> git.hyhy.fun/rsplab/iolink/internal/appapi.(*Server).modelLatestV2-fm (4 handlers)
[GIN-debug] GET    /api/v2/devices/:device_no/history --> git.hyhy.fun/rsplab/iolink/internal/appapi.(*Server).telemetryHistoryV2-fm (4 handlers)
[GIN] 2026/10/01 - 10:20:32 | 200 |    4.039231ms |       127.0.0.1 | POST     "/api/v1/auth/login"
[GIN] 2026/10/01 - 10:20:32 | 200 |    2.206908ms |       127.0.0.1 | POST     "/api/v1/auth/tenant"
[GIN] 2026/10/01 - 10:20:32 | 404 |    2.642228ms |       127.0.0.1 | POST     "/api/v2/devices/v2-hidden/telemetry"
    telemetry_permission_http_test.go:41: scenario=app_admin_v2-hidden post_status=404 response={"error":"not_found"}
[GIN] 2026/10/01 - 10:20:32 | 404 |    2.113953ms |       127.0.0.1 | POST     "/api/v2/devices/v2-foreign/telemetry"
    telemetry_permission_http_test.go:41: scenario=app_admin_v2-foreign post_status=404 response={"error":"not_found"}
[GIN] 2026/10/01 - 10:20:32 | 202 |     7.27105ms |       127.0.0.1 | POST     "/api/v2/devices/v2-permission/telemetry"
    telemetry_permission_http_test.go:49: scenario=app_admin login_status=200 post_status=202 response={"device_no":"v2-permission","model_version":1,"accepted":["temperature"],"rejected":[]} before={"alarms": [], "outbox": [], "shadows": [], "telemetry": [], "sensor_data": []} after={"alarms": [{"id": 1, "level": "warning", "metric": "temperature", "message": "temperature 高于阈值 20", "pond_id": 9401, "device_no": "v2-permission", "threshold": 20, "created_at": "2026-10-01T00:00:00+00:00", "product_id": 1, "confirmed_at": null, "current_value": 25}], "outbox": [{"id": 1, "status": "pending", "next_at": "2026-10-01T02:20:32.137768+00:00", "alarm_id": 1, "attempts": 0, "created_at": "2026-10-01T02:20:32.137768+00:00", "last_error": null, "updated_at": "2026-10-01T02:20:32.137768+00:00", "lease_owner": null, "leased_until": null, "recipient_open_id": null}], "shadows": [{"ts": "2026-10-01T00:00:00+00:00", "last": {"temperature": 25}, "signal": null, "pond_id": 9401, "device_no": "v2-permission", "tenant_id": 9401, "product_id": 1, "timestamps": {"temperature": "2026-10-01T00:00:00Z"}, "model_version": 1}], "telemetry": [{"ts": "2026-10-01T00:00:00+00:00", "pond_id": 9401, "device_no": "v2-permission", "tenant_id": 9401, "product_id": 1, "properties": {"temperature": 25}, "model_version": 1}], "sensor_data": [{"ph": null, "ts": "2026-10-01T00:00:00+00:00", "signal": null, "battery": null, "pond_id": 9401, "salinity": null, "device_no": "v2-permission", "tenant_id": 9401, "turbidity": null, "temperature": 25, "dissolved_oxygen": null}]}
[GIN] 2026/10/01 - 10:20:32 | 401 |     354.618µs |       127.0.0.1 | POST     "/api/v2/devices/v2-permission/telemetry"
    telemetry_permission_http_test.go:62: scenario=app_admin_live_downgrade post_status=401 response={"error":"tenant membership revoked"} before={"alarms": [{"id": 1, "level": "warning", "metric": "temperature", "message": "temperature 高于阈值 20", "pond_id": 9401, "device_no": "v2-permission", "threshold": 20, "created_at": "2026-10-01T00:00:00+00:00", "product_id": 1, "confirmed_at": null, "current_value": 25}], "outbox": [{"id": 1, "status": "pending", "next_at": "2026-10-01T02:20:32.137768+00:00", "alarm_id": 1, "attempts": 0, "created_at": "2026-10-01T02:20:32.137768+00:00", "last_error": null, "updated_at": "2026-10-01T02:20:32.137768+00:00", "lease_owner": null, "leased_until": null, "recipient_open_id": null}], "shadows": [{"ts": "2026-10-01T00:00:00+00:00", "last": {"temperature": 25}, "signal": null, "pond_id": 9401, "device_no": "v2-permission", "tenant_id": 9401, "product_id": 1, "timestamps": {"temperature": "2026-10-01T00:00:00Z"}, "model_version": 1}], "telemetry": [{"ts": "2026-10-01T00:00:00+00:00", "pond_id": 9401, "device_no": "v2-permission", "tenant_id": 9401, "product_id": 1, "properties": {"temperature": 25}, "model_version": 1}], "sensor_data": [{"ph": null, "ts": "2026-10-01T00:00:00+00:00", "signal": null, "battery": null, "pond_id": 9401, "salinity": null, "device_no": "v2-permission", "tenant_id": 9401, "turbidity": null, "temperature": 25, "dissolved_oxygen": null}]} after={"alarms": [{"id": 1, "level": "warning", "metric": "temperature", "message": "temperature 高于阈值 20", "pond_id": 9401, "device_no": "v2-permission", "threshold": 20, "created_at": "2026-10-01T00:00:00+00:00", "product_id": 1, "confirmed_at": null, "current_value": 25}], "outbox": [{"id": 1, "status": "pending", "next_at": "2026-10-01T02:20:32.137768+00:00", "alarm_id": 1, "attempts": 0, "created_at": "2026-10-01T02:20:32.137768+00:00", "last_error": null, "updated_at": "2026-10-01T02:20:32.137768+00:00", "lease_owner": null, "leased_until": null, "recipient_open_id": null}], "shadows": [{"ts": "2026-10-01T00:00:00+00:00", "last": {"temperature": 25}, "signal": null, "pond_id": 9401, "device_no": "v2-permission", "tenant_id": 9401, "product_id": 1, "timestamps": {"temperature": "2026-10-01T00:00:00Z"}, "model_version": 1}], "telemetry": [{"ts": "2026-10-01T00:00:00+00:00", "pond_id": 9401, "device_no": "v2-permission", "tenant_id": 9401, "product_id": 1, "properties": {"temperature": 25}, "model_version": 1}], "sensor_data": [{"ph": null, "ts": "2026-10-01T00:00:00+00:00", "signal": null, "battery": null, "pond_id": 9401, "salinity": null, "device_no": "v2-permission", "tenant_id": 9401, "turbidity": null, "temperature": 25, "dissolved_oxygen": null}]}
=== RUN   TestAppTelemetryWriteRoleBoundary/viewer
    telemetry_permission_http_test.go:26: environment real_timescaledb=2.30.0
[GIN-debug] [WARNING] Running in "debug" mode. Switch to "release" mode in production.
 - using env:	export GIN_MODE=release
 - using code:	gin.SetMode(gin.ReleaseMode)

[GIN-debug] POST   /api/v1/auth/login        --> git.hyhy.fun/rsplab/iolink/internal/appapi.(*Server).login-fm (3 handlers)
[GIN-debug] GET    /api/v1/auth/tenants      --> git.hyhy.fun/rsplab/iolink/internal/appapi.(*Server).listTenants-fm (4 handlers)
[GIN-debug] POST   /api/v1/auth/tenant       --> git.hyhy.fun/rsplab/iolink/internal/appapi.(*Server).switchTenant-fm (4 handlers)
[GIN-debug] GET    /api/v1/ponds             --> git.hyhy.fun/rsplab/iolink/internal/appapi.(*Server).listPonds-fm (4 handlers)
[GIN-debug] GET    /api/v1/ponds/:id         --> git.hyhy.fun/rsplab/iolink/internal/appapi.(*Server).getPond-fm (4 handlers)
[GIN-debug] GET    /api/v1/devices           --> git.hyhy.fun/rsplab/iolink/internal/appapi.(*Server).listDevices-fm (4 handlers)
[GIN-debug] GET    /api/v1/devices/:device_no --> git.hyhy.fun/rsplab/iolink/internal/appapi.(*Server).getDevice-fm (4 handlers)
[GIN-debug] GET    /api/v1/water/latest      --> git.hyhy.fun/rsplab/iolink/internal/appapi.(*Server).waterLatest-fm (4 handlers)
[GIN-debug] GET    /api/v1/water/history     --> git.hyhy.fun/rsplab/iolink/internal/appapi.(*Server).waterHistory-fm (4 handlers)
[GIN-debug] GET    /api/v1/alarms            --> git.hyhy.fun/rsplab/iolink/internal/appapi.(*Server).listAlarms-fm (4 handlers)
[GIN-debug] GET    /api/v1/stats/summary     --> git.hyhy.fun/rsplab/iolink/internal/appapi.(*Server).statsSummary-fm (4 handlers)
[GIN-debug] POST   /api/v1/alarms/:id/confirm --> git.hyhy.fun/rsplab/iolink/internal/appapi.(*Server).confirmAlarm-fm (4 handlers)
[GIN-debug] POST   /api/v2/devices/:device_no/telemetry --> git.hyhy.fun/rsplab/iolink/internal/appapi.(*Server).submitTelemetryV2-fm (4 handlers)
[GIN-debug] GET    /api/v2/devices/:device_no/model/latest --> git.hyhy.fun/rsplab/iolink/internal/appapi.(*Server).modelLatestV2-fm (4 handlers)
[GIN-debug] GET    /api/v2/devices/:device_no/history --> git.hyhy.fun/rsplab/iolink/internal/appapi.(*Server).telemetryHistoryV2-fm (4 handlers)
[GIN] 2026/10/01 - 10:20:32 | 200 |     3.58739ms |       127.0.0.1 | POST     "/api/v1/auth/login"
[GIN] 2026/10/01 - 10:20:32 | 200 |     2.10159ms |       127.0.0.1 | POST     "/api/v1/auth/tenant"
[GIN] 2026/10/01 - 10:20:32 | 404 |    2.559522ms |       127.0.0.1 | POST     "/api/v2/devices/v2-hidden/telemetry"
    telemetry_permission_http_test.go:41: scenario=app_viewer_v2-hidden post_status=404 response={"error":"not_found"}
[GIN] 2026/10/01 - 10:20:32 | 404 |    2.062516ms |       127.0.0.1 | POST     "/api/v2/devices/v2-foreign/telemetry"
    telemetry_permission_http_test.go:41: scenario=app_viewer_v2-foreign post_status=404 response={"error":"not_found"}
[GIN] 2026/10/01 - 10:20:32 | 403 |    2.806689ms |       127.0.0.1 | POST     "/api/v2/devices/v2-permission/telemetry"
    telemetry_permission_http_test.go:49: scenario=app_viewer login_status=200 post_status=403 response={"error":"forbidden"} before={"alarms": [], "outbox": [], "shadows": [], "telemetry": [], "sensor_data": []} after={"alarms": [], "outbox": [], "shadows": [], "telemetry": [], "sensor_data": []}
=== RUN   TestAppTelemetryWriteRoleBoundary/member
    telemetry_permission_http_test.go:26: environment real_timescaledb=2.30.0
[GIN-debug] [WARNING] Running in "debug" mode. Switch to "release" mode in production.
 - using env:	export GIN_MODE=release
 - using code:	gin.SetMode(gin.ReleaseMode)

[GIN-debug] POST   /api/v1/auth/login        --> git.hyhy.fun/rsplab/iolink/internal/appapi.(*Server).login-fm (3 handlers)
[GIN-debug] GET    /api/v1/auth/tenants      --> git.hyhy.fun/rsplab/iolink/internal/appapi.(*Server).listTenants-fm (4 handlers)
[GIN-debug] POST   /api/v1/auth/tenant       --> git.hyhy.fun/rsplab/iolink/internal/appapi.(*Server).switchTenant-fm (4 handlers)
[GIN-debug] GET    /api/v1/ponds             --> git.hyhy.fun/rsplab/iolink/internal/appapi.(*Server).listPonds-fm (4 handlers)
[GIN-debug] GET    /api/v1/ponds/:id         --> git.hyhy.fun/rsplab/iolink/internal/appapi.(*Server).getPond-fm (4 handlers)
[GIN-debug] GET    /api/v1/devices           --> git.hyhy.fun/rsplab/iolink/internal/appapi.(*Server).listDevices-fm (4 handlers)
[GIN-debug] GET    /api/v1/devices/:device_no --> git.hyhy.fun/rsplab/iolink/internal/appapi.(*Server).getDevice-fm (4 handlers)
[GIN-debug] GET    /api/v1/water/latest      --> git.hyhy.fun/rsplab/iolink/internal/appapi.(*Server).waterLatest-fm (4 handlers)
[GIN-debug] GET    /api/v1/water/history     --> git.hyhy.fun/rsplab/iolink/internal/appapi.(*Server).waterHistory-fm (4 handlers)
[GIN-debug] GET    /api/v1/alarms            --> git.hyhy.fun/rsplab/iolink/internal/appapi.(*Server).listAlarms-fm (4 handlers)
[GIN-debug] GET    /api/v1/stats/summary     --> git.hyhy.fun/rsplab/iolink/internal/appapi.(*Server).statsSummary-fm (4 handlers)
[GIN-debug] POST   /api/v1/alarms/:id/confirm --> git.hyhy.fun/rsplab/iolink/internal/appapi.(*Server).confirmAlarm-fm (4 handlers)
[GIN-debug] POST   /api/v2/devices/:device_no/telemetry --> git.hyhy.fun/rsplab/iolink/internal/appapi.(*Server).submitTelemetryV2-fm (4 handlers)
[GIN-debug] GET    /api/v2/devices/:device_no/model/latest --> git.hyhy.fun/rsplab/iolink/internal/appapi.(*Server).modelLatestV2-fm (4 handlers)
[GIN-debug] GET    /api/v2/devices/:device_no/history --> git.hyhy.fun/rsplab/iolink/internal/appapi.(*Server).telemetryHistoryV2-fm (4 handlers)
[GIN] 2026/10/01 - 10:20:32 | 200 |    3.746199ms |       127.0.0.1 | POST     "/api/v1/auth/login"
[GIN] 2026/10/01 - 10:20:32 | 200 |    2.501784ms |       127.0.0.1 | POST     "/api/v1/auth/tenant"
[GIN] 2026/10/01 - 10:20:32 | 404 |    2.775249ms |       127.0.0.1 | POST     "/api/v2/devices/v2-hidden/telemetry"
    telemetry_permission_http_test.go:41: scenario=app_member_v2-hidden post_status=404 response={"error":"not_found"}
[GIN] 2026/10/01 - 10:20:32 | 404 |    2.181991ms |       127.0.0.1 | POST     "/api/v2/devices/v2-foreign/telemetry"
    telemetry_permission_http_test.go:41: scenario=app_member_v2-foreign post_status=404 response={"error":"not_found"}
[GIN] 2026/10/01 - 10:20:32 | 403 |    3.096494ms |       127.0.0.1 | POST     "/api/v2/devices/v2-permission/telemetry"
    telemetry_permission_http_test.go:49: scenario=app_member login_status=200 post_status=403 response={"error":"forbidden"} before={"alarms": [], "outbox": [], "shadows": [], "telemetry": [], "sensor_data": []} after={"alarms": [], "outbox": [], "shadows": [], "telemetry": [], "sensor_data": []}
=== RUN   TestAppTelemetryWriteRoleBoundary/support
    telemetry_permission_http_test.go:26: environment real_timescaledb=2.30.0
[GIN-debug] [WARNING] Running in "debug" mode. Switch to "release" mode in production.
 - using env:	export GIN_MODE=release
 - using code:	gin.SetMode(gin.ReleaseMode)

[GIN-debug] POST   /api/v1/auth/login        --> git.hyhy.fun/rsplab/iolink/internal/appapi.(*Server).login-fm (3 handlers)
[GIN-debug] GET    /api/v1/auth/tenants      --> git.hyhy.fun/rsplab/iolink/internal/appapi.(*Server).listTenants-fm (4 handlers)
[GIN-debug] POST   /api/v1/auth/tenant       --> git.hyhy.fun/rsplab/iolink/internal/appapi.(*Server).switchTenant-fm (4 handlers)
[GIN-debug] GET    /api/v1/ponds             --> git.hyhy.fun/rsplab/iolink/internal/appapi.(*Server).listPonds-fm (4 handlers)
[GIN-debug] GET    /api/v1/ponds/:id         --> git.hyhy.fun/rsplab/iolink/internal/appapi.(*Server).getPond-fm (4 handlers)
[GIN-debug] GET    /api/v1/devices           --> git.hyhy.fun/rsplab/iolink/internal/appapi.(*Server).listDevices-fm (4 handlers)
[GIN-debug] GET    /api/v1/devices/:device_no --> git.hyhy.fun/rsplab/iolink/internal/appapi.(*Server).getDevice-fm (4 handlers)
[GIN-debug] GET    /api/v1/water/latest      --> git.hyhy.fun/rsplab/iolink/internal/appapi.(*Server).waterLatest-fm (4 handlers)
[GIN-debug] GET    /api/v1/water/history     --> git.hyhy.fun/rsplab/iolink/internal/appapi.(*Server).waterHistory-fm (4 handlers)
[GIN-debug] GET    /api/v1/alarms            --> git.hyhy.fun/rsplab/iolink/internal/appapi.(*Server).listAlarms-fm (4 handlers)
[GIN-debug] GET    /api/v1/stats/summary     --> git.hyhy.fun/rsplab/iolink/internal/appapi.(*Server).statsSummary-fm (4 handlers)
[GIN-debug] POST   /api/v1/alarms/:id/confirm --> git.hyhy.fun/rsplab/iolink/internal/appapi.(*Server).confirmAlarm-fm (4 handlers)
[GIN-debug] POST   /api/v2/devices/:device_no/telemetry --> git.hyhy.fun/rsplab/iolink/internal/appapi.(*Server).submitTelemetryV2-fm (4 handlers)
[GIN-debug] GET    /api/v2/devices/:device_no/model/latest --> git.hyhy.fun/rsplab/iolink/internal/appapi.(*Server).modelLatestV2-fm (4 handlers)
[GIN-debug] GET    /api/v2/devices/:device_no/history --> git.hyhy.fun/rsplab/iolink/internal/appapi.(*Server).telemetryHistoryV2-fm (4 handlers)
[GIN] 2026/10/01 - 10:20:33 | 200 |    3.661769ms |       127.0.0.1 | POST     "/api/v1/auth/login"
[GIN] 2026/10/01 - 10:20:33 | 200 |     2.06977ms |       127.0.0.1 | POST     "/api/v1/auth/tenant"
[GIN] 2026/10/01 - 10:20:33 | 404 |    2.747888ms |       127.0.0.1 | POST     "/api/v2/devices/v2-hidden/telemetry"
    telemetry_permission_http_test.go:41: scenario=app_support_v2-hidden post_status=404 response={"error":"not_found"}
[GIN] 2026/10/01 - 10:20:33 | 404 |    2.125766ms |       127.0.0.1 | POST     "/api/v2/devices/v2-foreign/telemetry"
    telemetry_permission_http_test.go:41: scenario=app_support_v2-foreign post_status=404 response={"error":"not_found"}
[GIN] 2026/10/01 - 10:20:33 | 403 |    2.990013ms |       127.0.0.1 | POST     "/api/v2/devices/v2-permission/telemetry"
    telemetry_permission_http_test.go:49: scenario=app_support login_status=200 post_status=403 response={"error":"forbidden"} before={"alarms": [], "outbox": [], "shadows": [], "telemetry": [], "sensor_data": []} after={"alarms": [], "outbox": [], "shadows": [], "telemetry": [], "sensor_data": []}
--- PASS: TestAppTelemetryWriteRoleBoundary (1.76s)
    --- PASS: TestAppTelemetryWriteRoleBoundary/owner (0.36s)
    --- PASS: TestAppTelemetryWriteRoleBoundary/admin (0.35s)
    --- PASS: TestAppTelemetryWriteRoleBoundary/viewer (0.35s)
    --- PASS: TestAppTelemetryWriteRoleBoundary/member (0.36s)
    --- PASS: TestAppTelemetryWriteRoleBoundary/support (0.34s)
=== RUN   TestTelemetryWriteAcceptedWhenLiveOwnerOrAdmin
=== RUN   TestTelemetryWriteAcceptedWhenLiveOwnerOrAdmin/owner
    telemetry_permission_test.go:55: environment real_timescaledb=2.30.0
    telemetry_permission_test.go:62: scenario=owner result={DeviceNo:v2-permission ModelVersion:1 Accepted:[temperature] Rejected:[]} error=<nil> before={"alarms": [], "outbox": [], "shadows": [], "telemetry": [], "sensor_data": []} after={"alarms": [{"id": 1, "level": "warning", "metric": "temperature", "message": "temperature 高于阈值 20", "pond_id": 9401, "device_no": "v2-permission", "threshold": 20, "created_at": "2026-10-01T00:00:00+00:00", "product_id": 1, "confirmed_at": null, "current_value": 25}], "outbox": [{"id": 1, "status": "pending", "next_at": "2026-10-01T02:20:33.521067+00:00", "alarm_id": 1, "attempts": 0, "created_at": "2026-10-01T02:20:33.521067+00:00", "last_error": null, "updated_at": "2026-10-01T02:20:33.521067+00:00", "lease_owner": null, "leased_until": null, "recipient_open_id": null}], "shadows": [{"ts": "2026-10-01T00:00:00+00:00", "last": {"temperature": 25}, "signal": null, "pond_id": 9401, "device_no": "v2-permission", "tenant_id": 9401, "product_id": 1, "timestamps": {"temperature": "2026-10-01T00:00:00Z"}, "model_version": 1}], "telemetry": [{"ts": "2026-10-01T00:00:00+00:00", "pond_id": 9401, "device_no": "v2-permission", "tenant_id": 9401, "product_id": 1, "properties": {"temperature": 25}, "model_version": 1}], "sensor_data": [{"ph": null, "ts": "2026-10-01T00:00:00+00:00", "signal": null, "battery": null, "pond_id": 9401, "salinity": null, "device_no": "v2-permission", "tenant_id": 9401, "turbidity": null, "temperature": 25, "dissolved_oxygen": null}]}
=== RUN   TestTelemetryWriteAcceptedWhenLiveOwnerOrAdmin/admin
    telemetry_permission_test.go:55: environment real_timescaledb=2.30.0
    telemetry_permission_test.go:62: scenario=admin result={DeviceNo:v2-permission ModelVersion:1 Accepted:[temperature] Rejected:[]} error=<nil> before={"alarms": [], "outbox": [], "shadows": [], "telemetry": [], "sensor_data": []} after={"alarms": [{"id": 1, "level": "warning", "metric": "temperature", "message": "temperature 高于阈值 20", "pond_id": 9401, "device_no": "v2-permission", "threshold": 20, "created_at": "2026-10-01T00:00:00+00:00", "product_id": 1, "confirmed_at": null, "current_value": 25}], "outbox": [{"id": 1, "status": "pending", "next_at": "2026-10-01T02:20:33.851674+00:00", "alarm_id": 1, "attempts": 0, "created_at": "2026-10-01T02:20:33.851674+00:00", "last_error": null, "updated_at": "2026-10-01T02:20:33.851674+00:00", "lease_owner": null, "leased_until": null, "recipient_open_id": null}], "shadows": [{"ts": "2026-10-01T00:00:00+00:00", "last": {"temperature": 25}, "signal": null, "pond_id": 9401, "device_no": "v2-permission", "tenant_id": 9401, "product_id": 1, "timestamps": {"temperature": "2026-10-01T00:00:00Z"}, "model_version": 1}], "telemetry": [{"ts": "2026-10-01T00:00:00+00:00", "pond_id": 9401, "device_no": "v2-permission", "tenant_id": 9401, "product_id": 1, "properties": {"temperature": 25}, "model_version": 1}], "sensor_data": [{"ph": null, "ts": "2026-10-01T00:00:00+00:00", "signal": null, "battery": null, "pond_id": 9401, "salinity": null, "device_no": "v2-permission", "tenant_id": 9401, "turbidity": null, "temperature": 25, "dissolved_oxygen": null}]}
--- PASS: TestTelemetryWriteAcceptedWhenLiveOwnerOrAdmin (0.66s)
    --- PASS: TestTelemetryWriteAcceptedWhenLiveOwnerOrAdmin/owner (0.33s)
    --- PASS: TestTelemetryWriteAcceptedWhenLiveOwnerOrAdmin/admin (0.33s)
=== RUN   TestTelemetryWriteDeniedWhenPolicyUnavailable
    telemetry_permission_test.go:109: environment real_timescaledb=2.30.0
    telemetry_permission_test.go:119: scenario=missing_policy error=forbidden before={"alarms": [], "outbox": [], "shadows": [], "telemetry": [], "sensor_data": []} after={"alarms": [], "outbox": [], "shadows": [], "telemetry": [], "sensor_data": []}
--- PASS: TestTelemetryWriteDeniedWhenPolicyUnavailable (0.32s)
=== RUN   TestAppTelemetryWriteDeniedWhenTokenRevoked
    telemetry_permission_http_test.go:73: environment real_timescaledb=2.30.0
[GIN-debug] [WARNING] Running in "debug" mode. Switch to "release" mode in production.
 - using env:	export GIN_MODE=release
 - using code:	gin.SetMode(gin.ReleaseMode)

[GIN-debug] POST   /api/v1/auth/login        --> git.hyhy.fun/rsplab/iolink/internal/appapi.(*Server).login-fm (3 handlers)
[GIN-debug] GET    /api/v1/auth/tenants      --> git.hyhy.fun/rsplab/iolink/internal/appapi.(*Server).listTenants-fm (4 handlers)
[GIN-debug] POST   /api/v1/auth/tenant       --> git.hyhy.fun/rsplab/iolink/internal/appapi.(*Server).switchTenant-fm (4 handlers)
[GIN-debug] GET    /api/v1/ponds             --> git.hyhy.fun/rsplab/iolink/internal/appapi.(*Server).listPonds-fm (4 handlers)
[GIN-debug] GET    /api/v1/ponds/:id         --> git.hyhy.fun/rsplab/iolink/internal/appapi.(*Server).getPond-fm (4 handlers)
[GIN-debug] GET    /api/v1/devices           --> git.hyhy.fun/rsplab/iolink/internal/appapi.(*Server).listDevices-fm (4 handlers)
[GIN-debug] GET    /api/v1/devices/:device_no --> git.hyhy.fun/rsplab/iolink/internal/appapi.(*Server).getDevice-fm (4 handlers)
[GIN-debug] GET    /api/v1/water/latest      --> git.hyhy.fun/rsplab/iolink/internal/appapi.(*Server).waterLatest-fm (4 handlers)
[GIN-debug] GET    /api/v1/water/history     --> git.hyhy.fun/rsplab/iolink/internal/appapi.(*Server).waterHistory-fm (4 handlers)
[GIN-debug] GET    /api/v1/alarms            --> git.hyhy.fun/rsplab/iolink/internal/appapi.(*Server).listAlarms-fm (4 handlers)
[GIN-debug] GET    /api/v1/stats/summary     --> git.hyhy.fun/rsplab/iolink/internal/appapi.(*Server).statsSummary-fm (4 handlers)
[GIN-debug] POST   /api/v1/alarms/:id/confirm --> git.hyhy.fun/rsplab/iolink/internal/appapi.(*Server).confirmAlarm-fm (4 handlers)
[GIN-debug] POST   /api/v2/devices/:device_no/telemetry --> git.hyhy.fun/rsplab/iolink/internal/appapi.(*Server).submitTelemetryV2-fm (4 handlers)
[GIN-debug] GET    /api/v2/devices/:device_no/model/latest --> git.hyhy.fun/rsplab/iolink/internal/appapi.(*Server).modelLatestV2-fm (4 handlers)
[GIN-debug] GET    /api/v2/devices/:device_no/history --> git.hyhy.fun/rsplab/iolink/internal/appapi.(*Server).telemetryHistoryV2-fm (4 handlers)
[GIN] 2026/10/01 - 10:20:34 | 200 |    3.816131ms |       127.0.0.1 | POST     "/api/v1/auth/login"
[GIN] 2026/10/01 - 10:20:34 | 200 |    2.144651ms |       127.0.0.1 | POST     "/api/v1/auth/tenant"
[GIN] 2026/10/01 - 10:20:34 | 401 |     586.174µs |       127.0.0.1 | POST     "/api/v2/devices/v2-permission/telemetry"
    telemetry_permission_http_test.go:89: scenario=app_revoked post_status=401 response={"error":"tenant membership revoked"} before={"alarms": [], "outbox": [], "shadows": [], "telemetry": [], "sensor_data": []} after={"alarms": [], "outbox": [], "shadows": [], "telemetry": [], "sensor_data": []}
--- PASS: TestAppTelemetryWriteDeniedWhenTokenRevoked (0.33s)
=== RUN   TestGenericTelemetryV2PersistsValidatedPropertiesAndScopedHistory
--- PASS: TestGenericTelemetryV2PersistsValidatedPropertiesAndScopedHistory (0.35s)
=== RUN   TestTelemetryWriteDeniedWhenActorCannotWrite
=== RUN   TestTelemetryWriteDeniedWhenActorCannotWrite/viewer
    telemetry_permission_test.go:32: environment real_timescaledb=2.30.0
    telemetry_permission_test.go:40: scenario=viewer error=forbidden before={"alarms": [], "outbox": [], "shadows": [], "telemetry": [], "sensor_data": []} after={"alarms": [], "outbox": [], "shadows": [], "telemetry": [], "sensor_data": []}
=== RUN   TestTelemetryWriteDeniedWhenActorCannotWrite/member
    telemetry_permission_test.go:32: environment real_timescaledb=2.30.0
    telemetry_permission_test.go:40: scenario=member error=forbidden before={"alarms": [], "outbox": [], "shadows": [], "telemetry": [], "sensor_data": []} after={"alarms": [], "outbox": [], "shadows": [], "telemetry": [], "sensor_data": []}
=== RUN   TestTelemetryWriteDeniedWhenActorCannotWrite/support
    telemetry_permission_test.go:32: environment real_timescaledb=2.30.0
    telemetry_permission_test.go:40: scenario=support error=forbidden before={"alarms": [], "outbox": [], "shadows": [], "telemetry": [], "sensor_data": []} after={"alarms": [], "outbox": [], "shadows": [], "telemetry": [], "sensor_data": []}
=== RUN   TestTelemetryWriteDeniedWhenActorCannotWrite/forged_role
    telemetry_permission_test.go:32: environment real_timescaledb=2.30.0
    telemetry_permission_test.go:40: scenario=forged_role error=forbidden before={"alarms": [], "outbox": [], "shadows": [], "telemetry": [], "sensor_data": []} after={"alarms": [], "outbox": [], "shadows": [], "telemetry": [], "sensor_data": []}
=== RUN   TestTelemetryWriteDeniedWhenActorCannotWrite/unknown_role
    telemetry_permission_test.go:32: environment real_timescaledb=2.30.0
    telemetry_permission_test.go:40: scenario=unknown_role error=forbidden before={"alarms": [], "outbox": [], "shadows": [], "telemetry": [], "sensor_data": []} after={"alarms": [], "outbox": [], "shadows": [], "telemetry": [], "sensor_data": []}
=== RUN   TestTelemetryWriteDeniedWhenActorCannotWrite/forged_actor
    telemetry_permission_test.go:32: environment real_timescaledb=2.30.0
    telemetry_permission_test.go:40: scenario=forged_actor error=forbidden before={"alarms": [], "outbox": [], "shadows": [], "telemetry": [], "sensor_data": []} after={"alarms": [], "outbox": [], "shadows": [], "telemetry": [], "sensor_data": []}
=== RUN   TestTelemetryWriteDeniedWhenActorCannotWrite/revoked
    telemetry_permission_test.go:32: environment real_timescaledb=2.30.0
    telemetry_permission_test.go:40: scenario=revoked error=forbidden before={"alarms": [], "outbox": [], "shadows": [], "telemetry": [], "sensor_data": []} after={"alarms": [], "outbox": [], "shadows": [], "telemetry": [], "sensor_data": []}
=== RUN   TestTelemetryWriteDeniedWhenActorCannotWrite/cross_tenant
    telemetry_permission_test.go:32: environment real_timescaledb=2.30.0
    telemetry_permission_test.go:40: scenario=cross_tenant error=not found before={"alarms": [], "outbox": [], "shadows": [], "telemetry": [], "sensor_data": []} after={"alarms": [], "outbox": [], "shadows": [], "telemetry": [], "sensor_data": []}
--- PASS: TestTelemetryWriteDeniedWhenActorCannotWrite (2.71s)
    --- PASS: TestTelemetryWriteDeniedWhenActorCannotWrite/viewer (0.33s)
    --- PASS: TestTelemetryWriteDeniedWhenActorCannotWrite/member (0.36s)
    --- PASS: TestTelemetryWriteDeniedWhenActorCannotWrite/support (0.33s)
    --- PASS: TestTelemetryWriteDeniedWhenActorCannotWrite/forged_role (0.32s)
    --- PASS: TestTelemetryWriteDeniedWhenActorCannotWrite/unknown_role (0.33s)
    --- PASS: TestTelemetryWriteDeniedWhenActorCannotWrite/forged_actor (0.33s)
    --- PASS: TestTelemetryWriteDeniedWhenActorCannotWrite/revoked (0.34s)
    --- PASS: TestTelemetryWriteDeniedWhenActorCannotWrite/cross_tenant (0.36s)
PASS
ok  	git.hyhy.fun/rsplab/iolink/internal/core	10.075s
-test.shuffle 1790821228557683970
=== RUN   TestSubmitTelemetryV2RejectsEmptyProperties
[GIN-debug] [WARNING] Running in "debug" mode. Switch to "release" mode in production.
 - using env:	export GIN_MODE=release
 - using code:	gin.SetMode(gin.ReleaseMode)

--- PASS: TestSubmitTelemetryV2RejectsEmptyProperties (0.00s)
=== RUN   TestSubmitTelemetryV2ReturnsAcceptedResult
[GIN-debug] [WARNING] Running in "debug" mode. Switch to "release" mode in production.
 - using env:	export GIN_MODE=release
 - using code:	gin.SetMode(gin.ReleaseMode)

--- PASS: TestSubmitTelemetryV2ReturnsAcceptedResult (0.00s)
PASS
ok  	git.hyhy.fun/rsplab/iolink/internal/appapi	1.026s
-test.shuffle 1790821228544500850
=== RUN   TestTenantRoleResourceActionPolicy
=== RUN   TestTenantRoleResourceActionPolicy/owner/farm_members/read
=== RUN   TestTenantRoleResourceActionPolicy/admin/tenant_members/write
=== RUN   TestTenantRoleResourceActionPolicy/member/alarms/confirm
=== RUN   TestTenantRoleResourceActionPolicy/support/alarms/confirm
=== RUN   TestTenantRoleResourceActionPolicy/viewer/alarms/confirm
=== RUN   TestTenantRoleResourceActionPolicy/support/farm_members/read
=== RUN   TestTenantRoleResourceActionPolicy/member/tenant_members/read
=== RUN   TestTenantRoleResourceActionPolicy/viewer/products/write
=== RUN   TestTenantRoleResourceActionPolicy/platform/farms/read
=== RUN   TestTenantRoleResourceActionPolicy/owner/unregistered_resource/read
--- PASS: TestTenantRoleResourceActionPolicy (0.00s)
    --- PASS: TestTenantRoleResourceActionPolicy/owner/farm_members/read (0.00s)
    --- PASS: TestTenantRoleResourceActionPolicy/admin/tenant_members/write (0.00s)
    --- PASS: TestTenantRoleResourceActionPolicy/member/alarms/confirm (0.00s)
    --- PASS: TestTenantRoleResourceActionPolicy/support/alarms/confirm (0.00s)
    --- PASS: TestTenantRoleResourceActionPolicy/viewer/alarms/confirm (0.00s)
    --- PASS: TestTenantRoleResourceActionPolicy/support/farm_members/read (0.00s)
    --- PASS: TestTenantRoleResourceActionPolicy/member/tenant_members/read (0.00s)
    --- PASS: TestTenantRoleResourceActionPolicy/viewer/products/write (0.00s)
    --- PASS: TestTenantRoleResourceActionPolicy/platform/farms/read (0.00s)
    --- PASS: TestTenantRoleResourceActionPolicy/owner/unregistered_resource/read (0.00s)
PASS
ok  	git.hyhy.fun/rsplab/iolink/internal/authorization	1.013s
