base=764c5eb01dcbee0d015bf7153ded74f3881ba07f
go version go1.26.8 linux/amd64
7bba407da5d1636f3600f6cb77ee775bf2bd532f5b05a45e0d5f940ef8bc35ab  docs/api/openapi.yaml
50ba4d52a69fd66357b8a1da3c18ff8e55cedd59d96b9fe662c8feb5aeb64016  internal/appapi/server.go
f5eddad6eaff33b115ed4a2fd32e69fc800bf30dcb5aa9921bfb93c1fc158adf  internal/appapi/telemetry_v2.go
140860a59c2f388e74205ed2dd1a53c898875a8eb5e88c0ba760354ae3a6047a  internal/authorization/policy.go
0a2dba54cef6b77908c5a55ce31f0aefd4ac127e982f2cc46c9d44914d8bb53c  internal/core/m6a_telemetry_integration_test.go
fd4b871d2a6346be32dcdd401a906a493f97466adaf13f7cd63557b4454512ee  internal/core/repos.go
87ca8ee85a62264340f8c035c2f3a65e711068180297de5804d0a1b90804abcb  internal/core/service.go
f5af04f369f82d9b0975e3453c309b9b7d8488d501d1ed5f27851d98a4716ec5  internal/core/telemetry_authorization.go
fa014caaca69394301996bea9fab10bb574ab6603c0de053e5731d21b2b42f9f  internal/core/telemetry_permission_fixture_test.go
22b2e2ad3537d5bda0fa0ea0fc63d6106da16ccbd08404eadd4778ed03123d0b  internal/core/telemetry_permission_http_test.go
310ee4e2a3ae4f1b0cc925543a4cff0e7c1bd3815d665acbd5ce41c7b8dc3dcb  internal/core/telemetry_permission_test.go
baseline production SHA256:
eedd3f3b756d2d5d13a18718682822f6529f52439adeda8aee798075c9365049  policy.go
2c34ba4ac9cd72f08b6cc2f56a6d79b60536e659f6c5448420ee2160f3669c8d  repos.go
1824de9ed8e75194bc05d2d4ab7275373ce17c0caaab8dbd05825b899a260749  server.go
e99f77475840a7d951ce5de72b85577eb0f1e19fe5aa69e6426503b38659b951  service.go
668b5c25d17e472b835aad0212b955e4f92b3dd626fa976acc56c851966c1b5d  telemetry_authorization.go
d94ec3a77269e4df90ad7d7ca655bc8074ff2dc16bd0876094156480fba5a6c2  telemetry_v2.go
