go build ./...
go vet ./...
go test -race -shuffle=on ./... -count=1
ok  	git.hyhy.fun/rsplab/iolink/cmd/iolinkd	1.041s
?   	git.hyhy.fun/rsplab/iolink/cmd/mqtt-once	[no test files]
?   	git.hyhy.fun/rsplab/iolink/cmd/mqtt-sim	[no test files]
?   	git.hyhy.fun/rsplab/iolink/cmd/tp-spike-pub	[no test files]
ok  	git.hyhy.fun/rsplab/iolink/internal/access	1.025s
ok  	git.hyhy.fun/rsplab/iolink/internal/adminapi	6.302s
ok  	git.hyhy.fun/rsplab/iolink/internal/appapi	1.060s
ok  	git.hyhy.fun/rsplab/iolink/internal/authorization	1.015s
ok  	git.hyhy.fun/rsplab/iolink/internal/core	26.583s
ok  	git.hyhy.fun/rsplab/iolink/internal/domain	1.022s
?   	git.hyhy.fun/rsplab/iolink/internal/event	[no test files]
ok  	git.hyhy.fun/rsplab/iolink/internal/ingestion	2.109s
ok  	git.hyhy.fun/rsplab/iolink/internal/migrate	8.981s
ok  	git.hyhy.fun/rsplab/iolink/internal/notifications	6.457s
ok  	git.hyhy.fun/rsplab/iolink/internal/operations	1.020s
ok  	git.hyhy.fun/rsplab/iolink/internal/persistence	2.148s
ok  	git.hyhy.fun/rsplab/iolink/internal/platform	1.908s
?   	git.hyhy.fun/rsplab/iolink/internal/testdb	[no test files]
?   	git.hyhy.fun/rsplab/iolink/internal/web	[no test files]
ok  	git.hyhy.fun/rsplab/iolink/internal/wechat	1.022s
?   	git.hyhy.fun/rsplab/iolink/internal/wire	[no test files]
