 Image iolinkd:local-dev Building 
#1 [internal] load local bake definitions
#1 reading from stdin 524B done
#1 DONE 0.0s

#2 [internal] load build definition from Dockerfile
#2 transferring dockerfile: 823B done
#2 DONE 0.0s

#3 [internal] load metadata for docker.io/library/golang:1.26-alpine
#3 DONE 1.9s

#4 [internal] load metadata for docker.io/library/alpine:3.20
#4 DONE 2.1s

#5 [internal] load metadata for docker.io/library/node:24-alpine
#5 DONE 3.7s

#6 [internal] load .dockerignore
#6 transferring context: 251B done
#6 DONE 0.0s

#7 [stage-2 1/4] FROM docker.io/library/alpine:3.20@sha256:d9e853e87e55526f6b2917df91a2115c36dd7c696a35be12163d44e6e2a4b6bc
#7 resolve docker.io/library/alpine:3.20@sha256:d9e853e87e55526f6b2917df91a2115c36dd7c696a35be12163d44e6e2a4b6bc 0.0s done
#7 DONE 0.0s

#8 [build 1/8] FROM docker.io/library/golang:1.26-alpine@sha256:8ac98ca534ac3f51e1f420a1dd2c15e74c75cfa0f23f3ad27eb5d7236c349a0c
#8 resolve docker.io/library/golang:1.26-alpine@sha256:8ac98ca534ac3f51e1f420a1dd2c15e74c75cfa0f23f3ad27eb5d7236c349a0c 0.0s done
#8 DONE 0.0s

#9 [frontend 1/6] FROM docker.io/library/node:24-alpine@sha256:ebfe2f90462722a7a4de65e91990e97fe0d401c70e0e762c5b53302f905ec1c1
#9 resolve docker.io/library/node:24-alpine@sha256:ebfe2f90462722a7a4de65e91990e97fe0d401c70e0e762c5b53302f905ec1c1 0.0s done
#9 ...

#10 [internal] load build context
#10 transferring context: 1.23MB 0.0s done
#10 DONE 0.1s

#11 [build 2/8] WORKDIR /src
#11 CACHED

#12 [build 3/8] COPY go.mod go.sum ./
#12 DONE 0.1s

#9 [frontend 1/6] FROM docker.io/library/node:24-alpine@sha256:ebfe2f90462722a7a4de65e91990e97fe0d401c70e0e762c5b53302f905ec1c1
#9 extracting sha256:e2de96513ba9eb53b431787ec8a65cdde380ac4772a3e4c4b714dcfde2a102b5
#9 extracting sha256:e2de96513ba9eb53b431787ec8a65cdde380ac4772a3e4c4b714dcfde2a102b5 0.1s done
#9 sha256:7ce7dcbafb7f750cf0c6be3c30e34372b06dd1182fa67f6ae30782c8150c5444 0B / 444B 0.2s
#9 sha256:02f40d53b06f6b91fec0cd6a6719656da99270bff8ee54ed8dcdf4c157763fc1 0B / 1.26MB 0.2s
#9 sha256:3c504d5a797be28f9de43147d49cd8ecb2eea46dfaf7beb8715db695d5f0a7f0 0B / 56.52MB 0.2s
#9 sha256:7ce7dcbafb7f750cf0c6be3c30e34372b06dd1182fa67f6ae30782c8150c5444 444B / 444B 0.5s done
#9 sha256:02f40d53b06f6b91fec0cd6a6719656da99270bff8ee54ed8dcdf4c157763fc1 1.05MB / 1.26MB 1.2s
#9 sha256:02f40d53b06f6b91fec0cd6a6719656da99270bff8ee54ed8dcdf4c157763fc1 1.26MB / 1.26MB 1.2s done
#9 sha256:3c504d5a797be28f9de43147d49cd8ecb2eea46dfaf7beb8715db695d5f0a7f0 3.15MB / 56.52MB 2.4s
#9 sha256:3c504d5a797be28f9de43147d49cd8ecb2eea46dfaf7beb8715db695d5f0a7f0 6.29MB / 56.52MB 3.2s
#9 sha256:3c504d5a797be28f9de43147d49cd8ecb2eea46dfaf7beb8715db695d5f0a7f0 11.53MB / 56.52MB 3.8s
#9 sha256:3c504d5a797be28f9de43147d49cd8ecb2eea46dfaf7beb8715db695d5f0a7f0 14.68MB / 56.52MB 4.5s
#9 sha256:3c504d5a797be28f9de43147d49cd8ecb2eea46dfaf7beb8715db695d5f0a7f0 18.87MB / 56.52MB 5.1s
#9 sha256:3c504d5a797be28f9de43147d49cd8ecb2eea46dfaf7beb8715db695d5f0a7f0 25.17MB / 56.52MB 5.3s
#9 sha256:3c504d5a797be28f9de43147d49cd8ecb2eea46dfaf7beb8715db695d5f0a7f0 28.31MB / 56.52MB 5.7s
#9 sha256:3c504d5a797be28f9de43147d49cd8ecb2eea46dfaf7beb8715db695d5f0a7f0 37.75MB / 56.52MB 6.2s
#9 sha256:3c504d5a797be28f9de43147d49cd8ecb2eea46dfaf7beb8715db695d5f0a7f0 40.89MB / 56.52MB 6.6s
#9 sha256:3c504d5a797be28f9de43147d49cd8ecb2eea46dfaf7beb8715db695d5f0a7f0 52.43MB / 56.52MB 7.2s
#9 sha256:3c504d5a797be28f9de43147d49cd8ecb2eea46dfaf7beb8715db695d5f0a7f0 56.52MB / 56.52MB 7.5s
#9 sha256:3c504d5a797be28f9de43147d49cd8ecb2eea46dfaf7beb8715db695d5f0a7f0 56.52MB / 56.52MB 7.6s done
#9 extracting sha256:3c504d5a797be28f9de43147d49cd8ecb2eea46dfaf7beb8715db695d5f0a7f0
#9 extracting sha256:3c504d5a797be28f9de43147d49cd8ecb2eea46dfaf7beb8715db695d5f0a7f0 0.6s done
#9 DONE 8.3s

#13 [build 4/8] RUN --mount=type=cache,target=/go/pkg/mod go mod download
#13 ...

#9 [frontend 1/6] FROM docker.io/library/node:24-alpine@sha256:ebfe2f90462722a7a4de65e91990e97fe0d401c70e0e762c5b53302f905ec1c1
#9 extracting sha256:02f40d53b06f6b91fec0cd6a6719656da99270bff8ee54ed8dcdf4c157763fc1 0.0s done
#9 extracting sha256:7ce7dcbafb7f750cf0c6be3c30e34372b06dd1182fa67f6ae30782c8150c5444 0.0s done
#9 DONE 8.4s

#14 [frontend 2/6] WORKDIR /web
#14 DONE 0.2s

#13 [build 4/8] RUN --mount=type=cache,target=/go/pkg/mod go mod download
#13 ...

#15 [frontend 3/6] COPY web/package.json web/package-lock.json ./
#15 DONE 0.0s

#16 [frontend 4/6] RUN --mount=type=cache,target=/root/.npm npm ci --no-audit --no-fund
#16 25.44 
#16 25.44 added 142 packages in 25s
#16 25.44 npm warn install-scripts 1 package has install scripts not yet covered by allowScripts:
#16 25.44 npm warn install-scripts   esbuild@0.28.2 (postinstall: node install.js)
#16 25.44 npm warn install-scripts
#16 25.44 npm warn install-scripts Run `npm install-scripts ls` to review, or `npm install-scripts approve <pkg>` to allow.
#16 25.44 npm notice
#16 25.44 npm notice New major version of npm available! 11.19.0 -> 12.2.0
#16 25.44 npm notice Changelog: https://github.com/npm/cli/releases/tag/v12.2.0
#16 25.44 npm notice To update run: npm install -g npm@12.2.0
#16 25.44 npm notice
#16 DONE 25.7s

#13 [build 4/8] RUN --mount=type=cache,target=/go/pkg/mod go mod download
#13 ...

#17 [frontend 5/6] COPY web/ ./
#17 DONE 0.1s

#18 [frontend 6/6] RUN npm run build
#18 0.352 
#18 0.352 > iolink-admin-ui@0.1.0 build
#18 0.352 > vue-tsc -b && vite build
#18 0.352 
#18 3.089 vite v7.3.6 building client environment for production...
#18 3.137 transforming...
#18 6.840 ✓ 1712 modules transformed.
#18 7.093 rendering chunks...
#18 7.391 computing gzip size...
#18 7.417 dist/index.html                                                             0.47 kB │ gzip:   0.33 kB
#18 7.417 dist/assets/ProductsView-DY-L-zJk.css                                       0.36 kB │ gzip:   0.23 kB
#18 7.417 dist/assets/TenantsView-D3yKERgd.css                                        0.43 kB │ gzip:   0.25 kB
#18 7.417 dist/assets/index-D6CmpLJq.css                                            369.56 kB │ gzip:  50.66 kB
#18 7.417 dist/assets/metrics-mFZmf0P5.js                                             0.47 kB │ gzip:   0.33 kB
#18 7.417 dist/assets/MetricGrid.vue_vue_type_script_setup_true_lang-D_0wkDBi.js      1.01 kB │ gzip:   0.61 kB
#18 7.418 dist/assets/LoginView-BQ5CKpOP.js                                           2.59 kB │ gzip:   1.53 kB
#18 7.418 dist/assets/SystemView-C18I_rlN.js                                          2.70 kB │ gzip:   1.51 kB
#18 7.418 dist/assets/AdminLayout-Bvu2I1mG.js                                         2.81 kB │ gzip:   1.49 kB
#18 7.418 dist/assets/TenantsView-DfiWjaJY.js                                         3.51 kB │ gzip:   1.75 kB
#18 7.418 dist/assets/DashboardView-BN_dunCE.js                                       4.23 kB │ gzip:   2.01 kB
#18 7.418 dist/assets/AlarmsView-tnXx90Ln.js                                          4.69 kB │ gzip:   2.15 kB
#18 7.418 dist/assets/RulesView-1_fc9ryX.js                                           4.94 kB │ gzip:   2.02 kB
#18 7.418 dist/assets/DevicesView-CQ3vTfVp.js                                         4.96 kB │ gzip:   2.30 kB
#18 7.418 dist/assets/PondsView-DXuaqDKf.js                                           5.51 kB │ gzip:   2.26 kB
#18 7.418 dist/assets/ProductsView-6DtX7W7Y.js                                        6.49 kB │ gzip:   2.52 kB
#18 7.418 dist/assets/index-hExXrPq-.js                                           1,100.70 kB │ gzip: 364.62 kB
#18 7.418 
#18 7.418 (!) Some chunks are larger than 500 kB after minification. Consider:
#18 7.418 - Using dynamic import() to code-split the application
#18 7.418 - Use build.rollupOptions.output.manualChunks to improve chunking: https://rollupjs.org/configuration-options/#output-manualchunks
#18 7.418 - Adjust chunk size limit for this warning via build.chunkSizeWarningLimit.
#18 7.418 ✓ built in 4.31s
#18 7.508 npm notice
#18 7.508 npm notice New major version of npm available! 11.19.0 -> 12.2.0
#18 7.508 npm notice Changelog: https://github.com/npm/cli/releases/tag/v12.2.0
#18 7.508 npm notice To update run: npm install -g npm@12.2.0
#18 7.508 npm notice
#18 DONE 7.7s

#13 [build 4/8] RUN --mount=type=cache,target=/go/pkg/mod go mod download
#13 DONE 42.9s

#19 [build 5/8] COPY . .
#19 DONE 0.1s

#20 [build 6/8] COPY --from=frontend /web/dist ./web/dist
#20 DONE 0.0s

#21 [build 7/8] RUN sh scripts/embed-frontend.sh
#21 DONE 0.2s

#22 [build 8/8] RUN --mount=type=cache,target=/go/pkg/mod --mount=type=cache,target=/root/.cache/go-build CGO_ENABLED=0 go build -ldflags="-s -w" -o /out/iolinkd ./cmd/iolinkd
#22 DONE 9.2s

#23 [stage-2 2/4] RUN apk add --no-cache ca-certificates tzdata wget
#23 CACHED

#24 [stage-2 3/4] WORKDIR /app
#24 CACHED

#25 [stage-2 4/4] COPY --from=build /out/iolinkd /app/iolinkd
#25 DONE 0.1s

#26 exporting to image
#26 exporting layers
#26 exporting layers 0.8s done
#26 exporting manifest sha256:bcd66c7212b934ca798b37469ef14cb8966a7675c5f237571b7d7cab11b31602 0.0s done
#26 exporting config sha256:0cd9bcd576fe419a2b7a2c1e6d1fe9af45d745c8c019220b637535e349b13fc5 0.0s done
#26 exporting attestation manifest sha256:14a48a03605a0a1db94e90e736a37c5b75eeabc5bd95265472cde02d962e877c 0.0s done
#26 exporting manifest list sha256:a3ca501baab1bb3cc190a4f0066ba953de25ac1937abb3bd8fff0ca1a6e12e35 0.0s done
#26 naming to docker.io/library/iolinkd:local-dev done
#26 unpacking to docker.io/library/iolinkd:local-dev 0.1s done
#26 DONE 0.9s

#27 resolving provenance for metadata file
#27 DONE 0.0s
 Image iolinkd:local-dev Built 
